0 verbose cli D:\nodeJs\node.exe D:\nodeJs\node_modules\npm\bin\npm-cli.js
1 info using npm@11.6.2
2 info using node@v24.13.0
3 silly config load:file:D:\nodeJs\node_modules\npm\npmrc
4 silly config load:file:D:\PROJECTS\QuickDevis\.npmrc
5 silly config load:file:C:\Users\yanni\.npmrc
6 silly config load:file:C:\Users\yanni\AppData\Roaming\npm\etc\npmrc
7 verbose title npm install @react-navigation/native @react-navigation/native-stack date-fns
8 verbose argv "install" "@react-navigation/native" "@react-navigation/native-stack" "date-fns"
9 verbose logfile logs-max:10 dir:D:\PROJECTS\QuickDevis\.cache\npm\_logs\2026-09-03T12_10_22_244Z-
10 verbose logfile D:\PROJECTS\QuickDevis\.cache\npm\_logs\2026-09-03T12_10_22_244Z-debug-0.log
11 silly logfile start cleaning logs, removing 1 files
12 silly packumentCache heap:4496293888 maxSize:1124073472 maxEntrySize:562036736
13 silly logfile done cleaning log files
14 silly idealTree buildDeps
15 silly fetch manifest @react-navigation/native@*
16 silly packumentCache full:https://registry.npmjs.org/@react-navigation%2fnative cache-miss
17 http fetch GET 200 https://registry.npmjs.org/@react-navigation%2fnative 1444ms (cache miss)
18 silly packumentCache full:https://registry.npmjs.org/@react-navigation%2fnative set size:undefined disposed:false
19 silly fetch manifest react@19.2.3
20 silly packumentCache full:https://registry.npmjs.org/react cache-miss
21 http cache https://registry.npmjs.org/react 46ms (cache hit)
22 silly packumentCache full:https://registry.npmjs.org/react set size:6941508 disposed:false
23 silly fetch manifest react-native@0.86.3
24 silly packumentCache full:https://registry.npmjs.org/react-native cache-miss
25 http cache https://registry.npmjs.org/react-native 82ms (cache hit)
26 silly packumentCache full:https://registry.npmjs.org/react-native set size:15761994 disposed:false
27 silly fetch manifest @react-native/jest-preset@0.86.3
28 silly packumentCache full:https://registry.npmjs.org/@react-native%2fjest-preset cache-miss
29 http cache https://registry.npmjs.org/@react-native%2fjest-preset 17ms (cache hit)
30 silly packumentCache full:https://registry.npmjs.org/@react-native%2fjest-preset set size:396555 disposed:false
31 silly fetch manifest @types/react@^19.1.1
32 silly packumentCache full:https://registry.npmjs.org/@types%2freact cache-miss
33 http cache https://registry.npmjs.org/@types%2freact 27ms (cache hit)
34 silly packumentCache full:https://registry.npmjs.org/@types%2freact set size:2637439 disposed:false
35 silly fetch manifest @react-navigation/native-stack@*
36 silly packumentCache full:https://registry.npmjs.org/@react-navigation%2fnative-stack cache-miss
37 http fetch GET 200 https://registry.npmjs.org/@react-navigation%2fnative-stack 459ms (cache miss)
38 silly packumentCache full:https://registry.npmjs.org/@react-navigation%2fnative-stack set size:undefined disposed:false
39 silly fetch manifest react-native-safe-area-context@~5.7.0
40 silly packumentCache full:https://registry.npmjs.org/react-native-safe-area-context cache-miss
41 http cache https://registry.npmjs.org/react-native-safe-area-context 24ms (cache hit)
42 silly packumentCache full:https://registry.npmjs.org/react-native-safe-area-context set size:682709 disposed:false
43 silly fetch manifest react-native-screens@~4.26.0
44 silly packumentCache full:https://registry.npmjs.org/react-native-screens cache-miss
45 http cache https://registry.npmjs.org/react-native-screens 21ms (cache hit)
46 silly packumentCache full:https://registry.npmjs.org/react-native-screens set size:4517786 disposed:false
47 silly fetch manifest date-fns@*
48 silly packumentCache full:https://registry.npmjs.org/date-fns cache-miss
49 http fetch GET 200 https://registry.npmjs.org/date-fns 804ms (cache miss)
50 silly packumentCache full:https://registry.npmjs.org/date-fns set size:undefined disposed:false
51 silly placeDep ROOT @react-navigation/native@7.3.18 OK for: quickdevis@1.0.0 want: *
52 silly placeDep ROOT @react-navigation/native-stack@7.18.10 OK for: quickdevis@1.0.0 want: *
53 silly placeDep ROOT date-fns@4.4.0 OK for: quickdevis@1.0.0 want: *
54 silly fetch manifest fast-deep-equal@^3.1.3
55 silly packumentCache full:https://registry.npmjs.org/fast-deep-equal cache-miss
56 silly fetch manifest standard-navigation@^0.0.8
57 silly packumentCache full:https://registry.npmjs.org/standard-navigation cache-miss
58 silly fetch manifest use-latest-callback@^0.2.4
59 silly packumentCache full:https://registry.npmjs.org/use-latest-callback cache-miss
60 http fetch GET 200 https://registry.npmjs.org/fast-deep-equal 150ms (cache miss)
61 silly packumentCache full:https://registry.npmjs.org/fast-deep-equal set size:undefined disposed:false
62 silly fetch manifest @react-navigation/core@^7.21.13
63 silly packumentCache full:https://registry.npmjs.org/@react-navigation%2fcore cache-miss
64 http fetch GET 200 https://registry.npmjs.org/standard-navigation 506ms (cache miss)
65 silly packumentCache full:https://registry.npmjs.org/standard-navigation set size:undefined disposed:false
66 silly fetch manifest color@^4.2.3
67 silly packumentCache full:https://registry.npmjs.org/color cache-miss
68 http fetch GET 200 https://registry.npmjs.org/color 211ms (cache miss)
69 silly packumentCache full:https://registry.npmjs.org/color set size:undefined disposed:false
70 silly fetch manifest sf-symbols-typescript@^2.1.0
71 silly packumentCache full:https://registry.npmjs.org/sf-symbols-typescript cache-miss
72 http fetch GET 200 https://registry.npmjs.org/use-latest-callback 724ms (cache miss)
73 silly packumentCache full:https://registry.npmjs.org/use-latest-callback set size:undefined disposed:false
74 silly fetch manifest @react-navigation/elements@^2.9.40
75 silly packumentCache full:https://registry.npmjs.org/@react-navigation%2felements cache-miss
76 http fetch GET 200 https://registry.npmjs.org/@react-navigation%2fcore 624ms (cache miss)
77 silly packumentCache full:https://registry.npmjs.org/@react-navigation%2fcore set size:undefined disposed:false
78 http fetch GET 200 https://registry.npmjs.org/sf-symbols-typescript 409ms (cache miss)
79 silly packumentCache full:https://registry.npmjs.org/sf-symbols-typescript set size:undefined disposed:false
80 http fetch GET 200 https://registry.npmjs.org/@react-navigation%2felements 511ms (cache miss)
81 silly packumentCache full:https://registry.npmjs.org/@react-navigation%2felements set size:undefined disposed:false
82 silly fetch manifest react@>= 18.2.0
83 silly packumentCache full:https://registry.npmjs.org/react cache-miss
84 http cache https://registry.npmjs.org/react 35ms (cache hit)
85 silly packumentCache full:https://registry.npmjs.org/react set size:6941508 disposed:false
86 silly placeDep ROOT @react-navigation/core@7.21.13 OK for: @react-navigation/native@7.3.18 want: ^7.21.13
87 silly placeDep ROOT fast-deep-equal@3.1.3 OK for: @react-navigation/native@7.3.18 want: ^3.1.3
88 silly placeDep ROOT standard-navigation@0.0.8 OK for: @react-navigation/native@7.3.18 want: ^0.0.8
89 silly placeDep ROOT use-latest-callback@0.2.6 OK for: @react-navigation/native@7.3.18 want: ^0.2.4
90 silly fetch manifest react-is@^19.1.0
91 silly packumentCache full:https://registry.npmjs.org/react-is cache-miss
92 silly fetch manifest query-string@^7.1.3
93 silly packumentCache full:https://registry.npmjs.org/query-string cache-miss
94 silly fetch manifest use-sync-external-store@^1.5.0
95 silly packumentCache full:https://registry.npmjs.org/use-sync-external-store cache-miss
96 http fetch GET 200 https://registry.npmjs.org/react-is 264ms (cache revalidated)
97 silly packumentCache full:https://registry.npmjs.org/react-is set size:5617702 disposed:false
98 silly fetch manifest @react-navigation/routers@^7.6.4
99 silly packumentCache full:https://registry.npmjs.org/@react-navigation%2frouters cache-miss
100 http fetch GET 200 https://registry.npmjs.org/query-string 345ms (cache miss)
101 silly packumentCache full:https://registry.npmjs.org/query-string set size:undefined disposed:false
102 http fetch GET 200 https://registry.npmjs.org/use-sync-external-store 960ms (cache miss)
103 silly packumentCache full:https://registry.npmjs.org/use-sync-external-store set size:undefined disposed:false
104 http fetch GET 200 https://registry.npmjs.org/@react-navigation%2frouters 895ms (cache miss)
105 silly packumentCache full:https://registry.npmjs.org/@react-navigation%2frouters set size:undefined disposed:false
106 silly placeDep ROOT @react-navigation/routers@7.6.4 OK for: @react-navigation/core@7.21.13 want: ^7.6.4
107 silly placeDep ROOT query-string@7.1.3 OK for: @react-navigation/core@7.21.13 want: ^7.1.3
108 silly placeDep node_modules/@react-navigation/core react-is@19.2.8 OK for: @react-navigation/core@7.21.13 want: ^19.1.0
109 silly placeDep ROOT use-sync-external-store@1.6.0 OK for: @react-navigation/core@7.21.13 want: ^1.5.0
110 silly fetch manifest filter-obj@^1.1.0
111 silly packumentCache full:https://registry.npmjs.org/filter-obj cache-miss
112 silly fetch manifest split-on-first@^1.0.0
113 silly packumentCache full:https://registry.npmjs.org/split-on-first cache-miss
114 silly fetch manifest strict-uri-encode@^2.0.0
115 silly packumentCache full:https://registry.npmjs.org/strict-uri-encode cache-miss
116 http fetch GET 200 https://registry.npmjs.org/filter-obj 140ms (cache miss)
117 silly packumentCache full:https://registry.npmjs.org/filter-obj set size:undefined disposed:false
118 silly fetch manifest decode-uri-component@^0.2.2
119 silly packumentCache full:https://registry.npmjs.org/decode-uri-component cache-miss
120 http fetch GET 200 https://registry.npmjs.org/decode-uri-component 152ms (cache miss)
121 silly packumentCache full:https://registry.npmjs.org/decode-uri-component set size:undefined disposed:false
122 http fetch GET 200 https://registry.npmjs.org/split-on-first 321ms (cache miss)
123 silly packumentCache full:https://registry.npmjs.org/split-on-first set size:undefined disposed:false
124 http fetch GET 200 https://registry.npmjs.org/strict-uri-encode 335ms (cache miss)
125 silly packumentCache full:https://registry.npmjs.org/strict-uri-encode set size:undefined disposed:false
126 silly fetch manifest @react-native-masked-view/masked-view@>= 0.2.0
127 silly packumentCache full:https://registry.npmjs.org/@react-native-masked-view%2fmasked-view cache-miss
128 http fetch GET 200 https://registry.npmjs.org/@react-native-masked-view%2fmasked-view 240ms (cache miss)
129 silly packumentCache full:https://registry.npmjs.org/@react-native-masked-view%2fmasked-view set size:undefined disposed:false
130 silly fetch manifest react-native@*
131 silly packumentCache full:https://registry.npmjs.org/react-native cache-miss
132 http cache https://registry.npmjs.org/react-native 71ms (cache hit)
133 silly packumentCache full:https://registry.npmjs.org/react-native set size:15761994 disposed:false
134 silly fetch manifest @react-navigation/native@^7.3.18
135 silly packumentCache full:https://registry.npmjs.org/@react-navigation%2fnative cache-miss
136 http cache https://registry.npmjs.org/@react-navigation%2fnative 41ms (cache hit)
137 silly packumentCache full:https://registry.npmjs.org/@react-navigation%2fnative set size:1234667 disposed:false
138 silly fetch manifest react-native-safe-area-context@>= 4.0.0
139 silly packumentCache full:https://registry.npmjs.org/react-native-safe-area-context cache-hit
140 silly placeDep ROOT @react-navigation/elements@2.9.40 OK for: @react-navigation/native-stack@7.18.10 want: ^2.9.40
141 silly placeDep ROOT color@4.2.3 OK for: @react-navigation/native-stack@7.18.10 want: ^4.2.3
142 silly placeDep ROOT sf-symbols-typescript@2.2.0 OK for: @react-navigation/native-stack@7.18.10 want: ^2.1.0
143 silly fetch manifest color-string@^1.9.0
144 silly packumentCache full:https://registry.npmjs.org/color-string cache-miss
145 http fetch GET 200 https://registry.npmjs.org/color-string 180ms (cache miss)
146 silly packumentCache full:https://registry.npmjs.org/color-string set size:undefined disposed:false
147 silly placeDep ROOT color-string@1.9.1 OK for: color@4.2.3 want: ^1.9.0
148 silly fetch manifest simple-swizzle@^0.2.2
149 silly packumentCache full:https://registry.npmjs.org/simple-swizzle cache-miss
150 http fetch GET 200 https://registry.npmjs.org/simple-swizzle 143ms (cache miss)
151 silly packumentCache full:https://registry.npmjs.org/simple-swizzle set size:undefined disposed:false
152 silly placeDep ROOT simple-swizzle@0.2.4 OK for: color-string@1.9.1 want: ^0.2.2
153 silly fetch manifest is-arrayish@^0.3.1
154 silly packumentCache full:https://registry.npmjs.org/is-arrayish cache-miss
155 http fetch GET 200 https://registry.npmjs.org/is-arrayish 178ms (cache miss)
156 silly packumentCache full:https://registry.npmjs.org/is-arrayish set size:undefined disposed:false
157 silly placeDep ROOT decode-uri-component@0.2.2 OK for: query-string@7.1.3 want: ^0.2.2
158 silly placeDep ROOT filter-obj@1.1.0 OK for: query-string@7.1.3 want: ^1.1.0
159 silly placeDep ROOT split-on-first@1.1.0 OK for: query-string@7.1.3 want: ^1.0.0
160 silly placeDep ROOT strict-uri-encode@2.0.0 OK for: query-string@7.1.3 want: ^2.0.0
161 silly placeDep ROOT is-arrayish@0.3.4 OK for: simple-swizzle@0.2.4 want: ^0.3.1
162 silly reify moves {}
163 silly audit bulk request {
163 silly audit   '@babel/code-frame': [ '7.29.7' ],
163 silly audit   '@babel/compat-data': [ '7.29.7' ],
163 silly audit   '@babel/core': [ '7.29.7' ],
163 silly audit   semver: [ '6.3.1', '7.8.5' ],
163 silly audit   '@babel/generator': [ '7.29.8' ],
163 silly audit   '@babel/helper-annotate-as-pure': [ '7.29.7' ],
163 silly audit   '@babel/helper-compilation-targets': [ '7.29.7' ],
163 silly audit   '@babel/helper-create-class-features-plugin': [ '7.29.7' ],
163 silly audit   '@babel/helper-create-regexp-features-plugin': [ '7.29.7' ],
163 silly audit   '@babel/helper-define-polyfill-provider': [ '0.6.8' ],
163 silly audit   '@babel/helper-globals': [ '7.29.7' ],
163 silly audit   '@babel/helper-member-expression-to-functions': [ '7.29.7' ],
163 silly audit   '@babel/helper-module-imports': [ '7.29.7' ],
163 silly audit   '@babel/helper-module-transforms': [ '7.29.7' ],
163 silly audit   '@babel/helper-optimise-call-expression': [ '7.29.7' ],
163 silly audit   '@babel/helper-plugin-utils': [ '7.29.7' ],
163 silly audit   '@babel/helper-remap-async-to-generator': [ '7.29.7' ],
163 silly audit   '@babel/helper-replace-supers': [ '7.29.7' ],
163 silly audit   '@babel/helper-skip-transparent-expression-wrappers': [ '7.29.7' ],
163 silly audit   '@babel/helper-string-parser': [ '7.29.7' ],
163 silly audit   '@babel/helper-validator-identifier': [ '7.29.7' ],
163 silly audit   '@babel/helper-validator-option': [ '7.29.7' ],
163 silly audit   '@babel/helper-wrap-function': [ '7.29.7' ],
163 silly audit   '@babel/helpers': [ '7.29.7' ],
163 silly audit   '@babel/parser': [ '7.29.8' ],
163 silly audit   '@babel/plugin-proposal-decorators': [ '7.29.7' ],
163 silly audit   '@babel/plugin-proposal-export-default-from': [ '7.29.7' ],
163 silly audit   '@babel/plugin-syntax-decorators': [ '7.29.7' ],
163 silly audit   '@babel/plugin-syntax-dynamic-import': [ '7.8.3' ],
163 silly audit   '@babel/plugin-syntax-export-default-from': [ '7.29.7' ],
163 silly audit   '@babel/plugin-syntax-flow': [ '7.29.7' ],
163 silly audit   '@babel/plugin-syntax-jsx': [ '7.29.7' ],
163 silly audit   '@babel/plugin-syntax-nullish-coalescing-operator': [ '7.8.3' ],
163 silly audit   '@babel/plugin-syntax-optional-chaining': [ '7.8.3' ],
163 silly audit   '@babel/plugin-syntax-typescript': [ '7.29.7' ],
163 silly audit   '@babel/plugin-transform-async-generator-functions': [ '7.29.7' ],
163 silly audit   '@babel/plugin-transform-async-to-generator': [ '7.29.7' ],
163 silly audit   '@babel/plugin-transform-block-scoping': [ '7.29.7' ],
163 silly audit   '@babel/plugin-transform-class-properties': [ '7.29.7' ],
163 silly audit   '@babel/plugin-transform-class-static-block': [ '7.29.7' ],
163 silly audit   '@babel/plugin-transform-classes': [ '7.29.7' ],
163 silly audit   '@babel/plugin-transform-destructuring': [ '7.29.7' ],
163 silly audit   '@babel/plugin-transform-export-namespace-from': [ '7.29.7' ],
163 silly audit   '@babel/plugin-transform-flow-strip-types': [ '7.29.7' ],
163 silly audit   '@babel/plugin-transform-for-of': [ '7.29.7' ],
163 silly audit   '@babel/plugin-transform-logical-assignment-operators': [ '7.29.7' ],
163 silly audit   '@babel/plugin-transform-modules-commonjs': [ '7.29.7' ],
163 silly audit   '@babel/plugin-transform-named-capturing-groups-regex': [ '7.29.7' ],
163 silly audit   '@babel/plugin-transform-nullish-coalescing-operator': [ '7.29.7' ],
163 silly audit   '@babel/plugin-transform-object-rest-spread': [ '7.29.7' ],
163 silly audit   '@babel/plugin-transform-optional-catch-binding': [ '7.29.7' ],
163 silly audit   '@babel/plugin-transform-optional-chaining': [ '7.29.7' ],
163 silly audit   '@babel/plugin-transform-parameters': [ '7.29.7' ],
163 silly audit   '@babel/plugin-transform-private-methods': [ '7.29.7' ],
163 silly audit   '@babel/plugin-transform-private-property-in-object': [ '7.29.7' ],
163 silly audit   '@babel/plugin-transform-react-display-name': [ '7.29.7' ],
163 silly audit   '@babel/plugin-transform-react-jsx': [ '7.29.7' ],
163 silly audit   '@babel/plugin-transform-react-jsx-development': [ '7.29.7' ],
163 silly audit   '@babel/plugin-transform-react-pure-annotations': [ '7.29.7' ],
163 silly audit   '@babel/plugin-transform-runtime': [ '7.29.7' ],
163 silly audit   '@babel/plugin-transform-typescript': [ '7.29.7' ],
163 silly audit   '@babel/plugin-transform-unicode-regex': [ '7.29.7' ],
163 silly audit   '@babel/preset-typescript': [ '7.29.7' ],
163 silly audit   '@babel/runtime': [ '7.29.7' ],
163 silly audit   '@babel/template': [ '7.29.7' ],
163 silly audit   '@babel/traverse': [ '7.29.8' ],
163 silly audit   '@babel/types': [ '7.29.8' ],
163 silly audit   '@expo/code-signing-certificates': [ '0.0.6' ],
163 silly audit   '@expo/config': [ '57.0.9' ],
163 silly audit   '@expo/config-plugins': [ '57.0.9' ],
163 silly audit   '@expo/config-types': [ '57.0.2' ],
163 silly audit   '@expo/devcert': [ '1.2.1' ],
163 silly audit   debug: [ '3.2.7', '2.6.9', '4.4.3' ],
163 silly audit   '@expo/devtools': [ '57.0.1' ],
163 silly audit   '@expo/env': [ '2.4.3' ],
163 silly audit   '@expo/expo-modules-macros-plugin': [ '0.6.1' ],
163 silly audit   '@expo/fingerprint': [ '0.20.12' ],
163 silly audit   '@expo/image-utils': [ '0.11.5' ],
163 silly audit   '@expo/inline-modules': [ '0.1.7' ],
163 silly audit   '@expo/json-file': [ '11.0.1' ],
163 silly audit   '@expo/local-build-cache-provider': [ '57.0.8' ],
163 silly audit   '@expo/metro': [ '56.0.2' ],
163 silly audit   '@expo/metro-file-map': [ '57.0.2' ],
163 silly audit   '@expo/osascript': [ '2.7.1' ],
163 silly audit   '@expo/package-manager': [ '1.13.1' ],
163 silly audit   '@expo/plist': [ '0.8.1' ],
163 silly audit   '@expo/prebuild-config': [ '57.0.15' ],
163 silly audit   '@expo/require-utils': [ '57.0.5' ],
163 silly audit   '@expo/schema-utils': [ '57.0.2' ],
163 silly audit   '@expo/sdk-runtime-versions': [ '1.0.0' ],
163 silly audit   '@expo/spawn-async': [ '1.8.0' ],
163 silly audit   '@expo/sudo-prompt': [ '9.3.2' ],
163 silly audit   '@expo/xcpretty': [ '4.4.4' ],
163 silly audit   '@isaacs/ttlcache': [ '1.4.1' ],
163 silly audit   '@jest/schemas': [ '29.6.3' ],
163 silly audit   '@jest/types': [ '29.6.3' ],
163 silly audit   '@jridgewell/gen-mapping': [ '0.3.13' ],
163 silly audit   '@jridgewell/remapping': [ '2.3.5' ],
163 silly audit   '@jridgewell/resolve-uri': [ '3.1.2' ],
163 silly audit   '@jridgewell/source-map': [ '0.3.11' ],
163 silly audit   '@jridgewell/sourcemap-codec': [ '1.6.0' ],
163 silly audit   '@jridgewell/trace-mapping': [ '0.3.31' ],
163 silly audit   '@react-native/assets-registry': [ '0.86.3' ],
163 silly audit   '@react-native/babel-plugin-codegen': [ '0.86.3' ],
163 silly audit   '@react-native/codegen': [ '0.86.3' ],
163 silly audit   'hermes-estree': [ '0.36.0', '0.36.1', '0.35.0' ],
163 silly audit   'hermes-parser': [ '0.36.0', '0.36.1', '0.35.0' ],
163 silly audit   '@react-native/community-cli-plugin': [ '0.86.3' ],
163 silly audit   '@react-native/debugger-frontend': [ '0.86.3' ],
163 silly audit   '@react-native/debugger-shell': [ '0.86.3' ],
163 silly audit   '@react-native/dev-middleware': [ '0.86.3' ],
163 silly audit   '@react-native/gradle-plugin': [ '0.86.3' ],
163 silly audit   '@react-native/js-polyfills': [ '0.86.3' ],
163 silly audit   '@react-native/normalize-colors': [ '0.86.3' ],
163 silly audit   '@react-native/virtualized-lists': [ '0.86.3' ],
163 silly audit   '@sinclair/typebox': [ '0.27.12' ],
163 silly audit   '@types/istanbul-lib-coverage': [ '2.0.6' ],
163 silly audit   '@types/istanbul-lib-report': [ '3.0.3' ],
163 silly audit   '@types/istanbul-reports': [ '3.0.4' ],
163 silly audit   '@types/node': [ '26.4.1' ],
163 silly audit   '@types/yargs': [ '17.0.35' ],
163 silly audit   '@types/yargs-parser': [ '21.0.3' ],
163 silly audit   '@ungap/structured-clone': [ '1.4.0' ],
163 silly audit   '@xmldom/xmldom': [ '0.8.15', '0.9.12' ],
163 silly audit   'abort-controller': [ '3.0.0' ],
163 silly audit   accepts: [ '2.0.0', '1.3.8' ],
163 silly audit   acorn: [ '8.18.0' ],
163 silly audit   'agent-base': [ '7.1.4' ],
163 silly audit   'agent-cli-detector': [ '0.1.7' ],
163 silly audit   anser: [ '1.4.10' ],
163 silly audit   'ansi-escapes': [ '4.3.2' ],
163 silly audit   'type-fest': [ '0.21.3', '0.7.1' ],
163 silly audit   'ansi-regex': [ '5.0.1', '4.1.1' ],
163 silly audit   'ansi-styles': [ '4.3.0', '3.2.1', '5.2.0' ],
163 silly audit   arg: [ '5.0.2' ],
163 silly audit   argparse: [ '2.0.1' ],
163 silly audit   asap: [ '2.0.6' ],
163 silly audit   'await-lock': [ '2.2.2' ],
163 silly audit   'babel-plugin-polyfill-corejs2': [ '0.4.17' ],
163 silly audit   'babel-plugin-polyfill-corejs3': [ '0.13.0' ],
163 silly audit   'babel-plugin-polyfill-regenerator': [ '0.6.8' ],
163 silly audit   'babel-plugin-react-compiler': [ '1.0.0' ],
163 silly audit   'babel-plugin-react-native-web': [ '0.21.2' ],
163 silly audit   'babel-plugin-syntax-hermes-parser': [ '0.36.0' ],
163 silly audit   'babel-plugin-transform-flow-enums': [ '0.0.2' ],
163 silly audit   'balanced-match': [ '4.0.4' ],
163 silly audit   'base64-js': [ '1.5.1' ],
163 silly audit   'baseline-browser-mapping': [ '2.11.20' ],
163 silly audit   'big-integer': [ '1.6.52' ],
163 silly audit   'bplist-creator': [ '0.1.0' ],
163 silly audit   'bplist-parser': [ '0.3.1' ],
163 silly audit   'brace-expansion': [ '5.0.9' ],
163 silly audit   braces: [ '3.0.3' ],
163 silly audit   browserslist: [ '4.28.8' ],
163 silly audit   bser: [ '2.1.1' ],
163 silly audit   'buffer-from': [ '1.1.2' ],
163 silly audit   bytes: [ '3.1.2' ],
163 silly audit   camelcase: [ '6.3.0' ],
163 silly audit   'caniuse-lite': [ '1.0.30001810' ],
163 silly audit   chalk: [ '4.1.2', '2.4.2' ],
163 silly audit   'chrome-launcher': [ '0.15.2' ],
163 silly audit   'chromium-edge-launcher': [ '0.3.0' ],
163 silly audit   'ci-info': [ '2.0.0', '3.9.0' ],
163 silly audit   'cli-cursor': [ '2.1.0' ],
163 silly audit   'cli-spinners': [ '2.9.2' ],
163 silly audit   cliui: [ '8.0.1' ],
163 silly audit   clone: [ '1.0.4' ],
163 silly audit   'color-convert': [ '2.0.1', '1.9.3' ],
163 silly audit   'color-name': [ '1.1.4', '1.1.3' ],
163 silly audit   commander: [ '7.2.0', '12.1.0', '2.20.3' ],
163 silly audit   compressible: [ '2.0.18' ],
163 silly audit   compression: [ '1.8.1' ],
163 silly audit   ms: [ '2.0.0', '2.1.3' ],
163 silly audit   negotiator: [ '0.6.4', '0.6.3', '1.1.0' ],
163 silly audit   connect: [ '3.7.0' ],
163 silly audit   'content-type': [ '2.1.0' ],
163 silly audit   'convert-source-map': [ '2.0.0' ],
163 silly audit   'core-js-compat': [ '3.50.0' ],
163 silly audit   'cross-spawn': [ '7.0.6' ],
163 silly audit   deepmerge: [ '4.3.1' ],
163 silly audit   defaults: [ '1.0.4' ],
163 silly audit   depd: [ '2.0.0' ],
163 silly audit   destroy: [ '1.2.0' ],
163 silly audit   'detect-libc': [ '2.1.2' ],
163 silly audit   'dnssd-advertise': [ '1.1.6' ],
163 silly audit   'ee-first': [ '1.1.1' ],
163 silly audit   'electron-to-chromium': [ '1.5.420' ],
163 silly audit   'emoji-regex': [ '8.0.0' ],
163 silly audit   encodeurl: [ '1.0.2', '2.0.0' ],
163 silly audit   'error-stack-parser': [ '2.1.4' ],
163 silly audit   'es-errors': [ '1.3.0' ],
163 silly audit   escalade: [ '3.2.0' ],
163 silly audit   'escape-html': [ '1.0.3' ],
163 silly audit   'escape-string-regexp': [ '4.0.0', '1.0.5' ],
163 silly audit   etag: [ '1.8.1' ],
163 silly audit   'event-target-shim': [ '5.0.1' ],
163 silly audit   expo: [ '57.0.19' ],
163 silly audit   'expo-file-system': [ '57.0.6' ],
163 silly audit   'expo-modules-autolinking': [ '57.0.12' ],
163 silly audit   'expo-modules-core': [ '57.0.15' ],
163 silly audit   'expo-modules-jsi': [ '57.0.7' ],
163 silly audit   'expo-print': [ '57.0.1' ],
163 silly audit   'expo-server': [ '57.0.3' ],
163 silly audit   'expo-sharing': [ '57.0.17' ],
163 silly audit   'expo-sqlite': [ '57.0.2' ],
163 silly audit   'expo-status-bar': [ '57.0.1' ],
163 silly audit   '@expo/cli': [ '57.0.21' ],
163 silly audit   '@expo/router-server': [ '57.0.9' ],
163 silly audit   '@expo/dom-webview': [ '57.0.1' ],
163 silly audit   '@expo/log-box': [ '57.0.4' ],
163 silly audit   '@expo/metro-config': [ '57.0.12' ],
163 silly audit   '@expo/ws-tunnel': [ '2.0.0' ],
163 silly audit   'babel-preset-expo': [ '57.0.10' ],
163 silly audit   'expo-asset': [ '57.0.16' ],
163 silly audit   'expo-constants': [ '57.0.17' ],
163 silly audit   'expo-font': [ '57.0.3' ],
163 silly audit   'expo-keep-awake': [ '57.0.1' ],
163 silly audit   'mime-db': [ '1.52.0', '1.54.0' ],
163 silly audit   'mime-types': [ '2.1.35', '3.0.2' ],
163 silly audit   picomatch: [ '4.0.7', '2.3.2' ],
163 silly audit   ws: [ '8.21.3', '7.5.13' ],
163 silly audit   'exponential-backoff': [ '3.1.3' ],
163 silly audit   'fb-dotslash': [ '0.5.8' ],
163 silly audit   'fb-watchman': [ '2.0.2' ],
163 silly audit   'fetch-nodeshim': [ '0.4.10' ],
163 silly audit   'fill-range': [ '7.1.1' ],
163 silly audit   finalhandler: [ '1.1.2' ],
163 silly audit   'flow-enums-runtime': [ '0.0.6' ],
163 silly audit   fontfaceobserver: [ '2.3.0' ],
163 silly audit   fresh: [ '0.5.2' ],
163 silly audit   'function-bind': [ '1.1.2' ],
163 silly audit   gensync: [ '1.0.0-beta.2' ],
163 silly audit   'get-caller-file': [ '2.0.5' ],
163 silly audit   getenv: [ '2.0.0' ],
163 silly audit   glob: [ '13.0.6' ],
163 silly audit   'graceful-fs': [ '4.2.11' ],
163 silly audit   'has-flag': [ '4.0.0', '3.0.0' ],
163 silly audit   hasown: [ '2.0.4' ],
163 silly audit   'hermes-compiler': [ '250829098.0.17' ],
163 silly audit   'hosted-git-info': [ '7.0.2' ],
163 silly audit   'lru-cache': [ '10.4.3', '5.1.1', '11.5.2' ],
163 silly audit   'http-errors': [ '2.0.1' ],
163 silly audit   statuses: [ '2.0.2', '1.5.0' ],
163 silly audit   'https-proxy-agent': [ '7.0.6' ],
163 silly audit   ignore: [ '5.3.2' ],
163 silly audit   inherits: [ '2.0.4' ],
163 silly audit   invariant: [ '2.2.4' ],
163 silly audit   'is-core-module': [ '2.16.2' ],
163 silly audit   'is-docker': [ '2.2.1' ],
163 silly audit   'is-fullwidth-code-point': [ '3.0.0' ],
163 silly audit   'is-number': [ '7.0.0' ],
163 silly audit   'is-wsl': [ '2.2.0' ],
163 silly audit   isexe: [ '2.0.0' ],
163 silly audit   'jest-get-type': [ '29.6.3' ],
163 silly audit   'jest-util': [ '29.7.0' ],
163 silly audit   'jest-validate': [ '29.7.0' ],
163 silly audit   'jest-worker': [ '29.7.0' ],
163 silly audit   'supports-color': [ '8.1.1', '5.5.0', '7.2.0' ],
163 silly audit   'jimp-compact': [ '0.16.1' ],
163 silly audit   'js-tokens': [ '4.0.0' ],
163 silly audit   'js-yaml': [ '4.3.2' ],
163 silly audit   'jsc-safe-url': [ '0.2.4' ],
163 silly audit   jsesc: [ '3.1.0' ],
163 silly audit   json5: [ '2.2.3' ],
163 silly audit   kleur: [ '3.0.3' ],
163 silly audit   'lan-network': [ '0.2.1' ],
163 silly audit   leven: [ '3.1.0' ],
163 silly audit   'lighthouse-logger': [ '1.4.2' ],
163 silly audit   lightningcss: [ '1.33.0' ],
163 silly audit   'lightningcss-android-arm64': [ '1.33.0' ],
163 silly audit   'lightningcss-darwin-arm64': [ '1.33.0' ],
163 silly audit   'lightningcss-darwin-x64': [ '1.33.0' ],
163 silly audit   'lightningcss-freebsd-x64': [ '1.33.0' ],
163 silly audit   'lightningcss-linux-arm-gnueabihf': [ '1.33.0' ],
163 silly audit   'lightningcss-linux-arm64-gnu': [ '1.33.0' ],
163 silly audit   'lightningcss-linux-arm64-musl': [ '1.33.0' ],
163 silly audit   'lightningcss-linux-x64-gnu': [ '1.33.0' ],
163 silly audit   'lightningcss-linux-x64-musl': [ '1.33.0' ],
163 silly audit   'lightningcss-win32-arm64-msvc': [ '1.33.0' ],
163 silly audit   'lightningcss-win32-x64-msvc': [ '1.33.0' ],
163 silly audit   'lodash.debounce': [ '4.0.8' ],
163 silly audit   'lodash.throttle': [ '4.1.1' ],
163 silly audit   'log-symbols': [ '2.2.0' ],
163 silly audit   'loose-envify': [ '1.4.0' ],
163 silly audit   makeerror: [ '1.0.12' ],
163 silly audit   marky: [ '1.3.0' ],
163 silly audit   'memoize-one': [ '5.2.1' ],
163 silly audit   'merge-stream': [ '2.0.0' ],
163 silly audit   metro: [ '0.84.5' ],
163 silly audit   'metro-babel-transformer': [ '0.84.5' ],
163 silly audit   'metro-cache': [ '0.84.5' ],
163 silly audit   'metro-cache-key': [ '0.84.5' ],
163 silly audit   'metro-config': [ '0.84.5' ],
163 silly audit   'metro-core': [ '0.84.5' ],
163 silly audit   'metro-file-map': [ '0.84.5' ],
163 silly audit   'metro-minify-terser': [ '0.84.5' ],
163 silly audit   'metro-resolver': [ '0.84.5' ],
163 silly audit   'metro-runtime': [ '0.84.5' ],
163 silly audit   'metro-source-map': [ '0.84.5' ],
163 silly audit   'metro-symbolicate': [ '0.84.5' ],
163 silly audit   'metro-transform-plugins': [ '0.84.5' ],
163 silly audit   'metro-transform-worker': [ '0.84.5' ],
163 silly audit   micromatch: [ '4.0.8' ],
163 silly audit   mime: [ '1.6.0' ],
163 silly audit   'mimic-fn': [ '1.2.0' ],
163 silly audit   minimatch: [ '10.2.6' ],
163 silly audit   minipass: [ '7.1.3' ],
163 silly audit   mkdirp: [ '1.0.4' ],
163 silly audit   multitars: [ '1.0.2' ],
163 silly audit   nanoid: [ '3.3.18' ],
163 silly audit   'node-forge': [ '1.4.0' ],
163 silly audit   'node-int64': [ '0.4.0' ],
163 silly audit   'node-releases': [ '2.0.54' ],
163 silly audit   'npm-package-arg': [ '11.0.3' ],
163 silly audit   nullthrows: [ '1.1.1' ],
163 silly audit   ob1: [ '0.84.5' ],
163 silly audit   'on-finished': [ '2.3.0', '2.4.1' ],
163 silly audit   'on-headers': [ '1.1.0' ],
163 silly audit   onetime: [ '2.0.1' ],
163 silly audit   open: [ '7.4.2' ],
163 silly audit   ora: [ '3.4.0' ],
163 silly audit   'strip-ansi': [ '5.2.0', '6.0.1' ],
163 silly audit   'parse-png': [ '2.1.0' ],
163 silly audit   parseurl: [ '1.3.3' ],
163 silly audit   'path-key': [ '3.1.1' ],
163 silly audit   'path-parse': [ '1.0.7' ],
163 silly audit   'path-scurry': [ '2.0.2' ],
163 silly audit   picocolors: [ '1.1.1' ],
163 silly audit   plist: [ '3.1.1' ],
163 silly audit   pngjs: [ '3.4.0' ],
163 silly audit   postcss: [ '8.5.27' ],
163 silly audit   'pretty-format': [ '29.7.0' ],
163 silly audit   'proc-log': [ '4.2.0' ],
163 silly audit   progress: [ '2.0.3' ],
163 silly audit   promise: [ '8.3.0' ],
163 silly audit   prompts: [ '2.4.2' ],
163 silly audit   'range-parser': [ '1.2.1' ],
163 silly audit   react: [ '19.2.3' ],
163 silly audit   'react-devtools-core': [ '6.1.5' ],
163 silly audit   'react-freeze': [ '1.0.4' ],
163 silly audit   'react-is': [ '18.3.1', '19.2.8' ],
163 silly audit   'react-native': [ '0.86.3' ],
163 silly audit   'react-native-safe-area-context': [ '5.7.0' ],
163 silly audit   'react-native-screens': [ '4.26.2' ],
163 silly audit   'react-refresh': [ '0.14.2' ],
163 silly audit   regenerate: [ '1.4.2' ],
163 silly audit   'regenerate-unicode-properties': [ '10.2.2' ],
163 silly audit   'regenerator-runtime': [ '0.13.11' ],
163 silly audit   'regexpu-core': [ '6.4.0' ],
163 silly audit   regjsgen: [ '0.8.0' ],
163 silly audit   regjsparser: [ '0.13.2' ],
163 silly audit   'require-directory': [ '2.1.1' ],
163 silly audit   resolve: [ '1.22.12' ],
163 silly audit   'resolve-from': [ '5.0.0' ],
163 silly audit   'resolve-workspace-root': [ '2.0.1' ],
163 silly audit   'restore-cursor': [ '2.0.0' ],
163 silly audit   'safe-buffer': [ '5.2.1' ],
163 silly audit   'sandbox-cli-detector': [ '0.2.0' ],
163 silly audit   sax: [ '1.6.1' ],
163 silly audit   scheduler: [ '0.27.0' ],
163 silly audit   send: [ '0.19.2' ],
163 silly audit   'serialize-error': [ '2.1.0' ],
163 silly audit   'serve-static': [ '1.16.3' ],
163 silly audit   setprototypeof: [ '1.2.0' ],
163 silly audit   'shebang-command': [ '2.0.0' ],
163 silly audit   'shebang-regex': [ '3.0.0' ],
163 silly audit   'shell-quote': [ '1.10.0' ],
163 silly audit   'signal-exit': [ '3.0.7' ],
163 silly audit   'simple-plist': [ '1.3.1' ],
163 silly audit   sisteransi: [ '1.0.5' ],
163 silly audit   slugify: [ '1.6.9' ],
163 silly audit   'source-map': [ '0.5.7', '0.6.1' ],
163 silly audit   'source-map-js': [ '1.2.1' ],
163 silly audit   'source-map-support': [ '0.5.21' ],
163 silly audit   stackframe: [ '1.3.4' ],
163 silly audit   'stacktrace-parser': [ '0.1.11' ],
163 silly audit   'stream-buffers': [ '2.2.0' ],
163 silly audit   'string-width': [ '4.2.3' ],
163 silly audit   'structured-headers': [ '0.4.1' ],
163 silly audit   'supports-hyperlinks': [ '2.3.0' ],
163 silly audit   'supports-preserve-symlinks-flag': [ '1.0.0' ],
163 silly audit   'terminal-link': [ '2.1.1' ],
163 silly audit   terser: [ '5.51.2' ],
163 silly audit   throat: [ '5.0.0' ],
163 silly audit   tinyglobby: [ '0.2.17' ],
163 silly audit   fdir: [ '6.5.0' ],
163 silly audit   tmpl: [ '1.0.5' ],
163 silly audit   'to-regex-range': [ '5.0.1' ],
163 silly audit   toidentifier: [ '1.0.1' ],
163 silly audit   toqr: [ '0.1.1' ],
163 silly audit   'undici-types': [ '8.3.0' ],
163 silly audit   'unicode-canonical-property-names-ecmascript': [ '2.0.1' ],
163 silly audit   'unicode-match-property-ecmascript': [ '2.0.0' ],
163 silly audit   'unicode-match-property-value-ecmascript': [ '2.2.1' ],
163 silly audit   'unicode-property-aliases-ecmascript': [ '2.2.0' ],
163 silly audit   unpipe: [ '1.0.0' ],
163 silly audit   'update-browserslist-db': [ '1.3.2' ],
163 silly audit   'utils-merge': [ '1.0.1' ],
163 silly audit   uuid: [ '7.0.3' ],
163 silly audit   'validate-npm-package-name': [ '5.0.1' ],
163 silly audit   vary: [ '1.1.2' ],
163 silly audit   vlq: [ '1.0.1' ],
163 silly audit   walker: [ '1.0.8' ],
163 silly audit   'warn-once': [ '0.1.1' ],
163 silly audit   wcwidth: [ '1.0.1' ],
163 silly audit   'whatwg-fetch': [ '3.6.20' ],
163 silly audit   'whatwg-url-minimum': [ '0.1.2' ],
163 silly audit   which: [ '2.0.2' ],
163 silly audit   'wrap-ansi': [ '7.0.0' ],
163 silly audit   xcode: [ '3.0.1' ],
163 silly audit   xml2js: [ '0.6.0' ],
163 silly audit   xmlbuilder: [ '11.0.1', '15.1.1' ],
163 silly audit   y18n: [ '5.0.8' ],
163 silly audit   yallist: [ '3.1.1' ],
163 silly audit   yaml: [ '2.9.0' ],
163 silly audit   yargs: [ '17.7.3' ],
163 silly audit   'yargs-parser': [ '21.1.1' ],
163 silly audit   zod: [ '3.25.76' ],
163 silly audit   '@react-navigation/native': [ '7.3.18' ],
163 silly audit   '@react-navigation/native-stack': [ '7.18.10' ],
163 silly audit   'date-fns': [ '4.4.0' ],
163 silly audit   '@react-navigation/core': [ '7.21.13' ],
163 silly audit   'fast-deep-equal': [ '3.1.3' ],
163 silly audit   'standard-navigation': [ '0.0.8' ],
163 silly audit   'use-latest-callback': [ '0.2.6' ],
163 silly audit   '@react-navigation/routers': [ '7.6.4' ],
163 silly audit   'query-string': [ '7.1.3' ],
163 silly audit   'use-sync-external-store': [ '1.6.0' ],
163 silly audit   '@react-navigation/elements': [ '2.9.40' ],
163 silly audit   color: [ '4.2.3' ],
163 silly audit   'sf-symbols-typescript': [ '2.2.0' ],
163 silly audit   'color-string': [ '1.9.1' ],
163 silly audit   'simple-swizzle': [ '0.2.4' ],
163 silly audit   'decode-uri-component': [ '0.2.2' ],
163 silly audit   'filter-obj': [ '1.1.0' ],
163 silly audit   'split-on-first': [ '1.1.0' ],
163 silly audit   'strict-uri-encode': [ '2.0.0' ],
163 silly audit   'is-arrayish': [ '0.3.4' ]
163 silly audit }
164 http cache is-arrayish@https://registry.npmjs.org/is-arrayish/-/is-arrayish-0.3.4.tgz 0ms (cache hit)
165 http cache strict-uri-encode@https://registry.npmjs.org/strict-uri-encode/-/strict-uri-encode-2.0.0.tgz 0ms (cache hit)
166 http cache split-on-first@https://registry.npmjs.org/split-on-first/-/split-on-first-1.1.0.tgz 0ms (cache hit)
167 http cache filter-obj@https://registry.npmjs.org/filter-obj/-/filter-obj-1.1.0.tgz 0ms (cache hit)
168 http cache decode-uri-component@https://registry.npmjs.org/decode-uri-component/-/decode-uri-component-0.2.2.tgz 0ms (cache hit)
169 http cache simple-swizzle@https://registry.npmjs.org/simple-swizzle/-/simple-swizzle-0.2.4.tgz 0ms (cache hit)
170 http cache color-string@https://registry.npmjs.org/color-string/-/color-string-1.9.1.tgz 0ms (cache hit)
171 http cache sf-symbols-typescript@https://registry.npmjs.org/sf-symbols-typescript/-/sf-symbols-typescript-2.2.0.tgz 0ms (cache hit)
172 http cache color@https://registry.npmjs.org/color/-/color-4.2.3.tgz 0ms (cache hit)
173 http cache @react-navigation/elements@https://registry.npmjs.org/@react-navigation/elements/-/elements-2.9.40.tgz 0ms (cache hit)
174 http cache use-sync-external-store@https://registry.npmjs.org/use-sync-external-store/-/use-sync-external-store-1.6.0.tgz 0ms (cache hit)
175 http cache @react-navigation/routers@https://registry.npmjs.org/@react-navigation/routers/-/routers-7.6.4.tgz 0ms (cache hit)
176 http cache use-latest-callback@https://registry.npmjs.org/use-latest-callback/-/use-latest-callback-0.2.6.tgz 0ms (cache hit)
177 http cache query-string@https://registry.npmjs.org/query-string/-/query-string-7.1.3.tgz 0ms (cache hit)
178 http cache standard-navigation@https://registry.npmjs.org/standard-navigation/-/standard-navigation-0.0.8.tgz 0ms (cache hit)
179 http cache fast-deep-equal@https://registry.npmjs.org/fast-deep-equal/-/fast-deep-equal-3.1.3.tgz 0ms (cache hit)
180 http cache @react-navigation/core@https://registry.npmjs.org/@react-navigation/core/-/core-7.21.13.tgz 0ms (cache hit)
181 http cache date-fns@https://registry.npmjs.org/date-fns/-/date-fns-4.4.0.tgz 0ms (cache hit)
182 http cache @react-navigation/native-stack@https://registry.npmjs.org/@react-navigation/native-stack/-/native-stack-7.18.10.tgz 0ms (cache hit)
183 http cache @react-navigation/native@https://registry.npmjs.org/@react-navigation/native/-/native-7.3.18.tgz 0ms (cache hit)
184 http cache react-is@https://registry.npmjs.org/react-is/-/react-is-19.2.8.tgz 0ms (cache hit)
185 silly tarball no local data for is-arrayish@https://registry.npmjs.org/is-arrayish/-/is-arrayish-0.3.4.tgz. Extracting by manifest.
186 silly tarball no local data for strict-uri-encode@https://registry.npmjs.org/strict-uri-encode/-/strict-uri-encode-2.0.0.tgz. Extracting by manifest.
187 silly tarball no local data for split-on-first@https://registry.npmjs.org/split-on-first/-/split-on-first-1.1.0.tgz. Extracting by manifest.
188 silly tarball no local data for filter-obj@https://registry.npmjs.org/filter-obj/-/filter-obj-1.1.0.tgz. Extracting by manifest.
189 silly tarball no local data for decode-uri-component@https://registry.npmjs.org/decode-uri-component/-/decode-uri-component-0.2.2.tgz. Extracting by manifest.
190 silly tarball no local data for simple-swizzle@https://registry.npmjs.org/simple-swizzle/-/simple-swizzle-0.2.4.tgz. Extracting by manifest.
191 silly tarball no local data for color-string@https://registry.npmjs.org/color-string/-/color-string-1.9.1.tgz. Extracting by manifest.
192 silly tarball no local data for sf-symbols-typescript@https://registry.npmjs.org/sf-symbols-typescript/-/sf-symbols-typescript-2.2.0.tgz. Extracting by manifest.
193 silly tarball no local data for color@https://registry.npmjs.org/color/-/color-4.2.3.tgz. Extracting by manifest.
194 silly tarball no local data for @react-navigation/elements@https://registry.npmjs.org/@react-navigation/elements/-/elements-2.9.40.tgz. Extracting by manifest.
195 silly tarball no local data for use-sync-external-store@https://registry.npmjs.org/use-sync-external-store/-/use-sync-external-store-1.6.0.tgz. Extracting by manifest.
196 silly tarball no local data for @react-navigation/routers@https://registry.npmjs.org/@react-navigation/routers/-/routers-7.6.4.tgz. Extracting by manifest.
197 silly tarball no local data for use-latest-callback@https://registry.npmjs.org/use-latest-callback/-/use-latest-callback-0.2.6.tgz. Extracting by manifest.
198 silly tarball no local data for query-string@https://registry.npmjs.org/query-string/-/query-string-7.1.3.tgz. Extracting by manifest.
199 silly tarball no local data for standard-navigation@https://registry.npmjs.org/standard-navigation/-/standard-navigation-0.0.8.tgz. Extracting by manifest.
200 silly tarball no local data for fast-deep-equal@https://registry.npmjs.org/fast-deep-equal/-/fast-deep-equal-3.1.3.tgz. Extracting by manifest.
201 silly tarball no local data for @react-navigation/core@https://registry.npmjs.org/@react-navigation/core/-/core-7.21.13.tgz. Extracting by manifest.
202 silly tarball no local data for date-fns@https://registry.npmjs.org/date-fns/-/date-fns-4.4.0.tgz. Extracting by manifest.
203 silly tarball no local data for @react-navigation/native-stack@https://registry.npmjs.org/@react-navigation/native-stack/-/native-stack-7.18.10.tgz. Extracting by manifest.
204 silly tarball no local data for @react-navigation/native@https://registry.npmjs.org/@react-navigation/native/-/native-7.3.18.tgz. Extracting by manifest.
205 silly tarball no local data for react-is@https://registry.npmjs.org/react-is/-/react-is-19.2.8.tgz. Extracting by manifest.
206 http fetch POST 200 https://registry.npmjs.org/-/npm/v1/security/advisories/bulk 341ms
207 silly audit report {
207 silly audit report   uuid: [
207 silly audit report     {
207 silly audit report       id: 1119441,
207 silly audit report       url: 'https://github.com/advisories/GHSA-w5hq-g745-h8pq',
207 silly audit report       title: 'uuid: Missing buffer bounds check in v3/v5/v6 when buf is provided',
207 silly audit report       severity: 'moderate',
207 silly audit report       vulnerable_versions: '<11.1.1',
207 silly audit report       cwe: [Array],
207 silly audit report       cvss: [Object]
207 silly audit report     }
207 silly audit report   ],
207 silly audit report   'decode-uri-component': [
207 silly audit report     {
207 silly audit report       id: 1147955,
207 silly audit report       url: 'https://github.com/advisories/GHSA-vcc3-ghjq-m6fr',
207 silly audit report       title: 'decode-uri-component: Denial of service via exponential decoding of malformed percent-encoded input',
207 silly audit report       severity: 'moderate',
207 silly audit report       vulnerable_versions: '<=0.4.2',
207 silly audit report       cwe: [Array],
207 silly audit report       cvss: [Object]
207 silly audit report     }
207 silly audit report   ]
207 silly audit report }
208 silly packumentCache corgi:https://registry.npmjs.org/uuid cache-miss
209 silly packumentCache corgi:https://registry.npmjs.org/decode-uri-component cache-miss
210 http fetch GET 200 https://registry.npmjs.org/is-arrayish/-/is-arrayish-0.3.4.tgz 241ms (cache miss)
211 http fetch GET 200 https://registry.npmjs.org/strict-uri-encode/-/strict-uri-encode-2.0.0.tgz 238ms (cache miss)
212 http cache https://registry.npmjs.org/uuid 43ms (cache hit)
213 silly packumentCache corgi:https://registry.npmjs.org/uuid set size:84321 disposed:false
214 http fetch GET 200 https://registry.npmjs.org/standard-navigation/-/standard-navigation-0.0.8.tgz 424ms (cache miss)
215 http fetch GET 200 https://registry.npmjs.org/filter-obj/-/filter-obj-1.1.0.tgz 1089ms (cache miss)
216 http fetch GET 200 https://registry.npmjs.org/decode-uri-component/-/decode-uri-component-0.2.2.tgz 1105ms (cache miss)
217 http fetch GET 200 https://registry.npmjs.org/simple-swizzle/-/simple-swizzle-0.2.4.tgz 1146ms (cache miss)
218 http fetch GET 200 https://registry.npmjs.org/color-string/-/color-string-1.9.1.tgz 1189ms (cache miss)
219 http fetch GET 200 https://registry.npmjs.org/split-on-first/-/split-on-first-1.1.0.tgz 1228ms (cache miss)
220 http fetch GET 200 https://registry.npmjs.org/color/-/color-4.2.3.tgz 1219ms (cache miss)
221 http fetch GET 200 https://registry.npmjs.org/decode-uri-component 1076ms (cache miss)
222 silly packumentCache corgi:https://registry.npmjs.org/decode-uri-component set size:undefined disposed:false
223 http fetch GET 200 https://registry.npmjs.org/react-is/-/react-is-19.2.8.tgz 1552ms (cache miss)
224 http fetch GET 200 https://registry.npmjs.org/use-latest-callback/-/use-latest-callback-0.2.6.tgz 1684ms (cache miss)
225 silly packumentCache corgi:https://registry.npmjs.org/xcode cache-miss
226 http fetch GET 200 https://registry.npmjs.org/query-string/-/query-string-7.1.3.tgz 1712ms (cache miss)
227 http fetch GET 200 https://registry.npmjs.org/fast-deep-equal/-/fast-deep-equal-3.1.3.tgz 1748ms (cache miss)
228 http cache https://registry.npmjs.org/xcode 182ms (cache hit)
229 silly packumentCache corgi:https://registry.npmjs.org/xcode set size:1850340 disposed:false
230 silly packumentCache corgi:https://registry.npmjs.org/query-string cache-miss
231 http fetch GET 200 https://registry.npmjs.org/sf-symbols-typescript/-/sf-symbols-typescript-2.2.0.tgz 2256ms (cache miss)
232 http fetch GET 200 https://registry.npmjs.org/use-sync-external-store/-/use-sync-external-store-1.6.0.tgz 2684ms (cache miss)
233 http fetch GET 200 https://registry.npmjs.org/query-string 933ms (cache miss)
234 silly packumentCache corgi:https://registry.npmjs.org/query-string set size:undefined disposed:false
235 silly packumentCache corgi:https://registry.npmjs.org/@expo%2fconfig-plugins cache-miss
236 http cache https://registry.npmjs.org/@expo%2fconfig-plugins 145ms (cache hit)
237 silly packumentCache corgi:https://registry.npmjs.org/@expo%2fconfig-plugins set size:447189 disposed:false
238 silly packumentCache corgi:https://registry.npmjs.org/@react-navigation%2fcore cache-miss
239 http fetch GET 200 https://registry.npmjs.org/@react-navigation%2fcore 1049ms (cache miss)
240 silly packumentCache corgi:https://registry.npmjs.org/@react-navigation%2fcore set size:undefined disposed:false
241 silly packumentCache corgi:https://registry.npmjs.org/@expo%2fconfig cache-miss
242 silly packumentCache corgi:https://registry.npmjs.org/@expo%2finline-modules cache-miss
243 silly packumentCache corgi:https://registry.npmjs.org/@expo%2fprebuild-config cache-miss
244 silly packumentCache corgi:https://registry.npmjs.org/expo cache-miss
245 silly packumentCache corgi:https://registry.npmjs.org/expo-sharing cache-miss
246 silly packumentCache corgi:https://registry.npmjs.org/@expo%2fcli cache-miss
247 http cache https://registry.npmjs.org/@expo%2finline-modules 480ms (cache hit)
248 silly packumentCache corgi:https://registry.npmjs.org/@expo%2finline-modules set size:39718 disposed:false
249 http cache https://registry.npmjs.org/@expo%2fconfig 491ms (cache hit)
250 silly packumentCache corgi:https://registry.npmjs.org/@expo%2fconfig set size:574374 disposed:false
251 http cache https://registry.npmjs.org/expo-sharing 600ms (cache hit)
252 silly packumentCache corgi:https://registry.npmjs.org/expo-sharing set size:258737 disposed:false
253 http cache https://registry.npmjs.org/@expo%2fprebuild-config 616ms (cache hit)
254 silly packumentCache corgi:https://registry.npmjs.org/@expo%2fprebuild-config set size:426850 disposed:false
255 http cache https://registry.npmjs.org/expo 633ms (cache hit)
256 silly packumentCache corgi:https://registry.npmjs.org/expo set size:1874368 disposed:false
257 http cache https://registry.npmjs.org/@expo%2fcli 917ms (cache hit)
258 silly packumentCache corgi:https://registry.npmjs.org/@expo%2fcli set size:1812468 disposed:false
259 silly packumentCache corgi:https://registry.npmjs.org/@react-navigation%2fnative cache-miss
260 http fetch GET 200 https://registry.npmjs.org/@react-navigation%2fnative 1242ms (cache miss)
261 silly packumentCache corgi:https://registry.npmjs.org/@react-navigation%2fnative set size:undefined disposed:false
262 http fetch GET 200 https://registry.npmjs.org/@react-navigation/routers/-/routers-7.6.4.tgz 7366ms (cache miss)
263 silly packumentCache corgi:https://registry.npmjs.org/@expo%2flocal-build-cache-provider cache-miss
264 silly packumentCache corgi:https://registry.npmjs.org/@expo%2fmetro-config cache-miss
265 http cache https://registry.npmjs.org/@expo%2flocal-build-cache-provider 200ms (cache hit)
266 silly packumentCache corgi:https://registry.npmjs.org/@expo%2flocal-build-cache-provider set size:72803 disposed:false
267 http cache https://registry.npmjs.org/@expo%2fmetro-config 347ms (cache hit)
268 silly packumentCache corgi:https://registry.npmjs.org/@expo%2fmetro-config set size:637251 disposed:false
269 silly packumentCache corgi:https://registry.npmjs.org/expo-file-system cache-miss
270 silly packumentCache corgi:https://registry.npmjs.org/expo-print cache-miss
271 silly packumentCache corgi:https://registry.npmjs.org/expo-sqlite cache-miss
272 silly packumentCache corgi:https://registry.npmjs.org/expo-status-bar cache-miss
273 silly packumentCache corgi:https://registry.npmjs.org/@expo%2frouter-server cache-miss
274 silly packumentCache corgi:https://registry.npmjs.org/@expo%2fdom-webview cache-miss
275 silly packumentCache corgi:https://registry.npmjs.org/@expo%2flog-box cache-miss
276 silly packumentCache corgi:https://registry.npmjs.org/babel-preset-expo cache-miss
277 silly packumentCache corgi:https://registry.npmjs.org/expo-asset cache-miss
278 silly packumentCache corgi:https://registry.npmjs.org/expo-constants cache-miss
279 silly packumentCache corgi:https://registry.npmjs.org/expo-font cache-miss
280 silly packumentCache corgi:https://registry.npmjs.org/expo-keep-awake cache-miss
281 http cache https://registry.npmjs.org/expo-print 606ms (cache hit)
282 silly packumentCache corgi:https://registry.npmjs.org/expo-print set size:215306 disposed:false
283 http cache https://registry.npmjs.org/expo-file-system 619ms (cache hit)
284 silly packumentCache corgi:https://registry.npmjs.org/expo-file-system set size:317257 disposed:false
285 http cache https://registry.npmjs.org/expo-sqlite 651ms (cache hit)
286 silly packumentCache corgi:https://registry.npmjs.org/expo-sqlite set size:271702 disposed:false
287 http cache https://registry.npmjs.org/@expo%2fdom-webview 667ms (cache hit)
288 silly packumentCache corgi:https://registry.npmjs.org/@expo%2fdom-webview set size:108154 disposed:false
289 http cache https://registry.npmjs.org/expo-status-bar 708ms (cache hit)
290 silly packumentCache corgi:https://registry.npmjs.org/expo-status-bar set size:209910 disposed:false
291 http cache https://registry.npmjs.org/@expo%2flog-box 713ms (cache hit)
292 silly packumentCache corgi:https://registry.npmjs.org/@expo%2flog-box set size:108902 disposed:false
293 http cache https://registry.npmjs.org/@expo%2frouter-server 720ms (cache hit)
294 silly packumentCache corgi:https://registry.npmjs.org/@expo%2frouter-server set size:141171 disposed:false
295 http cache https://registry.npmjs.org/babel-preset-expo 728ms (cache hit)
296 silly packumentCache corgi:https://registry.npmjs.org/babel-preset-expo set size:644633 disposed:false
297 http cache https://registry.npmjs.org/expo-constants 743ms (cache hit)
298 silly packumentCache corgi:https://registry.npmjs.org/expo-constants set size:325641 disposed:false
299 http cache https://registry.npmjs.org/expo-asset 754ms (cache hit)
300 silly packumentCache corgi:https://registry.npmjs.org/expo-asset set size:343738 disposed:false
301 http cache https://registry.npmjs.org/expo-keep-awake 760ms (cache hit)
302 silly packumentCache corgi:https://registry.npmjs.org/expo-keep-awake set size:203955 disposed:false
303 http cache https://registry.npmjs.org/expo-font 830ms (cache hit)
304 silly packumentCache corgi:https://registry.npmjs.org/expo-font set size:260741 disposed:false
305 silly packumentCache corgi:https://registry.npmjs.org/@react-navigation%2fnative-stack cache-miss
306 silly packumentCache corgi:https://registry.npmjs.org/@react-navigation%2felements cache-miss
307 http fetch GET 200 https://registry.npmjs.org/@react-navigation%2felements 922ms (cache miss)
308 silly packumentCache corgi:https://registry.npmjs.org/@react-navigation%2felements set size:undefined disposed:false
309 http fetch GET 200 https://registry.npmjs.org/@react-navigation%2fnative-stack 1525ms (cache miss)
310 silly packumentCache corgi:https://registry.npmjs.org/@react-navigation%2fnative-stack set size:undefined disposed:false
311 http fetch GET 200 https://registry.npmjs.org/@react-navigation/native-stack/-/native-stack-7.18.10.tgz 12072ms (cache miss)
312 http fetch GET 200 https://registry.npmjs.org/@react-navigation/native/-/native-7.3.18.tgz 17205ms (cache miss)
313 http fetch GET 200 https://registry.npmjs.org/@react-navigation/elements/-/elements-2.9.40.tgz 18889ms (cache miss)
314 http fetch GET 200 https://registry.npmjs.org/@react-navigation/core/-/core-7.21.13.tgz 22361ms (cache miss)
315 http fetch GET 200 https://registry.npmjs.org/date-fns/-/date-fns-4.4.0.tgz 109611ms (cache miss)
316 silly ADD node_modules/is-arrayish
317 silly ADD node_modules/strict-uri-encode
318 silly ADD node_modules/split-on-first
319 silly ADD node_modules/filter-obj
320 silly ADD node_modules/decode-uri-component
321 silly ADD node_modules/simple-swizzle
322 silly ADD node_modules/color-string
323 silly ADD node_modules/sf-symbols-typescript
324 silly ADD node_modules/color
325 silly ADD node_modules/@react-navigation/elements
326 silly ADD node_modules/use-sync-external-store
327 silly ADD node_modules/query-string
328 silly ADD node_modules/@react-navigation/routers
329 silly ADD node_modules/use-latest-callback
330 silly ADD node_modules/standard-navigation
331 silly ADD node_modules/fast-deep-equal
332 silly ADD node_modules/@react-navigation/core
333 silly ADD node_modules/@react-navigation/core/node_modules/react-is
334 silly ADD node_modules/date-fns
335 silly ADD node_modules/@react-navigation/native-stack
336 silly ADD node_modules/@react-navigation/native
337 verbose cwd D:\PROJECTS\QuickDevis
338 verbose os Windows_NT 10.0.26200
339 verbose node v24.13.0
340 verbose npm  v11.6.2
341 verbose exit 0
342 info ok
