0 verbose cli D:\nodeJs\node.exe D:\nodeJs\node_modules\npm\bin\npm-cli.js
1 info using npm@11.6.2
2 info using node@v24.13.0
3 silly config load:file:D:\nodeJs\node_modules\npm\npmrc
4 silly config load:file:D:\PROJECTS\QuickDevis\.npmrc
5 silly config load:file:C:\Users\yanni\.npmrc
6 silly config load:file:C:\Users\yanni\AppData\Roaming\npm\etc\npmrc
7 verbose title npm install
8 verbose argv "install"
9 verbose logfile logs-max:10 dir:D:\PROJECTS\QuickDevis\.cache\npm\_logs\2026-09-03T12_05_53_508Z-
10 verbose logfile D:\PROJECTS\QuickDevis\.cache\npm\_logs\2026-09-03T12_05_53_508Z-debug-0.log
11 silly logfile start cleaning logs, removing 1 files
12 silly packumentCache heap:4496293888 maxSize:1124073472 maxEntrySize:562036736
13 silly logfile done cleaning log files
14 silly idealTree buildDeps
15 silly fetch manifest react-native@0.86.3
16 silly packumentCache full:https://registry.npmjs.org/react-native cache-miss
17 http fetch GET 200 https://registry.npmjs.org/react-native 1443ms (cache revalidated)
18 silly packumentCache full:https://registry.npmjs.org/react-native set size:15761994 disposed:false
19 silly fetch manifest @react-native/jest-preset@0.86.3
20 silly packumentCache full:https://registry.npmjs.org/@react-native%2fjest-preset cache-miss
21 http fetch GET 200 https://registry.npmjs.org/@react-native%2fjest-preset 285ms (cache revalidated)
22 silly packumentCache full:https://registry.npmjs.org/@react-native%2fjest-preset set size:396555 disposed:false
23 silly fetch manifest react@19.2.3
24 silly packumentCache full:https://registry.npmjs.org/react cache-miss
25 http fetch GET 200 https://registry.npmjs.org/react 198ms (cache revalidated)
26 silly packumentCache full:https://registry.npmjs.org/react set size:6941508 disposed:false
27 silly fetch manifest @types/react@^19.1.1
28 silly packumentCache full:https://registry.npmjs.org/@types%2freact cache-miss
29 http fetch GET 200 https://registry.npmjs.org/@types%2freact 219ms (cache revalidated)
30 silly packumentCache full:https://registry.npmjs.org/@types%2freact set size:2637439 disposed:false
31 silly placeDep ROOT react-native@0.86.3 REPLACE for: quickdevis@1.0.0 want: 0.86.3
32 silly fetch manifest lightningcss-darwin-x64@1.33.0
33 silly packumentCache full:https://registry.npmjs.org/lightningcss-darwin-x64 cache-miss
34 http fetch GET 200 https://registry.npmjs.org/lightningcss-darwin-x64 346ms (cache revalidated)
35 silly packumentCache full:https://registry.npmjs.org/lightningcss-darwin-x64 set size:80374 disposed:false
36 silly fetch manifest lightningcss-linux-x64-gnu@1.33.0
37 silly packumentCache full:https://registry.npmjs.org/lightningcss-linux-x64-gnu cache-miss
38 http fetch GET 200 https://registry.npmjs.org/lightningcss-linux-x64-gnu 170ms (cache revalidated)
39 silly packumentCache full:https://registry.npmjs.org/lightningcss-linux-x64-gnu set size:81819 disposed:false
40 silly fetch manifest lightningcss-win32-arm64-msvc@1.33.0
41 silly packumentCache full:https://registry.npmjs.org/lightningcss-win32-arm64-msvc cache-miss
42 http fetch GET 200 https://registry.npmjs.org/lightningcss-win32-arm64-msvc 204ms (cache revalidated)
43 silly packumentCache full:https://registry.npmjs.org/lightningcss-win32-arm64-msvc set size:28346 disposed:false
44 silly fetch manifest lightningcss-darwin-arm64@1.33.0
45 silly packumentCache full:https://registry.npmjs.org/lightningcss-darwin-arm64 cache-miss
46 http fetch GET 200 https://registry.npmjs.org/lightningcss-darwin-arm64 200ms (cache revalidated)
47 silly packumentCache full:https://registry.npmjs.org/lightningcss-darwin-arm64 set size:80970 disposed:false
48 silly fetch manifest lightningcss-linux-arm64-gnu@1.33.0
49 silly packumentCache full:https://registry.npmjs.org/lightningcss-linux-arm64-gnu cache-miss
50 http fetch GET 200 https://registry.npmjs.org/lightningcss-linux-arm64-gnu 203ms (cache revalidated)
51 silly packumentCache full:https://registry.npmjs.org/lightningcss-linux-arm64-gnu set size:82397 disposed:false
52 silly fetch manifest lightningcss-linux-arm-gnueabihf@1.33.0
53 silly packumentCache full:https://registry.npmjs.org/lightningcss-linux-arm-gnueabihf cache-miss
54 http fetch GET 200 https://registry.npmjs.org/lightningcss-linux-arm-gnueabihf 211ms (cache revalidated)
55 silly packumentCache full:https://registry.npmjs.org/lightningcss-linux-arm-gnueabihf set size:82635 disposed:false
56 silly fetch manifest lightningcss-linux-arm64-musl@1.33.0
57 silly packumentCache full:https://registry.npmjs.org/lightningcss-linux-arm64-musl cache-miss
58 http fetch GET 200 https://registry.npmjs.org/lightningcss-linux-arm64-musl 194ms (cache revalidated)
59 silly packumentCache full:https://registry.npmjs.org/lightningcss-linux-arm64-musl set size:82617 disposed:false
60 silly fetch manifest lightningcss-linux-x64-musl@1.33.0
61 silly packumentCache full:https://registry.npmjs.org/lightningcss-linux-x64-musl cache-miss
62 http fetch GET 200 https://registry.npmjs.org/lightningcss-linux-x64-musl 201ms (cache revalidated)
63 silly packumentCache full:https://registry.npmjs.org/lightningcss-linux-x64-musl set size:82032 disposed:false
64 silly fetch manifest lightningcss-freebsd-x64@1.33.0
65 silly packumentCache full:https://registry.npmjs.org/lightningcss-freebsd-x64 cache-miss
66 http fetch GET 200 https://registry.npmjs.org/lightningcss-freebsd-x64 201ms (cache revalidated)
67 silly packumentCache full:https://registry.npmjs.org/lightningcss-freebsd-x64 set size:44564 disposed:false
68 silly fetch manifest lightningcss-android-arm64@1.33.0
69 silly packumentCache full:https://registry.npmjs.org/lightningcss-android-arm64 cache-miss
70 http fetch GET 200 https://registry.npmjs.org/lightningcss-android-arm64 200ms (cache revalidated)
71 silly packumentCache full:https://registry.npmjs.org/lightningcss-android-arm64 set size:9371 disposed:false
72 silly placeDep ROOT lightningcss-android-arm64@1.33.0 OK for: lightningcss@1.33.0 want: 1.33.0
73 silly placeDep ROOT lightningcss-darwin-arm64@1.33.0 OK for: lightningcss@1.33.0 want: 1.33.0
74 silly placeDep ROOT lightningcss-darwin-x64@1.33.0 OK for: lightningcss@1.33.0 want: 1.33.0
75 silly placeDep ROOT lightningcss-freebsd-x64@1.33.0 OK for: lightningcss@1.33.0 want: 1.33.0
76 silly placeDep ROOT lightningcss-linux-arm-gnueabihf@1.33.0 OK for: lightningcss@1.33.0 want: 1.33.0
77 silly placeDep ROOT lightningcss-linux-arm64-gnu@1.33.0 OK for: lightningcss@1.33.0 want: 1.33.0
78 silly placeDep ROOT lightningcss-linux-arm64-musl@1.33.0 OK for: lightningcss@1.33.0 want: 1.33.0
79 silly placeDep ROOT lightningcss-linux-x64-gnu@1.33.0 OK for: lightningcss@1.33.0 want: 1.33.0
80 silly placeDep ROOT lightningcss-linux-x64-musl@1.33.0 OK for: lightningcss@1.33.0 want: 1.33.0
81 silly placeDep ROOT lightningcss-win32-arm64-msvc@1.33.0 OK for: lightningcss@1.33.0 want: 1.33.0
82 silly reify mark retired [ 'D:\\PROJECTS\\QuickDevis\\node_modules\\react-native' ]
83 silly reify mark retired [
83 silly reify   'D:\\PROJECTS\\QuickDevis\\node_modules\\acorn',
83 silly reify   'D:\\PROJECTS\\QuickDevis\\node_modules\\.bin\\acorn',
83 silly reify   'D:\\PROJECTS\\QuickDevis\\node_modules\\.bin\\acorn.cmd',
83 silly reify   'D:\\PROJECTS\\QuickDevis\\node_modules\\.bin\\acorn.ps1'
83 silly reify ]
84 silly reify mark retired [
84 silly reify   'D:\\PROJECTS\\QuickDevis\\node_modules\\agent-cli-detector',
84 silly reify   'D:\\PROJECTS\\QuickDevis\\node_modules\\.bin\\agent-cli-detector',
84 silly reify   'D:\\PROJECTS\\QuickDevis\\node_modules\\.bin\\agent-cli-detector.cmd',
84 silly reify   'D:\\PROJECTS\\QuickDevis\\node_modules\\.bin\\agent-cli-detector.ps1'
84 silly reify ]
85 silly reify mark retired [
85 silly reify   'D:\\PROJECTS\\QuickDevis\\node_modules\\babel-plugin-polyfill-corejs2\\node_modules\\semver',
85 silly reify   'D:\\PROJECTS\\QuickDevis\\node_modules\\babel-plugin-polyfill-corejs2\\node_modules\\.bin\\semver',
85 silly reify   'D:\\PROJECTS\\QuickDevis\\node_modules\\babel-plugin-polyfill-corejs2\\node_modules\\.bin\\semver.cmd',
85 silly reify   'D:\\PROJECTS\\QuickDevis\\node_modules\\babel-plugin-polyfill-corejs2\\node_modules\\.bin\\semver.ps1'
85 silly reify ]
86 silly reify mark retired [
86 silly reify   'D:\\PROJECTS\\QuickDevis\\node_modules\\baseline-browser-mapping',
86 silly reify   'D:\\PROJECTS\\QuickDevis\\node_modules\\.bin\\baseline-browser-mapping',
86 silly reify   'D:\\PROJECTS\\QuickDevis\\node_modules\\.bin\\baseline-browser-mapping.cmd',
86 silly reify   'D:\\PROJECTS\\QuickDevis\\node_modules\\.bin\\baseline-browser-mapping.ps1'
86 silly reify ]
87 silly reify mark retired [
87 silly reify   'D:\\PROJECTS\\QuickDevis\\node_modules\\browserslist',
87 silly reify   'D:\\PROJECTS\\QuickDevis\\node_modules\\.bin\\browserslist',
87 silly reify   'D:\\PROJECTS\\QuickDevis\\node_modules\\.bin\\browserslist.cmd',
87 silly reify   'D:\\PROJECTS\\QuickDevis\\node_modules\\.bin\\browserslist.ps1'
87 silly reify ]
88 silly reify mark retired [
88 silly reify   'D:\\PROJECTS\\QuickDevis\\node_modules\\chrome-launcher',
88 silly reify   'D:\\PROJECTS\\QuickDevis\\node_modules\\.bin\\print-chrome-path',
88 silly reify   'D:\\PROJECTS\\QuickDevis\\node_modules\\.bin\\print-chrome-path.cmd',
88 silly reify   'D:\\PROJECTS\\QuickDevis\\node_modules\\.bin\\print-chrome-path.ps1'
88 silly reify ]
89 silly reify mark retired [
89 silly reify   'D:\\PROJECTS\\QuickDevis\\node_modules\\expo-modules-autolinking',
89 silly reify   'D:\\PROJECTS\\QuickDevis\\node_modules\\.bin\\expo-modules-autolinking',
89 silly reify   'D:\\PROJECTS\\QuickDevis\\node_modules\\.bin\\expo-modules-autolinking.cmd',
89 silly reify   'D:\\PROJECTS\\QuickDevis\\node_modules\\.bin\\expo-modules-autolinking.ps1'
89 silly reify ]
90 silly reify mark retired [
90 silly reify   'D:\\PROJECTS\\QuickDevis\\node_modules\\expo',
90 silly reify   'D:\\PROJECTS\\QuickDevis\\node_modules\\.bin\\expo',
90 silly reify   'D:\\PROJECTS\\QuickDevis\\node_modules\\.bin\\expo.cmd',
90 silly reify   'D:\\PROJECTS\\QuickDevis\\node_modules\\.bin\\expo.ps1',
90 silly reify   'D:\\PROJECTS\\QuickDevis\\node_modules\\.bin\\expo-modules-autolinking',
90 silly reify   'D:\\PROJECTS\\QuickDevis\\node_modules\\.bin\\expo-modules-autolinking.cmd',
90 silly reify   'D:\\PROJECTS\\QuickDevis\\node_modules\\.bin\\expo-modules-autolinking.ps1',
90 silly reify   'D:\\PROJECTS\\QuickDevis\\node_modules\\.bin\\fingerprint',
90 silly reify   'D:\\PROJECTS\\QuickDevis\\node_modules\\.bin\\fingerprint.cmd',
90 silly reify   'D:\\PROJECTS\\QuickDevis\\node_modules\\.bin\\fingerprint.ps1'
90 silly reify ]
91 silly reify mark retired [
91 silly reify   'D:\\PROJECTS\\QuickDevis\\node_modules\\fb-dotslash',
91 silly reify   'D:\\PROJECTS\\QuickDevis\\node_modules\\.bin\\dotslash',
91 silly reify   'D:\\PROJECTS\\QuickDevis\\node_modules\\.bin\\dotslash.cmd',
91 silly reify   'D:\\PROJECTS\\QuickDevis\\node_modules\\.bin\\dotslash.ps1'
91 silly reify ]
92 silly reify mark retired [
92 silly reify   'D:\\PROJECTS\\QuickDevis\\node_modules\\is-docker',
92 silly reify   'D:\\PROJECTS\\QuickDevis\\node_modules\\.bin\\is-docker',
92 silly reify   'D:\\PROJECTS\\QuickDevis\\node_modules\\.bin\\is-docker.cmd',
92 silly reify   'D:\\PROJECTS\\QuickDevis\\node_modules\\.bin\\is-docker.ps1'
92 silly reify ]
93 silly reify mark retired [
93 silly reify   'D:\\PROJECTS\\QuickDevis\\node_modules\\js-yaml',
93 silly reify   'D:\\PROJECTS\\QuickDevis\\node_modules\\.bin\\js-yaml',
93 silly reify   'D:\\PROJECTS\\QuickDevis\\node_modules\\.bin\\js-yaml.cmd',
93 silly reify   'D:\\PROJECTS\\QuickDevis\\node_modules\\.bin\\js-yaml.ps1'
93 silly reify ]
94 silly reify mark retired [
94 silly reify   'D:\\PROJECTS\\QuickDevis\\node_modules\\jsesc',
94 silly reify   'D:\\PROJECTS\\QuickDevis\\node_modules\\.bin\\jsesc',
94 silly reify   'D:\\PROJECTS\\QuickDevis\\node_modules\\.bin\\jsesc.cmd',
94 silly reify   'D:\\PROJECTS\\QuickDevis\\node_modules\\.bin\\jsesc.ps1'
94 silly reify ]
95 silly reify mark retired [
95 silly reify   'D:\\PROJECTS\\QuickDevis\\node_modules\\json5',
95 silly reify   'D:\\PROJECTS\\QuickDevis\\node_modules\\.bin\\json5',
95 silly reify   'D:\\PROJECTS\\QuickDevis\\node_modules\\.bin\\json5.cmd',
95 silly reify   'D:\\PROJECTS\\QuickDevis\\node_modules\\.bin\\json5.ps1'
95 silly reify ]
96 silly reify mark retired [
96 silly reify   'D:\\PROJECTS\\QuickDevis\\node_modules\\lan-network',
96 silly reify   'D:\\PROJECTS\\QuickDevis\\node_modules\\.bin\\lan-network',
96 silly reify   'D:\\PROJECTS\\QuickDevis\\node_modules\\.bin\\lan-network.cmd',
96 silly reify   'D:\\PROJECTS\\QuickDevis\\node_modules\\.bin\\lan-network.ps1'
96 silly reify ]
97 silly reify mark retired [
97 silly reify   'D:\\PROJECTS\\QuickDevis\\node_modules\\loose-envify',
97 silly reify   'D:\\PROJECTS\\QuickDevis\\node_modules\\.bin\\loose-envify',
97 silly reify   'D:\\PROJECTS\\QuickDevis\\node_modules\\.bin\\loose-envify.cmd',
97 silly reify   'D:\\PROJECTS\\QuickDevis\\node_modules\\.bin\\loose-envify.ps1'
97 silly reify ]
98 silly reify mark retired [
98 silly reify   'D:\\PROJECTS\\QuickDevis\\node_modules\\metro-symbolicate',
98 silly reify   'D:\\PROJECTS\\QuickDevis\\node_modules\\.bin\\metro-symbolicate',
98 silly reify   'D:\\PROJECTS\\QuickDevis\\node_modules\\.bin\\metro-symbolicate.cmd',
98 silly reify   'D:\\PROJECTS\\QuickDevis\\node_modules\\.bin\\metro-symbolicate.ps1'
98 silly reify ]
99 silly reify mark retired [
99 silly reify   'D:\\PROJECTS\\QuickDevis\\node_modules\\mime',
99 silly reify   'D:\\PROJECTS\\QuickDevis\\node_modules\\.bin\\mime',
99 silly reify   'D:\\PROJECTS\\QuickDevis\\node_modules\\.bin\\mime.cmd',
99 silly reify   'D:\\PROJECTS\\QuickDevis\\node_modules\\.bin\\mime.ps1'
99 silly reify ]
100 silly reify mark retired [
100 silly reify   'D:\\PROJECTS\\QuickDevis\\node_modules\\metro',
100 silly reify   'D:\\PROJECTS\\QuickDevis\\node_modules\\.bin\\metro',
100 silly reify   'D:\\PROJECTS\\QuickDevis\\node_modules\\.bin\\metro.cmd',
100 silly reify   'D:\\PROJECTS\\QuickDevis\\node_modules\\.bin\\metro.ps1'
100 silly reify ]
101 silly reify mark retired [
101 silly reify   'D:\\PROJECTS\\QuickDevis\\node_modules\\mkdirp',
101 silly reify   'D:\\PROJECTS\\QuickDevis\\node_modules\\.bin\\mkdirp',
101 silly reify   'D:\\PROJECTS\\QuickDevis\\node_modules\\.bin\\mkdirp.cmd',
101 silly reify   'D:\\PROJECTS\\QuickDevis\\node_modules\\.bin\\mkdirp.ps1'
101 silly reify ]
102 silly reify mark retired [
102 silly reify   'D:\\PROJECTS\\QuickDevis\\node_modules\\nanoid',
102 silly reify   'D:\\PROJECTS\\QuickDevis\\node_modules\\.bin\\nanoid',
102 silly reify   'D:\\PROJECTS\\QuickDevis\\node_modules\\.bin\\nanoid.cmd',
102 silly reify   'D:\\PROJECTS\\QuickDevis\\node_modules\\.bin\\nanoid.ps1'
102 silly reify ]
103 silly reify mark retired [
103 silly reify   'D:\\PROJECTS\\QuickDevis\\node_modules\\regjsparser',
103 silly reify   'D:\\PROJECTS\\QuickDevis\\node_modules\\.bin\\regjsparser',
103 silly reify   'D:\\PROJECTS\\QuickDevis\\node_modules\\.bin\\regjsparser.cmd',
103 silly reify   'D:\\PROJECTS\\QuickDevis\\node_modules\\.bin\\regjsparser.ps1'
103 silly reify ]
104 silly reify mark retired [
104 silly reify   'D:\\PROJECTS\\QuickDevis\\node_modules\\resolve',
104 silly reify   'D:\\PROJECTS\\QuickDevis\\node_modules\\.bin\\resolve',
104 silly reify   'D:\\PROJECTS\\QuickDevis\\node_modules\\.bin\\resolve.cmd',
104 silly reify   'D:\\PROJECTS\\QuickDevis\\node_modules\\.bin\\resolve.ps1'
104 silly reify ]
105 silly reify mark retired [
105 silly reify   'D:\\PROJECTS\\QuickDevis\\node_modules\\sandbox-cli-detector',
105 silly reify   'D:\\PROJECTS\\QuickDevis\\node_modules\\.bin\\sandbox-cli-detector',
105 silly reify   'D:\\PROJECTS\\QuickDevis\\node_modules\\.bin\\sandbox-cli-detector.cmd',
105 silly reify   'D:\\PROJECTS\\QuickDevis\\node_modules\\.bin\\sandbox-cli-detector.ps1'
105 silly reify ]
106 silly reify mark retired [
106 silly reify   'D:\\PROJECTS\\QuickDevis\\node_modules\\semver',
106 silly reify   'D:\\PROJECTS\\QuickDevis\\node_modules\\.bin\\semver',
106 silly reify   'D:\\PROJECTS\\QuickDevis\\node_modules\\.bin\\semver.cmd',
106 silly reify   'D:\\PROJECTS\\QuickDevis\\node_modules\\.bin\\semver.ps1'
106 silly reify ]
107 silly reify mark retired [
107 silly reify   'D:\\PROJECTS\\QuickDevis\\node_modules\\terser',
107 silly reify   'D:\\PROJECTS\\QuickDevis\\node_modules\\.bin\\terser',
107 silly reify   'D:\\PROJECTS\\QuickDevis\\node_modules\\.bin\\terser.cmd',
107 silly reify   'D:\\PROJECTS\\QuickDevis\\node_modules\\.bin\\terser.ps1'
107 silly reify ]
108 silly reify mark retired [
108 silly reify   'D:\\PROJECTS\\QuickDevis\\node_modules\\update-browserslist-db',
108 silly reify   'D:\\PROJECTS\\QuickDevis\\node_modules\\.bin\\update-browserslist-db',
108 silly reify   'D:\\PROJECTS\\QuickDevis\\node_modules\\.bin\\update-browserslist-db.cmd',
108 silly reify   'D:\\PROJECTS\\QuickDevis\\node_modules\\.bin\\update-browserslist-db.ps1'
108 silly reify ]
109 silly reify mark retired [
109 silly reify   'D:\\PROJECTS\\QuickDevis\\node_modules\\uuid',
109 silly reify   'D:\\PROJECTS\\QuickDevis\\node_modules\\.bin\\uuid',
109 silly reify   'D:\\PROJECTS\\QuickDevis\\node_modules\\.bin\\uuid.cmd',
109 silly reify   'D:\\PROJECTS\\QuickDevis\\node_modules\\.bin\\uuid.ps1'
109 silly reify ]
110 silly reify mark retired [
110 silly reify   'D:\\PROJECTS\\QuickDevis\\node_modules\\which',
110 silly reify   'D:\\PROJECTS\\QuickDevis\\node_modules\\.bin\\node-which',
110 silly reify   'D:\\PROJECTS\\QuickDevis\\node_modules\\.bin\\node-which.cmd',
110 silly reify   'D:\\PROJECTS\\QuickDevis\\node_modules\\.bin\\node-which.ps1'
110 silly reify ]
111 silly reify mark retired [
111 silly reify   'D:\\PROJECTS\\QuickDevis\\node_modules\\yaml',
111 silly reify   'D:\\PROJECTS\\QuickDevis\\node_modules\\.bin\\yaml',
111 silly reify   'D:\\PROJECTS\\QuickDevis\\node_modules\\.bin\\yaml.cmd',
111 silly reify   'D:\\PROJECTS\\QuickDevis\\node_modules\\.bin\\yaml.ps1'
111 silly reify ]
112 silly reify mark retired [
112 silly reify   'D:\\PROJECTS\\QuickDevis\\node_modules\\@babel\\core\\node_modules\\semver',
112 silly reify   'D:\\PROJECTS\\QuickDevis\\node_modules\\@babel\\core\\node_modules\\.bin\\semver',
112 silly reify   'D:\\PROJECTS\\QuickDevis\\node_modules\\@babel\\core\\node_modules\\.bin\\semver.cmd',
112 silly reify   'D:\\PROJECTS\\QuickDevis\\node_modules\\@babel\\core\\node_modules\\.bin\\semver.ps1'
112 silly reify ]
113 silly reify mark retired [
113 silly reify   'D:\\PROJECTS\\QuickDevis\\node_modules\\@babel\\helper-compilation-targets\\node_modules\\semver',
113 silly reify   'D:\\PROJECTS\\QuickDevis\\node_modules\\@babel\\helper-compilation-targets\\node_modules\\.bin\\semver',
113 silly reify   'D:\\PROJECTS\\QuickDevis\\node_modules\\@babel\\helper-compilation-targets\\node_modules\\.bin\\semver.cmd',
113 silly reify   'D:\\PROJECTS\\QuickDevis\\node_modules\\@babel\\helper-compilation-targets\\node_modules\\.bin\\semver.ps1'
113 silly reify ]
114 silly reify mark retired [
114 silly reify   'D:\\PROJECTS\\QuickDevis\\node_modules\\@babel\\helper-create-class-features-plugin\\node_modules\\semver',
114 silly reify   'D:\\PROJECTS\\QuickDevis\\node_modules\\@babel\\helper-create-class-features-plugin\\node_modules\\.bin\\semver',
114 silly reify   'D:\\PROJECTS\\QuickDevis\\node_modules\\@babel\\helper-create-class-features-plugin\\node_modules\\.bin\\semver.cmd',
114 silly reify   'D:\\PROJECTS\\QuickDevis\\node_modules\\@babel\\helper-create-class-features-plugin\\node_modules\\.bin\\semver.ps1'
114 silly reify ]
115 silly reify mark retired [
115 silly reify   'D:\\PROJECTS\\QuickDevis\\node_modules\\@babel\\helper-create-regexp-features-plugin\\node_modules\\semver',
115 silly reify   'D:\\PROJECTS\\QuickDevis\\node_modules\\@babel\\helper-create-regexp-features-plugin\\node_modules\\.bin\\semver',
115 silly reify   'D:\\PROJECTS\\QuickDevis\\node_modules\\@babel\\helper-create-regexp-features-plugin\\node_modules\\.bin\\semver.cmd',
115 silly reify   'D:\\PROJECTS\\QuickDevis\\node_modules\\@babel\\helper-create-regexp-features-plugin\\node_modules\\.bin\\semver.ps1'
115 silly reify ]
116 silly reify mark retired [
116 silly reify   'D:\\PROJECTS\\QuickDevis\\node_modules\\@babel\\parser',
116 silly reify   'D:\\PROJECTS\\QuickDevis\\node_modules\\.bin\\parser',
116 silly reify   'D:\\PROJECTS\\QuickDevis\\node_modules\\.bin\\parser.cmd',
116 silly reify   'D:\\PROJECTS\\QuickDevis\\node_modules\\.bin\\parser.ps1'
116 silly reify ]
117 silly reify mark retired [
117 silly reify   'D:\\PROJECTS\\QuickDevis\\node_modules\\@babel\\plugin-transform-runtime\\node_modules\\semver',
117 silly reify   'D:\\PROJECTS\\QuickDevis\\node_modules\\@babel\\plugin-transform-runtime\\node_modules\\.bin\\semver',
117 silly reify   'D:\\PROJECTS\\QuickDevis\\node_modules\\@babel\\plugin-transform-runtime\\node_modules\\.bin\\semver.cmd',
117 silly reify   'D:\\PROJECTS\\QuickDevis\\node_modules\\@babel\\plugin-transform-runtime\\node_modules\\.bin\\semver.ps1'
117 silly reify ]
118 silly reify mark retired [
118 silly reify   'D:\\PROJECTS\\QuickDevis\\node_modules\\@expo\\fingerprint',
118 silly reify   'D:\\PROJECTS\\QuickDevis\\node_modules\\.bin\\fingerprint',
118 silly reify   'D:\\PROJECTS\\QuickDevis\\node_modules\\.bin\\fingerprint.cmd',
118 silly reify   'D:\\PROJECTS\\QuickDevis\\node_modules\\.bin\\fingerprint.ps1'
118 silly reify ]
119 silly reify mark retired [
119 silly reify   'D:\\PROJECTS\\QuickDevis\\node_modules\\@expo\\xcpretty',
119 silly reify   'D:\\PROJECTS\\QuickDevis\\node_modules\\.bin\\excpretty',
119 silly reify   'D:\\PROJECTS\\QuickDevis\\node_modules\\.bin\\excpretty.cmd',
119 silly reify   'D:\\PROJECTS\\QuickDevis\\node_modules\\.bin\\excpretty.ps1'
119 silly reify ]
120 silly reify moves {
120 silly reify   'D:\\PROJECTS\\QuickDevis\\node_modules\\react-native': 'D:\\PROJECTS\\QuickDevis\\node_modules\\.react-native-wsKUW5sU',
120 silly reify   'D:\\PROJECTS\\QuickDevis\\node_modules\\acorn': 'D:\\PROJECTS\\QuickDevis\\node_modules\\.acorn-9uFzTFMX',
120 silly reify   'D:\\PROJECTS\\QuickDevis\\node_modules\\.bin\\acorn': 'D:\\PROJECTS\\QuickDevis\\node_modules\\.bin\\.acorn-GLUSmImw',
120 silly reify   'D:\\PROJECTS\\QuickDevis\\node_modules\\.bin\\acorn.cmd': 'D:\\PROJECTS\\QuickDevis\\node_modules\\.bin\\.acorn.cmd-OshsKPHn',
120 silly reify   'D:\\PROJECTS\\QuickDevis\\node_modules\\.bin\\acorn.ps1': 'D:\\PROJECTS\\QuickDevis\\node_modules\\.bin\\.acorn.ps1-R7AjfnoC',
120 silly reify   'D:\\PROJECTS\\QuickDevis\\node_modules\\agent-cli-detector': 'D:\\PROJECTS\\QuickDevis\\node_modules\\.agent-cli-detector-KoEsmWv7',
120 silly reify   'D:\\PROJECTS\\QuickDevis\\node_modules\\.bin\\agent-cli-detector': 'D:\\PROJECTS\\QuickDevis\\node_modules\\.bin\\.agent-cli-detector-vtPVe3GE',
120 silly reify   'D:\\PROJECTS\\QuickDevis\\node_modules\\.bin\\agent-cli-detector.cmd': 'D:\\PROJECTS\\QuickDevis\\node_modules\\.bin\\.agent-cli-detector.cmd-yI4xUehd',
120 silly reify   'D:\\PROJECTS\\QuickDevis\\node_modules\\.bin\\agent-cli-detector.ps1': 'D:\\PROJECTS\\QuickDevis\\node_modules\\.bin\\.agent-cli-detector.ps1-fAIX2hrx',
120 silly reify   'D:\\PROJECTS\\QuickDevis\\node_modules\\babel-plugin-polyfill-corejs2\\node_modules\\semver': 'D:\\PROJECTS\\QuickDevis\\node_modules\\babel-plugin-polyfill-corejs2\\node_modules\\.semver-uNbBBMld',
120 silly reify   'D:\\PROJECTS\\QuickDevis\\node_modules\\babel-plugin-polyfill-corejs2\\node_modules\\.bin\\semver': 'D:\\PROJECTS\\QuickDevis\\node_modules\\babel-plugin-polyfill-corejs2\\node_modules\\.bin\\.semver-99ICOriK',
120 silly reify   'D:\\PROJECTS\\QuickDevis\\node_modules\\babel-plugin-polyfill-corejs2\\node_modules\\.bin\\semver.cmd': 'D:\\PROJECTS\\QuickDevis\\node_modules\\babel-plugin-polyfill-corejs2\\node_modules\\.bin\\.semver.cmd-4lVwzhIu',
120 silly reify   'D:\\PROJECTS\\QuickDevis\\node_modules\\babel-plugin-polyfill-corejs2\\node_modules\\.bin\\semver.ps1': 'D:\\PROJECTS\\QuickDevis\\node_modules\\babel-plugin-polyfill-corejs2\\node_modules\\.bin\\.semver.ps1-87upFJb6',
120 silly reify   'D:\\PROJECTS\\QuickDevis\\node_modules\\baseline-browser-mapping': 'D:\\PROJECTS\\QuickDevis\\node_modules\\.baseline-browser-mapping-K6KEqgim',
120 silly reify   'D:\\PROJECTS\\QuickDevis\\node_modules\\.bin\\baseline-browser-mapping': 'D:\\PROJECTS\\QuickDevis\\node_modules\\.bin\\.baseline-browser-mapping-T09geXFQ',
120 silly reify   'D:\\PROJECTS\\QuickDevis\\node_modules\\.bin\\baseline-browser-mapping.cmd': 'D:\\PROJECTS\\QuickDevis\\node_modules\\.bin\\.baseline-browser-mapping.cmd-zJt7M4Wg',
120 silly reify   'D:\\PROJECTS\\QuickDevis\\node_modules\\.bin\\baseline-browser-mapping.ps1': 'D:\\PROJECTS\\QuickDevis\\node_modules\\.bin\\.baseline-browser-mapping.ps1-KQBHUrLI',
120 silly reify   'D:\\PROJECTS\\QuickDevis\\node_modules\\browserslist': 'D:\\PROJECTS\\QuickDevis\\node_modules\\.browserslist-yA9rIUqT',
120 silly reify   'D:\\PROJECTS\\QuickDevis\\node_modules\\.bin\\browserslist': 'D:\\PROJECTS\\QuickDevis\\node_modules\\.bin\\.browserslist-7Gw32n6S',
120 silly reify   'D:\\PROJECTS\\QuickDevis\\node_modules\\.bin\\browserslist.cmd': 'D:\\PROJECTS\\QuickDevis\\node_modules\\.bin\\.browserslist.cmd-Lv1WLhIi',
120 silly reify   'D:\\PROJECTS\\QuickDevis\\node_modules\\.bin\\browserslist.ps1': 'D:\\PROJECTS\\QuickDevis\\node_modules\\.bin\\.browserslist.ps1-qS7bS7pH',
120 silly reify   'D:\\PROJECTS\\QuickDevis\\node_modules\\chrome-launcher': 'D:\\PROJECTS\\QuickDevis\\node_modules\\.chrome-launcher-a6I9nY0y',
120 silly reify   'D:\\PROJECTS\\QuickDevis\\node_modules\\.bin\\print-chrome-path': 'D:\\PROJECTS\\QuickDevis\\node_modules\\.bin\\.print-chrome-path-ASy8AsB7',
120 silly reify   'D:\\PROJECTS\\QuickDevis\\node_modules\\.bin\\print-chrome-path.cmd': 'D:\\PROJECTS\\QuickDevis\\node_modules\\.bin\\.print-chrome-path.cmd-9ZdM66QF',
120 silly reify   'D:\\PROJECTS\\QuickDevis\\node_modules\\.bin\\print-chrome-path.ps1': 'D:\\PROJECTS\\QuickDevis\\node_modules\\.bin\\.print-chrome-path.ps1-UmMCwJv8',
120 silly reify   'D:\\PROJECTS\\QuickDevis\\node_modules\\expo-modules-autolinking': 'D:\\PROJECTS\\QuickDevis\\node_modules\\.expo-modules-autolinking-hFSXTVSG',
120 silly reify   'D:\\PROJECTS\\QuickDevis\\node_modules\\.bin\\expo-modules-autolinking': 'D:\\PROJECTS\\QuickDevis\\node_modules\\.bin\\.expo-modules-autolinking-Af00P4od',
120 silly reify   'D:\\PROJECTS\\QuickDevis\\node_modules\\.bin\\expo-modules-autolinking.cmd': 'D:\\PROJECTS\\QuickDevis\\node_modules\\.bin\\.expo-modules-autolinking.cmd-CQd7CtLW',
120 silly reify   'D:\\PROJECTS\\QuickDevis\\node_modules\\.bin\\expo-modules-autolinking.ps1': 'D:\\PROJECTS\\QuickDevis\\node_modules\\.bin\\.expo-modules-autolinking.ps1-SqbPeCjF',
120 silly reify   'D:\\PROJECTS\\QuickDevis\\node_modules\\expo': 'D:\\PROJECTS\\QuickDevis\\node_modules\\.expo-tUBf838c',
120 silly reify   'D:\\PROJECTS\\QuickDevis\\node_modules\\.bin\\expo': 'D:\\PROJECTS\\QuickDevis\\node_modules\\.bin\\.expo-1ho8TBRH',
120 silly reify   'D:\\PROJECTS\\QuickDevis\\node_modules\\.bin\\expo.cmd': 'D:\\PROJECTS\\QuickDevis\\node_modules\\.bin\\.expo.cmd-oFuyQ86M',
120 silly reify   'D:\\PROJECTS\\QuickDevis\\node_modules\\.bin\\expo.ps1': 'D:\\PROJECTS\\QuickDevis\\node_modules\\.bin\\.expo.ps1-MVrYwIQA',
120 silly reify   'D:\\PROJECTS\\QuickDevis\\node_modules\\.bin\\fingerprint': 'D:\\PROJECTS\\QuickDevis\\node_modules\\.bin\\.fingerprint-KiPKDY6h',
120 silly reify   'D:\\PROJECTS\\QuickDevis\\node_modules\\.bin\\fingerprint.cmd': 'D:\\PROJECTS\\QuickDevis\\node_modules\\.bin\\.fingerprint.cmd-zPkgvu7Q',
120 silly reify   'D:\\PROJECTS\\QuickDevis\\node_modules\\.bin\\fingerprint.ps1': 'D:\\PROJECTS\\QuickDevis\\node_modules\\.bin\\.fingerprint.ps1-kKW89EkI',
120 silly reify   'D:\\PROJECTS\\QuickDevis\\node_modules\\fb-dotslash': 'D:\\PROJECTS\\QuickDevis\\node_modules\\.fb-dotslash-7W0E8U0o',
120 silly reify   'D:\\PROJECTS\\QuickDevis\\node_modules\\.bin\\dotslash': 'D:\\PROJECTS\\QuickDevis\\node_modules\\.bin\\.dotslash-RTa6eXaa',
120 silly reify   'D:\\PROJECTS\\QuickDevis\\node_modules\\.bin\\dotslash.cmd': 'D:\\PROJECTS\\QuickDevis\\node_modules\\.bin\\.dotslash.cmd-09V7Jj6u',
120 silly reify   'D:\\PROJECTS\\QuickDevis\\node_modules\\.bin\\dotslash.ps1': 'D:\\PROJECTS\\QuickDevis\\node_modules\\.bin\\.dotslash.ps1-Jd8OnfFT',
120 silly reify   'D:\\PROJECTS\\QuickDevis\\node_modules\\is-docker': 'D:\\PROJECTS\\QuickDevis\\node_modules\\.is-docker-yK2pbxhc',
120 silly reify   'D:\\PROJECTS\\QuickDevis\\node_modules\\.bin\\is-docker': 'D:\\PROJECTS\\QuickDevis\\node_modules\\.bin\\.is-docker-C5HeaQ2J',
120 silly reify   'D:\\PROJECTS\\QuickDevis\\node_modules\\.bin\\is-docker.cmd': 'D:\\PROJECTS\\QuickDevis\\node_modules\\.bin\\.is-docker.cmd-g3pHOIlX',
120 silly reify   'D:\\PROJECTS\\QuickDevis\\node_modules\\.bin\\is-docker.ps1': 'D:\\PROJECTS\\QuickDevis\\node_modules\\.bin\\.is-docker.ps1-FX3uvjAf',
120 silly reify   'D:\\PROJECTS\\QuickDevis\\node_modules\\js-yaml': 'D:\\PROJECTS\\QuickDevis\\node_modules\\.js-yaml-jKQAeoPh',
120 silly reify   'D:\\PROJECTS\\QuickDevis\\node_modules\\.bin\\js-yaml': 'D:\\PROJECTS\\QuickDevis\\node_modules\\.bin\\.js-yaml-oqK78FbJ',
120 silly reify   'D:\\PROJECTS\\QuickDevis\\node_modules\\.bin\\js-yaml.cmd': 'D:\\PROJECTS\\QuickDevis\\node_modules\\.bin\\.js-yaml.cmd-Hm7wKSp9',
120 silly reify   'D:\\PROJECTS\\QuickDevis\\node_modules\\.bin\\js-yaml.ps1': 'D:\\PROJECTS\\QuickDevis\\node_modules\\.bin\\.js-yaml.ps1-XX0JiIT7',
120 silly reify   'D:\\PROJECTS\\QuickDevis\\node_modules\\jsesc': 'D:\\PROJECTS\\QuickDevis\\node_modules\\.jsesc-Ujdl1CVq',
120 silly reify   'D:\\PROJECTS\\QuickDevis\\node_modules\\.bin\\jsesc': 'D:\\PROJECTS\\QuickDevis\\node_modules\\.bin\\.jsesc-BezVDvZL',
120 silly reify   'D:\\PROJECTS\\QuickDevis\\node_modules\\.bin\\jsesc.cmd': 'D:\\PROJECTS\\QuickDevis\\node_modules\\.bin\\.jsesc.cmd-ktMlNTf6',
120 silly reify   'D:\\PROJECTS\\QuickDevis\\node_modules\\.bin\\jsesc.ps1': 'D:\\PROJECTS\\QuickDevis\\node_modules\\.bin\\.jsesc.ps1-FsZ9tQEh',
120 silly reify   'D:\\PROJECTS\\QuickDevis\\node_modules\\json5': 'D:\\PROJECTS\\QuickDevis\\node_modules\\.json5-JG8TOuwa',
120 silly reify   'D:\\PROJECTS\\QuickDevis\\node_modules\\.bin\\json5': 'D:\\PROJECTS\\QuickDevis\\node_modules\\.bin\\.json5-ALKj1tGf',
120 silly reify   'D:\\PROJECTS\\QuickDevis\\node_modules\\.bin\\json5.cmd': 'D:\\PROJECTS\\QuickDevis\\node_modules\\.bin\\.json5.cmd-fVj30PoB',
120 silly reify   'D:\\PROJECTS\\QuickDevis\\node_modules\\.bin\\json5.ps1': 'D:\\PROJECTS\\QuickDevis\\node_modules\\.bin\\.json5.ps1-Vb6aAt5H',
120 silly reify   'D:\\PROJECTS\\QuickDevis\\node_modules\\lan-network': 'D:\\PROJECTS\\QuickDevis\\node_modules\\.lan-network-fRARjwjU',
120 silly reify   'D:\\PROJECTS\\QuickDevis\\node_modules\\.bin\\lan-network': 'D:\\PROJECTS\\QuickDevis\\node_modules\\.bin\\.lan-network-JGxNn5Vj',
120 silly reify   'D:\\PROJECTS\\QuickDevis\\node_modules\\.bin\\lan-network.cmd': 'D:\\PROJECTS\\QuickDevis\\node_modules\\.bin\\.lan-network.cmd-68s694q0',
120 silly reify   'D:\\PROJECTS\\QuickDevis\\node_modules\\.bin\\lan-network.ps1': 'D:\\PROJECTS\\QuickDevis\\node_modules\\.bin\\.lan-network.ps1-foWasPpa',
120 silly reify   'D:\\PROJECTS\\QuickDevis\\node_modules\\loose-envify': 'D:\\PROJECTS\\QuickDevis\\node_modules\\.loose-envify-gC0J0AGm',
120 silly reify   'D:\\PROJECTS\\QuickDevis\\node_modules\\.bin\\loose-envify': 'D:\\PROJECTS\\QuickDevis\\node_modules\\.bin\\.loose-envify-u2v83SDi',
120 silly reify   'D:\\PROJECTS\\QuickDevis\\node_modules\\.bin\\loose-envify.cmd': 'D:\\PROJECTS\\QuickDevis\\node_modules\\.bin\\.loose-envify.cmd-N9SOPUGm',
120 silly reify   'D:\\PROJECTS\\QuickDevis\\node_modules\\.bin\\loose-envify.ps1': 'D:\\PROJECTS\\QuickDevis\\node_modules\\.bin\\.loose-envify.ps1-s4s88Xxn',
120 silly reify   'D:\\PROJECTS\\QuickDevis\\node_modules\\metro-symbolicate': 'D:\\PROJECTS\\QuickDevis\\node_modules\\.metro-symbolicate-NHJeFSu1',
120 silly reify   'D:\\PROJECTS\\QuickDevis\\node_modules\\.bin\\metro-symbolicate': 'D:\\PROJECTS\\QuickDevis\\node_modules\\.bin\\.metro-symbolicate-AyC82CJ9',
120 silly reify   'D:\\PROJECTS\\QuickDevis\\node_modules\\.bin\\metro-symbolicate.cmd': 'D:\\PROJECTS\\QuickDevis\\node_modules\\.bin\\.metro-symbolicate.cmd-6E04YOtr',
120 silly reify   'D:\\PROJECTS\\QuickDevis\\node_modules\\.bin\\metro-symbolicate.ps1': 'D:\\PROJECTS\\QuickDevis\\node_modules\\.bin\\.metro-symbolicate.ps1-JiLg4YwS',
120 silly reify   'D:\\PROJECTS\\QuickDevis\\node_modules\\mime': 'D:\\PROJECTS\\QuickDevis\\node_modules\\.mime-TbnYLrQ5',
120 silly reify   'D:\\PROJECTS\\QuickDevis\\node_modules\\.bin\\mime': 'D:\\PROJECTS\\QuickDevis\\node_modules\\.bin\\.mime-wnUynCd4',
120 silly reify   'D:\\PROJECTS\\QuickDevis\\node_modules\\.bin\\mime.cmd': 'D:\\PROJECTS\\QuickDevis\\node_modules\\.bin\\.mime.cmd-ZFSSuUqF',
120 silly reify   'D:\\PROJECTS\\QuickDevis\\node_modules\\.bin\\mime.ps1': 'D:\\PROJECTS\\QuickDevis\\node_modules\\.bin\\.mime.ps1-nPsrKPU8',
120 silly reify   'D:\\PROJECTS\\QuickDevis\\node_modules\\metro': 'D:\\PROJECTS\\QuickDevis\\node_modules\\.metro-rsURvU4K',
120 silly reify   'D:\\PROJECTS\\QuickDevis\\node_modules\\.bin\\metro': 'D:\\PROJECTS\\QuickDevis\\node_modules\\.bin\\.metro-5wDNCRCW',
120 silly reify   'D:\\PROJECTS\\QuickDevis\\node_modules\\.bin\\metro.cmd': 'D:\\PROJECTS\\QuickDevis\\node_modules\\.bin\\.metro.cmd-Wf8BoZTx',
120 silly reify   'D:\\PROJECTS\\QuickDevis\\node_modules\\.bin\\metro.ps1': 'D:\\PROJECTS\\QuickDevis\\node_modules\\.bin\\.metro.ps1-qN5lVxIw',
120 silly reify   'D:\\PROJECTS\\QuickDevis\\node_modules\\mkdirp': 'D:\\PROJECTS\\QuickDevis\\node_modules\\.mkdirp-ET2RgwmK',
120 silly reify   'D:\\PROJECTS\\QuickDevis\\node_modules\\.bin\\mkdirp': 'D:\\PROJECTS\\QuickDevis\\node_modules\\.bin\\.mkdirp-awqmwBps',
120 silly reify   'D:\\PROJECTS\\QuickDevis\\node_modules\\.bin\\mkdirp.cmd': 'D:\\PROJECTS\\QuickDevis\\node_modules\\.bin\\.mkdirp.cmd-pmpODqlF',
120 silly reify   'D:\\PROJECTS\\QuickDevis\\node_modules\\.bin\\mkdirp.ps1': 'D:\\PROJECTS\\QuickDevis\\node_modules\\.bin\\.mkdirp.ps1-ItChiXla',
120 silly reify   'D:\\PROJECTS\\QuickDevis\\node_modules\\nanoid': 'D:\\PROJECTS\\QuickDevis\\node_modules\\.nanoid-QKS8PvdR',
120 silly reify   'D:\\PROJECTS\\QuickDevis\\node_modules\\.bin\\nanoid': 'D:\\PROJECTS\\QuickDevis\\node_modules\\.bin\\.nanoid-Ialib08Q',
120 silly reify   'D:\\PROJECTS\\QuickDevis\\node_modules\\.bin\\nanoid.cmd': 'D:\\PROJECTS\\QuickDevis\\node_modules\\.bin\\.nanoid.cmd-YKbws7i6',
120 silly reify   'D:\\PROJECTS\\QuickDevis\\node_modules\\.bin\\nanoid.ps1': 'D:\\PROJECTS\\QuickDevis\\node_modules\\.bin\\.nanoid.ps1-7bGi6W7T',
120 silly reify   'D:\\PROJECTS\\QuickDevis\\node_modules\\regjsparser': 'D:\\PROJECTS\\QuickDevis\\node_modules\\.regjsparser-q661MqTb',
120 silly reify   'D:\\PROJECTS\\QuickDevis\\node_modules\\.bin\\regjsparser': 'D:\\PROJECTS\\QuickDevis\\node_modules\\.bin\\.regjsparser-q6dYU9ux',
120 silly reify   'D:\\PROJECTS\\QuickDevis\\node_modules\\.bin\\regjsparser.cmd': 'D:\\PROJECTS\\QuickDevis\\node_modules\\.bin\\.regjsparser.cmd-FhCb4lKK',
120 silly reify   'D:\\PROJECTS\\QuickDevis\\node_modules\\.bin\\regjsparser.ps1': 'D:\\PROJECTS\\QuickDevis\\node_modules\\.bin\\.regjsparser.ps1-xuGAr7yF',
120 silly reify   'D:\\PROJECTS\\QuickDevis\\node_modules\\resolve': 'D:\\PROJECTS\\QuickDevis\\node_modules\\.resolve-2eKwMFIL',
120 silly reify   'D:\\PROJECTS\\QuickDevis\\node_modules\\.bin\\resolve': 'D:\\PROJECTS\\QuickDevis\\node_modules\\.bin\\.resolve-NQTXzJ90',
120 silly reify   'D:\\PROJECTS\\QuickDevis\\node_modules\\.bin\\resolve.cmd': 'D:\\PROJECTS\\QuickDevis\\node_modules\\.bin\\.resolve.cmd-ffmw6oXO',
120 silly reify   'D:\\PROJECTS\\QuickDevis\\node_modules\\.bin\\resolve.ps1': 'D:\\PROJECTS\\QuickDevis\\node_modules\\.bin\\.resolve.ps1-YcP0QTp1',
120 silly reify   'D:\\PROJECTS\\QuickDevis\\node_modules\\sandbox-cli-detector': 'D:\\PROJECTS\\QuickDevis\\node_modules\\.sandbox-cli-detector-oWRINCss',
120 silly reify   'D:\\PROJECTS\\QuickDevis\\node_modules\\.bin\\sandbox-cli-detector': 'D:\\PROJECTS\\QuickDevis\\node_modules\\.bin\\.sandbox-cli-detector-guZ7EB5i',
120 silly reify   'D:\\PROJECTS\\QuickDevis\\node_modules\\.bin\\sandbox-cli-detector.cmd': 'D:\\PROJECTS\\QuickDevis\\node_modules\\.bin\\.sandbox-cli-detector.cmd-D3ztcYNo',
120 silly reify   'D:\\PROJECTS\\QuickDevis\\node_modules\\.bin\\sandbox-cli-detector.ps1': 'D:\\PROJECTS\\QuickDevis\\node_modules\\.bin\\.sandbox-cli-detector.ps1-TGdAA0H2',
120 silly reify   'D:\\PROJECTS\\QuickDevis\\node_modules\\semver': 'D:\\PROJECTS\\QuickDevis\\node_modules\\.semver-slWxjkRe',
120 silly reify   'D:\\PROJECTS\\QuickDevis\\node_modules\\.bin\\semver': 'D:\\PROJECTS\\QuickDevis\\node_modules\\.bin\\.semver-PsdNLpQ2',
120 silly reify   'D:\\PROJECTS\\QuickDevis\\node_modules\\.bin\\semver.cmd': 'D:\\PROJECTS\\QuickDevis\\node_modules\\.bin\\.semver.cmd-FSt9DVHx',
120 silly reify   'D:\\PROJECTS\\QuickDevis\\node_modules\\.bin\\semver.ps1': 'D:\\PROJECTS\\QuickDevis\\node_modules\\.bin\\.semver.ps1-wx9IpxM9',
120 silly reify   'D:\\PROJECTS\\QuickDevis\\node_modules\\terser': 'D:\\PROJECTS\\QuickDevis\\node_modules\\.terser-V6f00NOK',
120 silly reify   'D:\\PROJECTS\\QuickDevis\\node_modules\\.bin\\terser': 'D:\\PROJECTS\\QuickDevis\\node_modules\\.bin\\.terser-DPmNbIyO',
120 silly reify   'D:\\PROJECTS\\QuickDevis\\node_modules\\.bin\\terser.cmd': 'D:\\PROJECTS\\QuickDevis\\node_modules\\.bin\\.terser.cmd-hwDljQmW',
120 silly reify   'D:\\PROJECTS\\QuickDevis\\node_modules\\.bin\\terser.ps1': 'D:\\PROJECTS\\QuickDevis\\node_modules\\.bin\\.terser.ps1-zLfSQOaj',
120 silly reify   'D:\\PROJECTS\\QuickDevis\\node_modules\\update-browserslist-db': 'D:\\PROJECTS\\QuickDevis\\node_modules\\.update-browserslist-db-Tw5jiQq0',
120 silly reify   'D:\\PROJECTS\\QuickDevis\\node_modules\\.bin\\update-browserslist-db': 'D:\\PROJECTS\\QuickDevis\\node_modules\\.bin\\.update-browserslist-db-igSjRt9f',
120 silly reify   'D:\\PROJECTS\\QuickDevis\\node_modules\\.bin\\update-browserslist-db.cmd': 'D:\\PROJECTS\\QuickDevis\\node_modules\\.bin\\.update-browserslist-db.cmd-Dz2OdcSY',
120 silly reify   'D:\\PROJECTS\\QuickDevis\\node_modules\\.bin\\update-browserslist-db.ps1': 'D:\\PROJECTS\\QuickDevis\\node_modules\\.bin\\.update-browserslist-db.ps1-HjNj0TDO',
120 silly reify   'D:\\PROJECTS\\QuickDevis\\node_modules\\uuid': 'D:\\PROJECTS\\QuickDevis\\node_modules\\.uuid-vTB2ISir',
120 silly reify   'D:\\PROJECTS\\QuickDevis\\node_modules\\.bin\\uuid': 'D:\\PROJECTS\\QuickDevis\\node_modules\\.bin\\.uuid-7TYxEjZ3',
120 silly reify   'D:\\PROJECTS\\QuickDevis\\node_modules\\.bin\\uuid.cmd': 'D:\\PROJECTS\\QuickDevis\\node_modules\\.bin\\.uuid.cmd-WhXKKHVH',
120 silly reify   'D:\\PROJECTS\\QuickDevis\\node_modules\\.bin\\uuid.ps1': 'D:\\PROJECTS\\QuickDevis\\node_modules\\.bin\\.uuid.ps1-KYx4ObZs',
120 silly reify   'D:\\PROJECTS\\QuickDevis\\node_modules\\which': 'D:\\PROJECTS\\QuickDevis\\node_modules\\.which-KDX32rJ1',
120 silly reify   'D:\\PROJECTS\\QuickDevis\\node_modules\\.bin\\node-which': 'D:\\PROJECTS\\QuickDevis\\node_modules\\.bin\\.node-which-pEq7QTiR',
120 silly reify   'D:\\PROJECTS\\QuickDevis\\node_modules\\.bin\\node-which.cmd': 'D:\\PROJECTS\\QuickDevis\\node_modules\\.bin\\.node-which.cmd-fLK6FUyx',
120 silly reify   'D:\\PROJECTS\\QuickDevis\\node_modules\\.bin\\node-which.ps1': 'D:\\PROJECTS\\QuickDevis\\node_modules\\.bin\\.node-which.ps1-RXoIVmvL',
120 silly reify   'D:\\PROJECTS\\QuickDevis\\node_modules\\yaml': 'D:\\PROJECTS\\QuickDevis\\node_modules\\.yaml-jgG7ODxn',
120 silly reify   'D:\\PROJECTS\\QuickDevis\\node_modules\\.bin\\yaml': 'D:\\PROJECTS\\QuickDevis\\node_modules\\.bin\\.yaml-hEqRsw28',
120 silly reify   'D:\\PROJECTS\\QuickDevis\\node_modules\\.bin\\yaml.cmd': 'D:\\PROJECTS\\QuickDevis\\node_modules\\.bin\\.yaml.cmd-mF9cIJRA',
120 silly reify   'D:\\PROJECTS\\QuickDevis\\node_modules\\.bin\\yaml.ps1': 'D:\\PROJECTS\\QuickDevis\\node_modules\\.bin\\.yaml.ps1-k6loVzY0',
120 silly reify   'D:\\PROJECTS\\QuickDevis\\node_modules\\@babel\\core\\node_modules\\semver': 'D:\\PROJECTS\\QuickDevis\\node_modules\\@babel\\core\\node_modules\\.semver-fpl3UJTj',
120 silly reify   'D:\\PROJECTS\\QuickDevis\\node_modules\\@babel\\core\\node_modules\\.bin\\semver': 'D:\\PROJECTS\\QuickDevis\\node_modules\\@babel\\core\\node_modules\\.bin\\.semver-YRJVyCEZ',
120 silly reify   'D:\\PROJECTS\\QuickDevis\\node_modules\\@babel\\core\\node_modules\\.bin\\semver.cmd': 'D:\\PROJECTS\\QuickDevis\\node_modules\\@babel\\core\\node_modules\\.bin\\.semver.cmd-q4k53otp',
120 silly reify   'D:\\PROJECTS\\QuickDevis\\node_modules\\@babel\\core\\node_modules\\.bin\\semver.ps1': 'D:\\PROJECTS\\QuickDevis\\node_modules\\@babel\\core\\node_modules\\.bin\\.semver.ps1-shLwZfln',
120 silly reify   'D:\\PROJECTS\\QuickDevis\\node_modules\\@babel\\helper-compilation-targets\\node_modules\\semver': 'D:\\PROJECTS\\QuickDevis\\node_modules\\@babel\\helper-compilation-targets\\node_modules\\.semver-oMcP78wK',
120 silly reify   'D:\\PROJECTS\\QuickDevis\\node_modules\\@babel\\helper-compilation-targets\\node_modules\\.bin\\semver': 'D:\\PROJECTS\\QuickDevis\\node_modules\\@babel\\helper-compilation-targets\\node_modules\\.bin\\.semver-3sPnhPwS',
120 silly reify   'D:\\PROJECTS\\QuickDevis\\node_modules\\@babel\\helper-compilation-targets\\node_modules\\.bin\\semver.cmd': 'D:\\PROJECTS\\QuickDevis\\node_modules\\@babel\\helper-compilation-targets\\node_modules\\.bin\\.semver.cmd-YiahPCYm',
120 silly reify   'D:\\PROJECTS\\QuickDevis\\node_modules\\@babel\\helper-compilation-targets\\node_modules\\.bin\\semver.ps1': 'D:\\PROJECTS\\QuickDevis\\node_modules\\@babel\\helper-compilation-targets\\node_modules\\.bin\\.semver.ps1-gLu1t90V',
120 silly reify   'D:\\PROJECTS\\QuickDevis\\node_modules\\@babel\\helper-create-class-features-plugin\\node_modules\\semver': 'D:\\PROJECTS\\QuickDevis\\node_modules\\@babel\\helper-create-class-features-plugin\\node_modules\\.semver-1b3uSA6H',
120 silly reify   'D:\\PROJECTS\\QuickDevis\\node_modules\\@babel\\helper-create-class-features-plugin\\node_modules\\.bin\\semver': 'D:\\PROJECTS\\QuickDevis\\node_modules\\@babel\\helper-create-class-features-plugin\\node_modules\\.bin\\.semver-NC6fs3VI',
120 silly reify   'D:\\PROJECTS\\QuickDevis\\node_modules\\@babel\\helper-create-class-features-plugin\\node_modules\\.bin\\semver.cmd': 'D:\\PROJECTS\\QuickDevis\\node_modules\\@babel\\helper-create-class-features-plugin\\node_modules\\.bin\\.semver.cmd-bPM1t3HP',
120 silly reify   'D:\\PROJECTS\\QuickDevis\\node_modules\\@babel\\helper-create-class-features-plugin\\node_modules\\.bin\\semver.ps1': 'D:\\PROJECTS\\QuickDevis\\node_modules\\@babel\\helper-create-class-features-plugin\\node_modules\\.bin\\.semver.ps1-UFTRPxdr',
120 silly reify   'D:\\PROJECTS\\QuickDevis\\node_modules\\@babel\\helper-create-regexp-features-plugin\\node_modules\\semver': 'D:\\PROJECTS\\QuickDevis\\node_modules\\@babel\\helper-create-regexp-features-plugin\\node_modules\\.semver-t9zRBT0b',
120 silly reify   'D:\\PROJECTS\\QuickDevis\\node_modules\\@babel\\helper-create-regexp-features-plugin\\node_modules\\.bin\\semver': 'D:\\PROJECTS\\QuickDevis\\node_modules\\@babel\\helper-create-regexp-features-plugin\\node_modules\\.bin\\.semver-2dzNZJmf',
120 silly reify   'D:\\PROJECTS\\QuickDevis\\node_modules\\@babel\\helper-create-regexp-features-plugin\\node_modules\\.bin\\semver.cmd': 'D:\\PROJECTS\\QuickDevis\\node_modules\\@babel\\helper-create-regexp-features-plugin\\node_modules\\.bin\\.semver.cmd-L0I2sMSl',
120 silly reify   'D:\\PROJECTS\\QuickDevis\\node_modules\\@babel\\helper-create-regexp-features-plugin\\node_modules\\.bin\\semver.ps1': 'D:\\PROJECTS\\QuickDevis\\node_modules\\@babel\\helper-create-regexp-features-plugin\\node_modules\\.bin\\.semver.ps1-m0c3fwIs',
120 silly reify   'D:\\PROJECTS\\QuickDevis\\node_modules\\@babel\\parser': 'D:\\PROJECTS\\QuickDevis\\node_modules\\@babel\\.parser-ZoXNR9ZL',
120 silly reify   'D:\\PROJECTS\\QuickDevis\\node_modules\\.bin\\parser': 'D:\\PROJECTS\\QuickDevis\\node_modules\\.bin\\.parser-CB2qN74Y',
120 silly reify   'D:\\PROJECTS\\QuickDevis\\node_modules\\.bin\\parser.cmd': 'D:\\PROJECTS\\QuickDevis\\node_modules\\.bin\\.parser.cmd-rPKr7RhH',
120 silly reify   'D:\\PROJECTS\\QuickDevis\\node_modules\\.bin\\parser.ps1': 'D:\\PROJECTS\\QuickDevis\\node_modules\\.bin\\.parser.ps1-H8Qb00pd',
120 silly reify   'D:\\PROJECTS\\QuickDevis\\node_modules\\@babel\\plugin-transform-runtime\\node_modules\\semver': 'D:\\PROJECTS\\QuickDevis\\node_modules\\@babel\\plugin-transform-runtime\\node_modules\\.semver-7FTkB98a',
120 silly reify   'D:\\PROJECTS\\QuickDevis\\node_modules\\@babel\\plugin-transform-runtime\\node_modules\\.bin\\semver': 'D:\\PROJECTS\\QuickDevis\\node_modules\\@babel\\plugin-transform-runtime\\node_modules\\.bin\\.semver-mBuH7qpq',
120 silly reify   'D:\\PROJECTS\\QuickDevis\\node_modules\\@babel\\plugin-transform-runtime\\node_modules\\.bin\\semver.cmd': 'D:\\PROJECTS\\QuickDevis\\node_modules\\@babel\\plugin-transform-runtime\\node_modules\\.bin\\.semver.cmd-kYTK2xTR',
120 silly reify   'D:\\PROJECTS\\QuickDevis\\node_modules\\@babel\\plugin-transform-runtime\\node_modules\\.bin\\semver.ps1': 'D:\\PROJECTS\\QuickDevis\\node_modules\\@babel\\plugin-transform-runtime\\node_modules\\.bin\\.semver.ps1-c7MXM9DI',
120 silly reify   'D:\\PROJECTS\\QuickDevis\\node_modules\\@expo\\fingerprint': 'D:\\PROJECTS\\QuickDevis\\node_modules\\@expo\\.fingerprint-hlnKPkyd',
120 silly reify   'D:\\PROJECTS\\QuickDevis\\node_modules\\@expo\\xcpretty': 'D:\\PROJECTS\\QuickDevis\\node_modules\\@expo\\.xcpretty-X2wFFC8H',
120 silly reify   'D:\\PROJECTS\\QuickDevis\\node_modules\\.bin\\excpretty': 'D:\\PROJECTS\\QuickDevis\\node_modules\\.bin\\.excpretty-Ev30EJal',
120 silly reify   'D:\\PROJECTS\\QuickDevis\\node_modules\\.bin\\excpretty.cmd': 'D:\\PROJECTS\\QuickDevis\\node_modules\\.bin\\.excpretty.cmd-n9VrssAS',
120 silly reify   'D:\\PROJECTS\\QuickDevis\\node_modules\\.bin\\excpretty.ps1': 'D:\\PROJECTS\\QuickDevis\\node_modules\\.bin\\.excpretty.ps1-QExGO8vz'
120 silly reify }
121 silly audit bulk request {
121 silly audit   commander: [ '7.2.0', '2.20.3', '12.1.0' ],
121 silly audit   'abort-controller': [ '3.0.0' ],
121 silly audit   accepts: [ '2.0.0', '1.3.8' ],
121 silly audit   acorn: [ '8.18.0' ],
121 silly audit   'agent-base': [ '7.1.4' ],
121 silly audit   'agent-cli-detector': [ '0.1.7' ],
121 silly audit   anser: [ '1.4.10' ],
121 silly audit   'ansi-escapes': [ '4.3.2' ],
121 silly audit   'type-fest': [ '0.21.3', '0.7.1' ],
121 silly audit   'ansi-regex': [ '5.0.1', '4.1.1' ],
121 silly audit   'ansi-styles': [ '4.3.0', '3.2.1', '5.2.0' ],
121 silly audit   arg: [ '5.0.2' ],
121 silly audit   argparse: [ '2.0.1' ],
121 silly audit   asap: [ '2.0.6' ],
121 silly audit   'babel-plugin-polyfill-corejs2': [ '0.4.17' ],
121 silly audit   semver: [ '6.3.1', '7.8.5' ],
121 silly audit   'babel-plugin-polyfill-corejs3': [ '0.13.0' ],
121 silly audit   'babel-plugin-polyfill-regenerator': [ '0.6.8' ],
121 silly audit   'babel-plugin-react-compiler': [ '1.0.0' ],
121 silly audit   'babel-plugin-react-native-web': [ '0.21.2' ],
121 silly audit   'babel-plugin-transform-flow-enums': [ '0.0.2' ],
121 silly audit   'babel-plugin-syntax-hermes-parser': [ '0.36.0' ],
121 silly audit   'hermes-estree': [ '0.36.0', '0.36.1', '0.35.0' ],
121 silly audit   'hermes-parser': [ '0.36.0', '0.36.1', '0.35.0' ],
121 silly audit   'balanced-match': [ '4.0.4' ],
121 silly audit   'base64-js': [ '1.5.1' ],
121 silly audit   'baseline-browser-mapping': [ '2.11.20' ],
121 silly audit   'big-integer': [ '1.6.52' ],
121 silly audit   'bplist-creator': [ '0.1.0' ],
121 silly audit   'bplist-parser': [ '0.3.1' ],
121 silly audit   'brace-expansion': [ '5.0.9' ],
121 silly audit   braces: [ '3.0.3' ],
121 silly audit   browserslist: [ '4.28.8' ],
121 silly audit   bser: [ '2.1.1' ],
121 silly audit   'buffer-from': [ '1.1.2' ],
121 silly audit   bytes: [ '3.1.2' ],
121 silly audit   camelcase: [ '6.3.0' ],
121 silly audit   'caniuse-lite': [ '1.0.30001810' ],
121 silly audit   chalk: [ '4.1.2', '2.4.2' ],
121 silly audit   'chrome-launcher': [ '0.15.2' ],
121 silly audit   'chromium-edge-launcher': [ '0.3.0' ],
121 silly audit   'ci-info': [ '2.0.0', '3.9.0' ],
121 silly audit   'cli-cursor': [ '2.1.0' ],
121 silly audit   'cli-spinners': [ '2.9.2' ],
121 silly audit   cliui: [ '8.0.1' ],
121 silly audit   clone: [ '1.0.4' ],
121 silly audit   'color-convert': [ '2.0.1', '1.9.3' ],
121 silly audit   'color-name': [ '1.1.4', '1.1.3' ],
121 silly audit   compressible: [ '2.0.18' ],
121 silly audit   compression: [ '1.8.1' ],
121 silly audit   debug: [ '2.6.9', '4.4.3', '3.2.7' ],
121 silly audit   ms: [ '2.0.0', '2.1.3' ],
121 silly audit   negotiator: [ '0.6.4', '0.6.3', '1.1.0' ],
121 silly audit   connect: [ '3.7.0' ],
121 silly audit   'content-type': [ '2.1.0' ],
121 silly audit   'convert-source-map': [ '2.0.0' ],
121 silly audit   'core-js-compat': [ '3.50.0' ],
121 silly audit   'cross-spawn': [ '7.0.6' ],
121 silly audit   deepmerge: [ '4.3.1' ],
121 silly audit   defaults: [ '1.0.4' ],
121 silly audit   depd: [ '2.0.0' ],
121 silly audit   destroy: [ '1.2.0' ],
121 silly audit   'dnssd-advertise': [ '1.1.6' ],
121 silly audit   'detect-libc': [ '2.1.2' ],
121 silly audit   'ee-first': [ '1.1.1' ],
121 silly audit   'electron-to-chromium': [ '1.5.420' ],
121 silly audit   'emoji-regex': [ '8.0.0' ],
121 silly audit   encodeurl: [ '1.0.2', '2.0.0' ],
121 silly audit   'error-stack-parser': [ '2.1.4' ],
121 silly audit   'es-errors': [ '1.3.0' ],
121 silly audit   escalade: [ '3.2.0' ],
121 silly audit   'escape-html': [ '1.0.3' ],
121 silly audit   'escape-string-regexp': [ '4.0.0', '1.0.5' ],
121 silly audit   etag: [ '1.8.1' ],
121 silly audit   'event-target-shim': [ '5.0.1' ],
121 silly audit   expo: [ '57.0.19' ],
121 silly audit   'babel-preset-expo': [ '57.0.10' ],
121 silly audit   'expo-constants': [ '57.0.17' ],
121 silly audit   'expo-asset': [ '57.0.16' ],
121 silly audit   'expo-file-system': [ '57.0.6' ],
121 silly audit   'expo-keep-awake': [ '57.0.1' ],
121 silly audit   'expo-font': [ '57.0.3' ],
121 silly audit   'mime-db': [ '1.52.0', '1.54.0' ],
121 silly audit   'mime-types': [ '2.1.35', '3.0.2' ],
121 silly audit   picomatch: [ '4.0.7', '2.3.2' ],
121 silly audit   ws: [ '8.21.3', '7.5.13' ],
121 silly audit   '@expo/cli': [ '57.0.21' ],
121 silly audit   '@expo/router-server': [ '57.0.9' ],
121 silly audit   '@expo/dom-webview': [ '57.0.1' ],
121 silly audit   '@expo/log-box': [ '57.0.4' ],
121 silly audit   '@expo/metro-config': [ '57.0.12' ],
121 silly audit   '@expo/ws-tunnel': [ '2.0.0' ],
121 silly audit   'expo-modules-autolinking': [ '57.0.12' ],
121 silly audit   'expo-modules-core': [ '57.0.15' ],
121 silly audit   'expo-modules-jsi': [ '57.0.7' ],
121 silly audit   'expo-status-bar': [ '57.0.1' ],
121 silly audit   'exponential-backoff': [ '3.1.3' ],
121 silly audit   'expo-server': [ '57.0.3' ],
121 silly audit   'fb-dotslash': [ '0.5.8' ],
121 silly audit   'fb-watchman': [ '2.0.2' ],
121 silly audit   'fetch-nodeshim': [ '0.4.10' ],
121 silly audit   'fill-range': [ '7.1.1' ],
121 silly audit   finalhandler: [ '1.1.2' ],
121 silly audit   'flow-enums-runtime': [ '0.0.6' ],
121 silly audit   fontfaceobserver: [ '2.3.0' ],
121 silly audit   fresh: [ '0.5.2' ],
121 silly audit   'function-bind': [ '1.1.2' ],
121 silly audit   gensync: [ '1.0.0-beta.2' ],
121 silly audit   'get-caller-file': [ '2.0.5' ],
121 silly audit   getenv: [ '2.0.0' ],
121 silly audit   glob: [ '13.0.6' ],
121 silly audit   'graceful-fs': [ '4.2.11' ],
121 silly audit   'has-flag': [ '4.0.0', '3.0.0' ],
121 silly audit   'hermes-compiler': [ '250829098.0.17' ],
121 silly audit   hasown: [ '2.0.4' ],
121 silly audit   'hosted-git-info': [ '7.0.2' ],
121 silly audit   'lru-cache': [ '10.4.3', '5.1.1', '11.5.2' ],
121 silly audit   'http-errors': [ '2.0.1' ],
121 silly audit   statuses: [ '2.0.2', '1.5.0' ],
121 silly audit   'https-proxy-agent': [ '7.0.6' ],
121 silly audit   ignore: [ '5.3.2' ],
121 silly audit   inherits: [ '2.0.4' ],
121 silly audit   invariant: [ '2.2.4' ],
121 silly audit   'is-core-module': [ '2.16.2' ],
121 silly audit   'is-docker': [ '2.2.1' ],
121 silly audit   'is-fullwidth-code-point': [ '3.0.0' ],
121 silly audit   'is-number': [ '7.0.0' ],
121 silly audit   'is-wsl': [ '2.2.0' ],
121 silly audit   isexe: [ '2.0.0' ],
121 silly audit   'jest-get-type': [ '29.6.3' ],
121 silly audit   'jest-util': [ '29.7.0' ],
121 silly audit   'jest-validate': [ '29.7.0' ],
121 silly audit   'jest-worker': [ '29.7.0' ],
121 silly audit   'supports-color': [ '8.1.1', '5.5.0', '7.2.0' ],
121 silly audit   'jimp-compact': [ '0.16.1' ],
121 silly audit   'js-tokens': [ '4.0.0' ],
121 silly audit   'js-yaml': [ '4.3.2' ],
121 silly audit   'jsc-safe-url': [ '0.2.4' ],
121 silly audit   jsesc: [ '3.1.0' ],
121 silly audit   json5: [ '2.2.3' ],
121 silly audit   kleur: [ '3.0.3' ],
121 silly audit   'lan-network': [ '0.2.1' ],
121 silly audit   leven: [ '3.1.0' ],
121 silly audit   'lighthouse-logger': [ '1.4.2' ],
121 silly audit   lightningcss: [ '1.33.0' ],
121 silly audit   'lightningcss-win32-x64-msvc': [ '1.33.0' ],
121 silly audit   'lodash.debounce': [ '4.0.8' ],
121 silly audit   'lodash.throttle': [ '4.1.1' ],
121 silly audit   'log-symbols': [ '2.2.0' ],
121 silly audit   'loose-envify': [ '1.4.0' ],
121 silly audit   makeerror: [ '1.0.12' ],
121 silly audit   marky: [ '1.3.0' ],
121 silly audit   'memoize-one': [ '5.2.1' ],
121 silly audit   'merge-stream': [ '2.0.0' ],
121 silly audit   metro: [ '0.84.5' ],
121 silly audit   'metro-babel-transformer': [ '0.84.5' ],
121 silly audit   'metro-cache': [ '0.84.5' ],
121 silly audit   'metro-cache-key': [ '0.84.5' ],
121 silly audit   'metro-config': [ '0.84.5' ],
121 silly audit   'metro-core': [ '0.84.5' ],
121 silly audit   'metro-file-map': [ '0.84.5' ],
121 silly audit   'metro-minify-terser': [ '0.84.5' ],
121 silly audit   'metro-resolver': [ '0.84.5' ],
121 silly audit   'metro-runtime': [ '0.84.5' ],
121 silly audit   'metro-source-map': [ '0.84.5' ],
121 silly audit   'metro-symbolicate': [ '0.84.5' ],
121 silly audit   'metro-transform-plugins': [ '0.84.5' ],
121 silly audit   'metro-transform-worker': [ '0.84.5' ],
121 silly audit   micromatch: [ '4.0.8' ],
121 silly audit   mime: [ '1.6.0' ],
121 silly audit   'mimic-fn': [ '1.2.0' ],
121 silly audit   minimatch: [ '10.2.6' ],
121 silly audit   minipass: [ '7.1.3' ],
121 silly audit   mkdirp: [ '1.0.4' ],
121 silly audit   multitars: [ '1.0.2' ],
121 silly audit   nanoid: [ '3.3.18' ],
121 silly audit   'node-forge': [ '1.4.0' ],
121 silly audit   'node-int64': [ '0.4.0' ],
121 silly audit   'node-releases': [ '2.0.54' ],
121 silly audit   'npm-package-arg': [ '11.0.3' ],
121 silly audit   nullthrows: [ '1.1.1' ],
121 silly audit   ob1: [ '0.84.5' ],
121 silly audit   'on-finished': [ '2.3.0', '2.4.1' ],
121 silly audit   'on-headers': [ '1.1.0' ],
121 silly audit   onetime: [ '2.0.1' ],
121 silly audit   open: [ '7.4.2' ],
121 silly audit   ora: [ '3.4.0' ],
121 silly audit   'strip-ansi': [ '5.2.0', '6.0.1' ],
121 silly audit   'parse-png': [ '2.1.0' ],
121 silly audit   parseurl: [ '1.3.3' ],
121 silly audit   'path-key': [ '3.1.1' ],
121 silly audit   'path-parse': [ '1.0.7' ],
121 silly audit   'path-scurry': [ '2.0.2' ],
121 silly audit   picocolors: [ '1.1.1' ],
121 silly audit   plist: [ '3.1.1' ],
121 silly audit   '@xmldom/xmldom': [ '0.9.12', '0.8.15' ],
121 silly audit   pngjs: [ '3.4.0' ],
121 silly audit   postcss: [ '8.5.27' ],
121 silly audit   'pretty-format': [ '29.7.0' ],
121 silly audit   'proc-log': [ '4.2.0' ],
121 silly audit   progress: [ '2.0.3' ],
121 silly audit   promise: [ '8.3.0' ],
121 silly audit   prompts: [ '2.4.2' ],
121 silly audit   'range-parser': [ '1.2.1' ],
121 silly audit   react: [ '19.2.3' ],
121 silly audit   'react-devtools-core': [ '6.1.5' ],
121 silly audit   'react-is': [ '18.3.1' ],
121 silly audit   regenerate: [ '1.4.2' ],
121 silly audit   'react-refresh': [ '0.14.2' ],
121 silly audit   'regenerate-unicode-properties': [ '10.2.2' ],
121 silly audit   'regenerator-runtime': [ '0.13.11' ],
121 silly audit   'regexpu-core': [ '6.4.0' ],
121 silly audit   regjsgen: [ '0.8.0' ],
121 silly audit   regjsparser: [ '0.13.2' ],
121 silly audit   'require-directory': [ '2.1.1' ],
121 silly audit   resolve: [ '1.22.12' ],
121 silly audit   'resolve-from': [ '5.0.0' ],
121 silly audit   'resolve-workspace-root': [ '2.0.1' ],
121 silly audit   'restore-cursor': [ '2.0.0' ],
121 silly audit   'safe-buffer': [ '5.2.1' ],
121 silly audit   'sandbox-cli-detector': [ '0.2.0' ],
121 silly audit   sax: [ '1.6.1' ],
121 silly audit   scheduler: [ '0.27.0' ],
121 silly audit   send: [ '0.19.2' ],
121 silly audit   'serialize-error': [ '2.1.0' ],
121 silly audit   'serve-static': [ '1.16.3' ],
121 silly audit   setprototypeof: [ '1.2.0' ],
121 silly audit   'shebang-command': [ '2.0.0' ],
121 silly audit   'shebang-regex': [ '3.0.0' ],
121 silly audit   'shell-quote': [ '1.10.0' ],
121 silly audit   'signal-exit': [ '3.0.7' ],
121 silly audit   'simple-plist': [ '1.3.1' ],
121 silly audit   sisteransi: [ '1.0.5' ],
121 silly audit   slugify: [ '1.6.9' ],
121 silly audit   'source-map': [ '0.5.7', '0.6.1' ],
121 silly audit   'source-map-js': [ '1.2.1' ],
121 silly audit   'source-map-support': [ '0.5.21' ],
121 silly audit   stackframe: [ '1.3.4' ],
121 silly audit   'stacktrace-parser': [ '0.1.11' ],
121 silly audit   'stream-buffers': [ '2.2.0' ],
121 silly audit   'string-width': [ '4.2.3' ],
121 silly audit   'structured-headers': [ '0.4.1' ],
121 silly audit   'supports-hyperlinks': [ '2.3.0' ],
121 silly audit   'supports-preserve-symlinks-flag': [ '1.0.0' ],
121 silly audit   'terminal-link': [ '2.1.1' ],
121 silly audit   terser: [ '5.51.2' ],
121 silly audit   throat: [ '5.0.0' ],
121 silly audit   tinyglobby: [ '0.2.17' ],
121 silly audit   fdir: [ '6.5.0' ],
121 silly audit   tmpl: [ '1.0.5' ],
121 silly audit   'to-regex-range': [ '5.0.1' ],
121 silly audit   toidentifier: [ '1.0.1' ],
121 silly audit   toqr: [ '0.1.1' ],
121 silly audit   'undici-types': [ '8.3.0' ],
121 silly audit   'unicode-canonical-property-names-ecmascript': [ '2.0.1' ],
121 silly audit   'unicode-match-property-ecmascript': [ '2.0.0' ],
121 silly audit   'unicode-match-property-value-ecmascript': [ '2.2.1' ],
121 silly audit   'unicode-property-aliases-ecmascript': [ '2.2.0' ],
121 silly audit   unpipe: [ '1.0.0' ],
121 silly audit   'update-browserslist-db': [ '1.3.2' ],
121 silly audit   'utils-merge': [ '1.0.1' ],
121 silly audit   uuid: [ '7.0.3' ],
121 silly audit   'validate-npm-package-name': [ '5.0.1' ],
121 silly audit   vary: [ '1.1.2' ],
121 silly audit   vlq: [ '1.0.1' ],
121 silly audit   walker: [ '1.0.8' ],
121 silly audit   wcwidth: [ '1.0.1' ],
121 silly audit   'whatwg-fetch': [ '3.6.20' ],
121 silly audit   'whatwg-url-minimum': [ '0.1.2' ],
121 silly audit   which: [ '2.0.2' ],
121 silly audit   'wrap-ansi': [ '7.0.0' ],
121 silly audit   xcode: [ '3.0.1' ],
121 silly audit   xml2js: [ '0.6.0' ],
121 silly audit   xmlbuilder: [ '11.0.1', '15.1.1' ],
121 silly audit   y18n: [ '5.0.8' ],
121 silly audit   yallist: [ '3.1.1' ],
121 silly audit   yaml: [ '2.9.0' ],
121 silly audit   yargs: [ '17.7.3' ],
121 silly audit   'yargs-parser': [ '21.1.1' ],
121 silly audit   zod: [ '3.25.76' ],
121 silly audit   '@babel/core': [ '7.29.7' ],
121 silly audit   '@babel/code-frame': [ '7.29.7' ],
121 silly audit   '@babel/compat-data': [ '7.29.7' ],
121 silly audit   '@babel/generator': [ '7.29.8' ],
121 silly audit   '@babel/helper-annotate-as-pure': [ '7.29.7' ],
121 silly audit   '@babel/helper-compilation-targets': [ '7.29.7' ],
121 silly audit   '@babel/helper-create-class-features-plugin': [ '7.29.7' ],
121 silly audit   '@babel/helper-create-regexp-features-plugin': [ '7.29.7' ],
121 silly audit   '@babel/helper-define-polyfill-provider': [ '0.6.8' ],
121 silly audit   '@babel/helper-globals': [ '7.29.7' ],
121 silly audit   '@babel/helper-member-expression-to-functions': [ '7.29.7' ],
121 silly audit   '@babel/helper-module-imports': [ '7.29.7' ],
121 silly audit   '@babel/helper-module-transforms': [ '7.29.7' ],
121 silly audit   '@babel/helper-optimise-call-expression': [ '7.29.7' ],
121 silly audit   '@babel/helper-plugin-utils': [ '7.29.7' ],
121 silly audit   '@babel/helper-remap-async-to-generator': [ '7.29.7' ],
121 silly audit   '@babel/helper-replace-supers': [ '7.29.7' ],
121 silly audit   '@babel/helper-skip-transparent-expression-wrappers': [ '7.29.7' ],
121 silly audit   '@babel/helper-string-parser': [ '7.29.7' ],
121 silly audit   '@babel/helper-validator-identifier': [ '7.29.7' ],
121 silly audit   '@babel/helper-validator-option': [ '7.29.7' ],
121 silly audit   '@babel/helpers': [ '7.29.7' ],
121 silly audit   '@babel/helper-wrap-function': [ '7.29.7' ],
121 silly audit   '@babel/parser': [ '7.29.8' ],
121 silly audit   '@babel/plugin-proposal-decorators': [ '7.29.7' ],
121 silly audit   '@babel/plugin-proposal-export-default-from': [ '7.29.7' ],
121 silly audit   '@babel/plugin-syntax-decorators': [ '7.29.7' ],
121 silly audit   '@babel/plugin-syntax-dynamic-import': [ '7.8.3' ],
121 silly audit   '@babel/plugin-syntax-export-default-from': [ '7.29.7' ],
121 silly audit   '@babel/plugin-syntax-flow': [ '7.29.7' ],
121 silly audit   '@babel/plugin-syntax-jsx': [ '7.29.7' ],
121 silly audit   '@babel/plugin-syntax-nullish-coalescing-operator': [ '7.8.3' ],
121 silly audit   '@babel/plugin-syntax-optional-chaining': [ '7.8.3' ],
121 silly audit   '@babel/plugin-syntax-typescript': [ '7.29.7' ],
121 silly audit   '@babel/plugin-transform-async-generator-functions': [ '7.29.7' ],
121 silly audit   '@babel/plugin-transform-async-to-generator': [ '7.29.7' ],
121 silly audit   '@babel/plugin-transform-block-scoping': [ '7.29.7' ],
121 silly audit   '@babel/plugin-transform-class-static-block': [ '7.29.7' ],
121 silly audit   '@babel/plugin-transform-classes': [ '7.29.7' ],
121 silly audit   '@babel/plugin-transform-destructuring': [ '7.29.7' ],
121 silly audit   '@babel/plugin-transform-export-namespace-from': [ '7.29.7' ],
121 silly audit   '@babel/plugin-transform-flow-strip-types': [ '7.29.7' ],
121 silly audit   '@babel/plugin-transform-for-of': [ '7.29.7' ],
121 silly audit   '@babel/plugin-transform-logical-assignment-operators': [ '7.29.7' ],
121 silly audit   '@babel/plugin-transform-modules-commonjs': [ '7.29.7' ],
121 silly audit   '@babel/plugin-transform-named-capturing-groups-regex': [ '7.29.7' ],
121 silly audit   '@babel/plugin-transform-class-properties': [ '7.29.7' ],
121 silly audit   '@babel/plugin-transform-nullish-coalescing-operator': [ '7.29.7' ],
121 silly audit   '@babel/plugin-transform-object-rest-spread': [ '7.29.7' ],
121 silly audit   '@babel/plugin-transform-optional-catch-binding': [ '7.29.7' ],
121 silly audit   '@babel/plugin-transform-optional-chaining': [ '7.29.7' ],
121 silly audit   '@babel/plugin-transform-parameters': [ '7.29.7' ],
121 silly audit   '@babel/plugin-transform-private-methods': [ '7.29.7' ],
121 silly audit   '@babel/plugin-transform-private-property-in-object': [ '7.29.7' ],
121 silly audit   '@babel/plugin-transform-react-display-name': [ '7.29.7' ],
121 silly audit   '@babel/plugin-transform-react-jsx': [ '7.29.7' ],
121 silly audit   '@babel/plugin-transform-react-jsx-development': [ '7.29.7' ],
121 silly audit   '@babel/plugin-transform-react-pure-annotations': [ '7.29.7' ],
121 silly audit   '@babel/plugin-transform-runtime': [ '7.29.7' ],
121 silly audit   '@babel/plugin-transform-typescript': [ '7.29.7' ],
121 silly audit   '@babel/plugin-transform-unicode-regex': [ '7.29.7' ],
121 silly audit   '@babel/preset-typescript': [ '7.29.7' ],
121 silly audit   '@babel/runtime': [ '7.29.7' ],
121 silly audit   '@babel/traverse': [ '7.29.8' ],
121 silly audit   '@babel/template': [ '7.29.7' ],
121 silly audit   '@babel/types': [ '7.29.8' ],
121 silly audit   '@expo/code-signing-certificates': [ '0.0.6' ],
121 silly audit   '@expo/config': [ '57.0.9' ],
121 silly audit   '@expo/config-plugins': [ '57.0.9' ],
121 silly audit   '@expo/config-types': [ '57.0.2' ],
121 silly audit   '@expo/devcert': [ '1.2.1' ],
121 silly audit   '@expo/devtools': [ '57.0.1' ],
121 silly audit   '@expo/env': [ '2.4.3' ],
121 silly audit   '@expo/expo-modules-macros-plugin': [ '0.6.1' ],
121 silly audit   '@expo/fingerprint': [ '0.20.12' ],
121 silly audit   '@expo/image-utils': [ '0.11.5' ],
121 silly audit   '@expo/inline-modules': [ '0.1.7' ],
121 silly audit   '@expo/json-file': [ '11.0.1' ],
121 silly audit   '@expo/local-build-cache-provider': [ '57.0.8' ],
121 silly audit   '@expo/metro': [ '56.0.2' ],
121 silly audit   '@expo/metro-file-map': [ '57.0.2' ],
121 silly audit   '@expo/osascript': [ '2.7.1' ],
121 silly audit   '@expo/package-manager': [ '1.13.1' ],
121 silly audit   '@expo/plist': [ '0.8.1' ],
121 silly audit   '@expo/prebuild-config': [ '57.0.15' ],
121 silly audit   '@expo/require-utils': [ '57.0.5' ],
121 silly audit   '@expo/schema-utils': [ '57.0.2' ],
121 silly audit   '@expo/sdk-runtime-versions': [ '1.0.0' ],
121 silly audit   '@expo/spawn-async': [ '1.8.0' ],
121 silly audit   '@expo/sudo-prompt': [ '9.3.2' ],
121 silly audit   '@expo/xcpretty': [ '4.4.4' ],
121 silly audit   '@isaacs/ttlcache': [ '1.4.1' ],
121 silly audit   '@jest/schemas': [ '29.6.3' ],
121 silly audit   '@jest/types': [ '29.6.3' ],
121 silly audit   '@jridgewell/gen-mapping': [ '0.3.13' ],
121 silly audit   '@jridgewell/remapping': [ '2.3.5' ],
121 silly audit   '@jridgewell/resolve-uri': [ '3.1.2' ],
121 silly audit   '@jridgewell/source-map': [ '0.3.11' ],
121 silly audit   '@jridgewell/sourcemap-codec': [ '1.6.0' ],
121 silly audit   '@jridgewell/trace-mapping': [ '0.3.31' ],
121 silly audit   '@react-native/assets-registry': [ '0.86.3' ],
121 silly audit   '@react-native/babel-plugin-codegen': [ '0.86.3' ],
121 silly audit   '@react-native/codegen': [ '0.86.3' ],
121 silly audit   '@react-native/community-cli-plugin': [ '0.86.3' ],
121 silly audit   '@react-native/debugger-frontend': [ '0.86.3' ],
121 silly audit   '@react-native/debugger-shell': [ '0.86.3' ],
121 silly audit   '@react-native/dev-middleware': [ '0.86.3' ],
121 silly audit   '@react-native/gradle-plugin': [ '0.86.3' ],
121 silly audit   '@react-native/js-polyfills': [ '0.86.3' ],
121 silly audit   '@react-native/normalize-colors': [ '0.86.3' ],
121 silly audit   '@react-native/virtualized-lists': [ '0.86.3' ],
121 silly audit   '@sinclair/typebox': [ '0.27.12' ],
121 silly audit   '@types/istanbul-lib-coverage': [ '2.0.6' ],
121 silly audit   '@types/istanbul-lib-report': [ '3.0.3' ],
121 silly audit   '@types/istanbul-reports': [ '3.0.4' ],
121 silly audit   '@types/node': [ '26.4.1' ],
121 silly audit   '@types/yargs': [ '17.0.35' ],
121 silly audit   '@types/yargs-parser': [ '21.0.3' ],
121 silly audit   '@ungap/structured-clone': [ '1.4.0' ],
121 silly audit   'react-native': [ '0.86.3' ],
121 silly audit   'lightningcss-android-arm64': [ '1.33.0' ],
121 silly audit   'lightningcss-darwin-arm64': [ '1.33.0' ],
121 silly audit   'lightningcss-darwin-x64': [ '1.33.0' ],
121 silly audit   'lightningcss-freebsd-x64': [ '1.33.0' ],
121 silly audit   'lightningcss-linux-arm-gnueabihf': [ '1.33.0' ],
121 silly audit   'lightningcss-linux-arm64-gnu': [ '1.33.0' ],
121 silly audit   'lightningcss-linux-arm64-musl': [ '1.33.0' ],
121 silly audit   'lightningcss-linux-x64-gnu': [ '1.33.0' ],
121 silly audit   'lightningcss-linux-x64-musl': [ '1.33.0' ],
121 silly audit   'lightningcss-win32-arm64-msvc': [ '1.33.0' ]
121 silly audit }
122 silly packumentCache corgi:https://registry.npmjs.org/@expo%2fxcpretty cache-miss
123 silly packumentCache corgi:https://registry.npmjs.org/@expo%2ffingerprint cache-miss
124 silly packumentCache corgi:https://registry.npmjs.org/@babel%2fparser cache-miss
125 silly packumentCache corgi:https://registry.npmjs.org/yaml cache-miss
126 silly packumentCache corgi:https://registry.npmjs.org/which cache-miss
127 silly packumentCache corgi:https://registry.npmjs.org/uuid cache-miss
128 silly packumentCache corgi:https://registry.npmjs.org/semver cache-miss
129 silly packumentCache corgi:https://registry.npmjs.org/update-browserslist-db cache-miss
130 silly packumentCache corgi:https://registry.npmjs.org/terser cache-miss
131 silly packumentCache corgi:https://registry.npmjs.org/resolve cache-miss
132 silly packumentCache corgi:https://registry.npmjs.org/sandbox-cli-detector cache-miss
133 silly packumentCache corgi:https://registry.npmjs.org/regjsparser cache-miss
134 silly packumentCache corgi:https://registry.npmjs.org/mkdirp cache-miss
135 silly packumentCache corgi:https://registry.npmjs.org/nanoid cache-miss
136 silly packumentCache corgi:https://registry.npmjs.org/metro cache-miss
137 silly packumentCache corgi:https://registry.npmjs.org/mime cache-miss
138 silly packumentCache corgi:https://registry.npmjs.org/metro-symbolicate cache-miss
139 silly packumentCache corgi:https://registry.npmjs.org/loose-envify cache-miss
140 silly packumentCache corgi:https://registry.npmjs.org/json5 cache-miss
141 silly packumentCache corgi:https://registry.npmjs.org/lan-network cache-miss
142 silly packumentCache corgi:https://registry.npmjs.org/jsesc cache-miss
143 silly packumentCache corgi:https://registry.npmjs.org/is-docker cache-miss
144 silly packumentCache corgi:https://registry.npmjs.org/js-yaml cache-miss
145 silly packumentCache corgi:https://registry.npmjs.org/fb-dotslash cache-miss
146 silly packumentCache corgi:https://registry.npmjs.org/expo cache-miss
147 silly packumentCache corgi:https://registry.npmjs.org/expo-modules-autolinking cache-miss
148 silly packumentCache corgi:https://registry.npmjs.org/chrome-launcher cache-miss
149 silly packumentCache corgi:https://registry.npmjs.org/baseline-browser-mapping cache-miss
150 silly packumentCache corgi:https://registry.npmjs.org/browserslist cache-miss
151 silly packumentCache corgi:https://registry.npmjs.org/agent-cli-detector cache-miss
152 silly packumentCache corgi:https://registry.npmjs.org/acorn cache-miss
153 http cache react-native@https://registry.npmjs.org/react-native/-/react-native-0.86.3.tgz 0ms (cache hit)
154 silly packumentCache corgi:https://registry.npmjs.org/semver cache-miss
155 silly packumentCache corgi:https://registry.npmjs.org/semver cache-miss
156 silly packumentCache corgi:https://registry.npmjs.org/semver cache-miss
157 silly packumentCache corgi:https://registry.npmjs.org/semver cache-miss
158 silly packumentCache corgi:https://registry.npmjs.org/semver cache-miss
159 silly packumentCache corgi:https://registry.npmjs.org/@expo%2fcli cache-miss
160 silly packumentCache corgi:https://registry.npmjs.org/semver cache-miss
161 http fetch POST 200 https://registry.npmjs.org/-/npm/v1/security/advisories/bulk 547ms
162 silly audit report {
162 silly audit report   uuid: [
162 silly audit report     {
162 silly audit report       id: 1119441,
162 silly audit report       url: 'https://github.com/advisories/GHSA-w5hq-g745-h8pq',
162 silly audit report       title: 'uuid: Missing buffer bounds check in v3/v5/v6 when buf is provided',
162 silly audit report       severity: 'moderate',
162 silly audit report       vulnerable_versions: '<11.1.1',
162 silly audit report       cwe: [Array],
162 silly audit report       cvss: [Object]
162 silly audit report     }
162 silly audit report   ]
162 silly audit report }
163 silly packumentCache corgi:https://registry.npmjs.org/uuid cache-miss
164 http fetch GET 200 https://registry.npmjs.org/@expo%2ffingerprint 710ms (cache miss)
165 silly packumentCache corgi:https://registry.npmjs.org/@expo%2ffingerprint set size:undefined disposed:false
166 http fetch GET 200 https://registry.npmjs.org/mime 829ms (cache miss)
167 silly packumentCache corgi:https://registry.npmjs.org/mime set size:undefined disposed:false
168 http cache https://registry.npmjs.org/mime/-/mime-1.6.0.tgz 48ms (cache hit)
169 http fetch GET 200 https://registry.npmjs.org/uuid 967ms (cache revalidated)
170 silly packumentCache corgi:https://registry.npmjs.org/uuid set size:84321 disposed:false
171 http fetch GET 200 https://registry.npmjs.org/loose-envify 948ms (cache miss)
172 silly packumentCache corgi:https://registry.npmjs.org/loose-envify set size:undefined disposed:false
173 http cache https://registry.npmjs.org/uuid/-/uuid-7.0.3.tgz 119ms (cache hit)
174 http cache https://registry.npmjs.org/loose-envify/-/loose-envify-1.4.0.tgz 145ms (cache hit)
175 http fetch GET 200 https://registry.npmjs.org/which 1131ms (cache miss)
176 silly packumentCache corgi:https://registry.npmjs.org/which set size:undefined disposed:false
177 http fetch GET 200 https://registry.npmjs.org/regjsparser 1138ms (cache miss)
178 silly packumentCache corgi:https://registry.npmjs.org/regjsparser set size:undefined disposed:false
179 http fetch GET 200 https://registry.npmjs.org/jsesc 1171ms (cache miss)
180 silly packumentCache corgi:https://registry.npmjs.org/jsesc set size:undefined disposed:false
181 http fetch GET 200 https://registry.npmjs.org/update-browserslist-db 1239ms (cache miss)
182 silly packumentCache corgi:https://registry.npmjs.org/update-browserslist-db set size:undefined disposed:false
183 http fetch GET 200 https://registry.npmjs.org/mkdirp 1504ms (cache miss)
184 silly packumentCache corgi:https://registry.npmjs.org/mkdirp set size:undefined disposed:false
185 http fetch GET 200 https://registry.npmjs.org/is-docker 1487ms (cache miss)
186 silly packumentCache corgi:https://registry.npmjs.org/is-docker set size:undefined disposed:false
187 http cache https://registry.npmjs.org/which/-/which-2.0.2.tgz 514ms (cache hit)
188 http fetch GET 200 https://registry.npmjs.org/expo 1632ms (cache revalidated)
189 silly packumentCache corgi:https://registry.npmjs.org/expo set size:1874368 disposed:false
190 http fetch GET 200 https://registry.npmjs.org/@expo%2fxcpretty 1700ms (cache miss)
191 silly packumentCache corgi:https://registry.npmjs.org/@expo%2fxcpretty set size:undefined disposed:false
192 http fetch GET 200 https://registry.npmjs.org/uuid 1302ms (cache revalidated)
193 silly packumentCache corgi:https://registry.npmjs.org/uuid set size:84321 disposed:false
194 silly packumentCache corgi:https://registry.npmjs.org/uuid dispose
195 silly packumentCache corgi:https://registry.npmjs.org/xcode cache-miss
196 http fetch GET 200 https://registry.npmjs.org/@expo%2fcli 1703ms (cache revalidated)
197 silly packumentCache corgi:https://registry.npmjs.org/@expo%2fcli set size:1812468 disposed:false
198 http fetch GET 200 https://registry.npmjs.org/json5 1763ms (cache miss)
199 silly packumentCache corgi:https://registry.npmjs.org/json5 set size:undefined disposed:false
200 http cache https://registry.npmjs.org/regjsparser/-/regjsparser-0.13.2.tgz 644ms (cache hit)
201 http fetch GET 200 https://registry.npmjs.org/sandbox-cli-detector 1784ms (cache miss)
202 silly packumentCache corgi:https://registry.npmjs.org/sandbox-cli-detector set size:undefined disposed:false
203 http fetch GET 200 https://registry.npmjs.org/yaml 1801ms (cache miss)
204 silly packumentCache corgi:https://registry.npmjs.org/yaml set size:undefined disposed:false
205 http fetch GET 200 https://registry.npmjs.org/@expo/fingerprint/-/fingerprint-0.20.12.tgz 1103ms (cache revalidated)
206 http cache https://registry.npmjs.org/jsesc/-/jsesc-3.1.0.tgz 657ms (cache hit)
207 http fetch GET 200 https://registry.npmjs.org/resolve 1865ms (cache miss)
208 silly packumentCache corgi:https://registry.npmjs.org/resolve set size:undefined disposed:false
209 http fetch GET 200 https://registry.npmjs.org/fb-dotslash 1850ms (cache miss)
210 silly packumentCache corgi:https://registry.npmjs.org/fb-dotslash set size:undefined disposed:false
211 http fetch GET 200 https://registry.npmjs.org/agent-cli-detector 1848ms (cache miss)
212 silly packumentCache corgi:https://registry.npmjs.org/agent-cli-detector set size:undefined disposed:false
213 http cache https://registry.npmjs.org/update-browserslist-db/-/update-browserslist-db-1.3.2.tgz 654ms (cache hit)
214 http fetch GET 200 https://registry.npmjs.org/lan-network 1887ms (cache miss)
215 silly packumentCache corgi:https://registry.npmjs.org/lan-network set size:undefined disposed:false
216 http fetch GET 200 https://registry.npmjs.org/chrome-launcher 1898ms (cache miss)
217 silly packumentCache corgi:https://registry.npmjs.org/chrome-launcher set size:undefined disposed:false
218 http cache https://registry.npmjs.org/is-docker/-/is-docker-2.2.1.tgz 420ms (cache hit)
219 http cache https://registry.npmjs.org/mkdirp/-/mkdirp-1.0.4.tgz 442ms (cache hit)
220 http fetch GET 200 https://registry.npmjs.org/semver 1964ms (cache miss)
221 silly packumentCache corgi:https://registry.npmjs.org/semver set size:undefined disposed:false
222 http fetch GET 200 https://registry.npmjs.org/js-yaml 1994ms (cache miss)
223 silly packumentCache corgi:https://registry.npmjs.org/js-yaml set size:undefined disposed:false
224 http cache https://registry.npmjs.org/expo/-/expo-57.0.19.tgz 350ms (cache hit)
225 http fetch GET 200 https://registry.npmjs.org/semver 2016ms (cache miss)
226 silly packumentCache corgi:https://registry.npmjs.org/semver set size:undefined disposed:false
227 http fetch GET 200 https://registry.npmjs.org/semver 2007ms (cache miss)
228 silly packumentCache corgi:https://registry.npmjs.org/semver set size:undefined disposed:false
229 http fetch GET 200 https://registry.npmjs.org/baseline-browser-mapping 2100ms (cache miss)
230 silly packumentCache corgi:https://registry.npmjs.org/baseline-browser-mapping set size:undefined disposed:false
231 http fetch GET 200 https://registry.npmjs.org/semver 2099ms (cache miss)
232 silly packumentCache corgi:https://registry.npmjs.org/semver set size:undefined disposed:false
233 http fetch GET 200 https://registry.npmjs.org/nanoid 2149ms (cache miss)
234 silly packumentCache corgi:https://registry.npmjs.org/nanoid set size:undefined disposed:false
235 http cache https://registry.npmjs.org/json5/-/json5-2.2.3.tgz 381ms (cache hit)
236 http cache https://registry.npmjs.org/sandbox-cli-detector/-/sandbox-cli-detector-0.2.0.tgz 386ms (cache hit)
237 http cache https://registry.npmjs.org/yaml/-/yaml-2.9.0.tgz 380ms (cache hit)
238 http fetch GET 200 https://registry.npmjs.org/semver 2243ms (cache miss)
239 silly packumentCache corgi:https://registry.npmjs.org/semver set size:undefined disposed:false
240 http cache https://registry.npmjs.org/resolve/-/resolve-1.22.12.tgz 519ms (cache hit)
241 http cache https://registry.npmjs.org/agent-cli-detector/-/agent-cli-detector-0.1.7.tgz 505ms (cache hit)
242 http cache https://registry.npmjs.org/fb-dotslash/-/fb-dotslash-0.5.8.tgz 541ms (cache hit)
243 http fetch GET 200 https://registry.npmjs.org/@expo/xcpretty/-/xcpretty-4.4.4.tgz 735ms (cache revalidated)
244 http fetch GET 200 https://registry.npmjs.org/semver 2397ms (cache miss)
245 silly packumentCache corgi:https://registry.npmjs.org/semver set size:undefined disposed:false
246 http fetch GET 200 https://registry.npmjs.org/xcode 713ms (cache revalidated)
247 silly packumentCache corgi:https://registry.npmjs.org/xcode set size:1850340 disposed:false
248 silly packumentCache corgi:https://registry.npmjs.org/@expo%2fconfig-plugins cache-miss
249 http cache https://registry.npmjs.org/lan-network/-/lan-network-0.2.1.tgz 617ms (cache hit)
250 http fetch GET 200 https://registry.npmjs.org/browserslist 2533ms (cache miss)
251 silly packumentCache corgi:https://registry.npmjs.org/browserslist set size:undefined disposed:false
252 http cache https://registry.npmjs.org/chrome-launcher/-/chrome-launcher-0.15.2.tgz 647ms (cache hit)
253 http fetch GET 200 https://registry.npmjs.org/@babel%2fparser 2589ms (cache miss)
254 silly packumentCache corgi:https://registry.npmjs.org/@babel%2fparser set size:undefined disposed:false
255 http fetch GET 200 https://registry.npmjs.org/terser 2685ms (cache miss)
256 silly packumentCache corgi:https://registry.npmjs.org/terser set size:undefined disposed:false
257 http fetch GET 200 https://registry.npmjs.org/@expo/cli/-/cli-57.0.21.tgz 1044ms (cache revalidated)
258 http fetch GET 200 https://registry.npmjs.org/semver 2814ms (cache miss)
259 silly packumentCache corgi:https://registry.npmjs.org/semver set size:undefined disposed:false
260 http cache https://registry.npmjs.org/js-yaml/-/js-yaml-4.3.2.tgz 869ms (cache hit)
261 http cache https://registry.npmjs.org/semver/-/semver-6.3.1.tgz 895ms (cache hit)
262 http cache https://registry.npmjs.org/semver/-/semver-6.3.1.tgz 890ms (cache hit)
263 http fetch GET 200 https://registry.npmjs.org/metro 2949ms (cache miss)
264 silly packumentCache corgi:https://registry.npmjs.org/metro set size:undefined disposed:false
265 http fetch GET 200 https://registry.npmjs.org/metro-symbolicate 3061ms (cache miss)
266 silly packumentCache corgi:https://registry.npmjs.org/metro-symbolicate set size:undefined disposed:false
267 http cache https://registry.npmjs.org/semver/-/semver-6.3.1.tgz 938ms (cache hit)
268 http cache https://registry.npmjs.org/semver/-/semver-6.3.1.tgz 1032ms (cache hit)
269 http cache https://registry.npmjs.org/baseline-browser-mapping/-/baseline-browser-mapping-2.11.20.tgz 956ms (cache hit)
270 http cache https://registry.npmjs.org/nanoid/-/nanoid-3.3.18.tgz 940ms (cache hit)
271 http fetch GET 200 https://registry.npmjs.org/acorn 3068ms (cache miss)
272 silly packumentCache corgi:https://registry.npmjs.org/acorn set size:undefined disposed:false
273 http cache https://registry.npmjs.org/semver/-/semver-7.8.5.tgz 938ms (cache hit)
274 http cache https://registry.npmjs.org/semver/-/semver-6.3.1.tgz 825ms (cache hit)
275 http cache https://registry.npmjs.org/browserslist/-/browserslist-4.28.8.tgz 701ms (cache hit)
276 http fetch GET 200 https://registry.npmjs.org/expo-modules-autolinking 3374ms (cache miss)
277 silly packumentCache corgi:https://registry.npmjs.org/expo-modules-autolinking set size:undefined disposed:false
278 http cache https://registry.npmjs.org/terser/-/terser-5.51.2.tgz 722ms (cache hit)
279 http cache https://registry.npmjs.org/semver/-/semver-6.3.1.tgz 576ms (cache hit)
280 http cache https://registry.npmjs.org/metro/-/metro-0.84.5.tgz 530ms (cache hit)
281 http cache https://registry.npmjs.org/metro-symbolicate/-/metro-symbolicate-0.84.5.tgz 474ms (cache hit)
282 http fetch GET 200 https://registry.npmjs.org/@expo%2fconfig-plugins 1040ms (cache revalidated)
283 silly packumentCache corgi:https://registry.npmjs.org/@expo%2fconfig-plugins set size:447189 disposed:false
284 silly packumentCache corgi:https://registry.npmjs.org/expo cache-miss
285 silly packumentCache corgi:https://registry.npmjs.org/@expo%2fcli cache-miss
286 silly packumentCache corgi:https://registry.npmjs.org/@expo%2fconfig cache-miss
287 silly packumentCache corgi:https://registry.npmjs.org/@expo%2finline-modules cache-miss
288 silly packumentCache corgi:https://registry.npmjs.org/@expo%2fprebuild-config cache-miss
289 http cache https://registry.npmjs.org/acorn/-/acorn-8.18.0.tgz 494ms (cache hit)
290 http fetch GET 200 https://registry.npmjs.org/@babel/parser/-/parser-7.29.8.tgz 1041ms (cache revalidated)
291 http cache https://registry.npmjs.org/expo-modules-autolinking/-/expo-modules-autolinking-57.0.12.tgz 462ms (cache hit)
292 http cache https://registry.npmjs.org/@expo%2fcli 871ms (cache hit)
293 silly packumentCache corgi:https://registry.npmjs.org/@expo%2fcli set size:1812468 disposed:false
294 http cache https://registry.npmjs.org/expo 930ms (cache hit)
295 silly packumentCache corgi:https://registry.npmjs.org/expo set size:1874368 disposed:false
296 http fetch GET 200 https://registry.npmjs.org/@expo%2fconfig 1130ms (cache revalidated)
297 silly packumentCache corgi:https://registry.npmjs.org/@expo%2fconfig set size:574374 disposed:false
298 http fetch GET 200 https://registry.npmjs.org/@expo%2fprebuild-config 1144ms (cache revalidated)
299 silly packumentCache corgi:https://registry.npmjs.org/@expo%2fprebuild-config set size:426850 disposed:false
300 http fetch GET 200 https://registry.npmjs.org/@expo%2finline-modules 1166ms (cache revalidated)
301 silly packumentCache corgi:https://registry.npmjs.org/@expo%2finline-modules set size:39718 disposed:false
302 silly packumentCache corgi:https://registry.npmjs.org/babel-preset-expo cache-miss
303 silly packumentCache corgi:https://registry.npmjs.org/expo-constants cache-miss
304 silly packumentCache corgi:https://registry.npmjs.org/expo-asset cache-miss
305 silly packumentCache corgi:https://registry.npmjs.org/expo-file-system cache-miss
306 silly packumentCache corgi:https://registry.npmjs.org/expo-keep-awake cache-miss
307 silly packumentCache corgi:https://registry.npmjs.org/expo-font cache-miss
308 silly packumentCache corgi:https://registry.npmjs.org/@expo%2fdom-webview cache-miss
309 silly packumentCache corgi:https://registry.npmjs.org/@expo%2flog-box cache-miss
310 silly packumentCache corgi:https://registry.npmjs.org/@expo%2fmetro-config cache-miss
311 silly packumentCache corgi:https://registry.npmjs.org/@expo%2frouter-server cache-miss
312 silly packumentCache corgi:https://registry.npmjs.org/expo-status-bar cache-miss
313 http cache https://registry.npmjs.org/expo-asset 303ms (cache hit)
314 silly packumentCache corgi:https://registry.npmjs.org/expo-asset set size:343738 disposed:false
315 http cache https://registry.npmjs.org/expo-font 318ms (cache hit)
316 silly packumentCache corgi:https://registry.npmjs.org/expo-font set size:260741 disposed:false
317 http cache https://registry.npmjs.org/expo-constants 328ms (cache hit)
318 silly packumentCache corgi:https://registry.npmjs.org/expo-constants set size:325641 disposed:false
319 http cache https://registry.npmjs.org/@expo%2flog-box 329ms (cache hit)
320 silly packumentCache corgi:https://registry.npmjs.org/@expo%2flog-box set size:108902 disposed:false
321 http cache https://registry.npmjs.org/@expo%2frouter-server 330ms (cache hit)
322 silly packumentCache corgi:https://registry.npmjs.org/@expo%2frouter-server set size:141171 disposed:false
323 http cache https://registry.npmjs.org/expo-keep-awake 336ms (cache hit)
324 silly packumentCache corgi:https://registry.npmjs.org/expo-keep-awake set size:203955 disposed:false
325 http cache https://registry.npmjs.org/expo-file-system 343ms (cache hit)
326 silly packumentCache corgi:https://registry.npmjs.org/expo-file-system set size:317257 disposed:false
327 http cache https://registry.npmjs.org/@expo%2fdom-webview 346ms (cache hit)
328 silly packumentCache corgi:https://registry.npmjs.org/@expo%2fdom-webview set size:108154 disposed:false
329 http cache https://registry.npmjs.org/babel-preset-expo 353ms (cache hit)
330 silly packumentCache corgi:https://registry.npmjs.org/babel-preset-expo set size:644633 disposed:false
331 http cache https://registry.npmjs.org/expo-status-bar 244ms (cache hit)
332 silly packumentCache corgi:https://registry.npmjs.org/expo-status-bar set size:209910 disposed:false
333 http fetch GET 200 https://registry.npmjs.org/@expo%2fmetro-config 501ms (cache revalidated)
334 silly packumentCache corgi:https://registry.npmjs.org/@expo%2fmetro-config set size:637251 disposed:false
335 silly packumentCache corgi:https://registry.npmjs.org/@expo%2flocal-build-cache-provider cache-miss
336 http fetch GET 200 https://registry.npmjs.org/@expo%2flocal-build-cache-provider 1231ms (cache revalidated)
337 silly packumentCache corgi:https://registry.npmjs.org/@expo%2flocal-build-cache-provider set size:72803 disposed:false
338 silly CHANGE node_modules/@expo/xcpretty
339 silly CHANGE node_modules/@expo/fingerprint
340 silly CHANGE node_modules/@babel/plugin-transform-runtime/node_modules/semver
341 silly CHANGE node_modules/@babel/parser
342 silly CHANGE node_modules/@babel/helper-create-regexp-features-plugin/node_modules/semver
343 silly CHANGE node_modules/@babel/helper-create-class-features-plugin/node_modules/semver
344 silly CHANGE node_modules/@babel/helper-compilation-targets/node_modules/semver
345 silly CHANGE node_modules/@babel/core/node_modules/semver
346 silly CHANGE node_modules/yaml
347 silly CHANGE node_modules/which
348 silly CHANGE node_modules/uuid
349 silly CHANGE node_modules/update-browserslist-db
350 silly CHANGE node_modules/terser
351 silly CHANGE node_modules/semver
352 silly CHANGE node_modules/sandbox-cli-detector
353 silly CHANGE node_modules/resolve
354 silly CHANGE node_modules/regjsparser
355 silly CHANGE node_modules/nanoid
356 silly CHANGE node_modules/mkdirp
357 silly CHANGE node_modules/metro
358 silly CHANGE node_modules/mime
359 silly CHANGE node_modules/metro-symbolicate
360 silly CHANGE node_modules/loose-envify
361 silly CHANGE node_modules/lan-network
362 silly CHANGE node_modules/json5
363 silly CHANGE node_modules/jsesc
364 silly CHANGE node_modules/js-yaml
365 silly CHANGE node_modules/is-docker
366 silly CHANGE node_modules/fb-dotslash
367 silly CHANGE node_modules/expo
368 silly CHANGE node_modules/expo/node_modules/@expo/cli
369 silly CHANGE node_modules/expo-modules-autolinking
370 silly CHANGE node_modules/chrome-launcher
371 silly CHANGE node_modules/browserslist
372 silly CHANGE node_modules/baseline-browser-mapping
373 silly CHANGE node_modules/babel-plugin-polyfill-corejs2/node_modules/semver
374 silly CHANGE node_modules/agent-cli-detector
375 silly CHANGE node_modules/acorn
376 silly CHANGE node_modules/react-native
377 verbose cwd D:\PROJECTS\QuickDevis
378 verbose os Windows_NT 10.0.26200
379 verbose node v24.13.0
380 verbose npm  v11.6.2
381 verbose exit 0
382 info ok
