0 verbose cli D:\nodeJs\node.exe D:\nodeJs\node_modules\npm\bin\npm-cli.js
1 info using npm@11.6.2
2 info using node@v24.13.0
3 silly config load:file:D:\nodeJs\node_modules\npm\npmrc
4 silly config load:file:D:\PROJECTS\QuickDevis\.npmrc
5 silly config load:file:C:\Users\yanni\.npmrc
6 silly config load:file:D:\PROJECTS\QuickDevis\.global-node\etc\npmrc
7 verbose title npm install
8 verbose argv "install"
9 verbose logfile logs-max:10 dir:D:\PROJECTS\QuickDevis\.cache\npm\_logs\2026-09-03T12_09_23_907Z-
10 verbose logfile D:\PROJECTS\QuickDevis\.cache\npm\_logs\2026-09-03T12_09_23_907Z-debug-0.log
11 silly logfile start cleaning logs, removing 1 files
12 silly packumentCache heap:4496293888 maxSize:1124073472 maxEntrySize:562036736
13 silly logfile done cleaning log files
14 silly idealTree buildDeps
15 silly fetch manifest expo-file-system@~57.0.6
16 silly packumentCache full:https://registry.npmjs.org/expo-file-system cache-miss
17 http fetch GET 200 https://registry.npmjs.org/expo-file-system 1209ms (cache revalidated)
18 silly packumentCache full:https://registry.npmjs.org/expo-file-system set size:1199173 disposed:false
19 silly fetch manifest expo@~57.0.19
20 silly packumentCache full:https://registry.npmjs.org/expo cache-miss
21 http fetch GET 200 https://registry.npmjs.org/expo 180ms (cache revalidated)
22 silly packumentCache full:https://registry.npmjs.org/expo set size:4072764 disposed:false
23 silly fetch manifest @expo/metro-runtime@*
24 silly packumentCache full:https://registry.npmjs.org/@expo%2fmetro-runtime cache-miss
25 http fetch GET 200 https://registry.npmjs.org/@expo%2fmetro-runtime 451ms (cache revalidated)
26 silly packumentCache full:https://registry.npmjs.org/@expo%2fmetro-runtime set size:826416 disposed:false
27 silly fetch manifest react@19.2.3
28 silly packumentCache full:https://registry.npmjs.org/react cache-miss
29 http cache https://registry.npmjs.org/react 96ms (cache hit)
30 silly packumentCache full:https://registry.npmjs.org/react set size:6941508 disposed:false
31 silly fetch manifest react-dom@*
32 silly packumentCache full:https://registry.npmjs.org/react-dom cache-miss
33 http fetch GET 200 https://registry.npmjs.org/react-dom 228ms (cache revalidated)
34 silly packumentCache full:https://registry.npmjs.org/react-dom set size:9336812 disposed:false
35 silly fetch manifest react@^19.2.8
36 silly packumentCache full:https://registry.npmjs.org/react cache-miss
37 http cache https://registry.npmjs.org/react 798ms (cache hit)
38 silly packumentCache full:https://registry.npmjs.org/react set size:6941508 disposed:false
39 silly fetch manifest react-native@0.86.3
40 silly packumentCache full:https://registry.npmjs.org/react-native cache-miss
41 http cache https://registry.npmjs.org/react-native 110ms (cache hit)
42 silly packumentCache full:https://registry.npmjs.org/react-native set size:15761994 disposed:false
43 silly fetch manifest @react-native/jest-preset@0.86.3
44 silly packumentCache full:https://registry.npmjs.org/@react-native%2fjest-preset cache-miss
45 http cache https://registry.npmjs.org/@react-native%2fjest-preset 35ms (cache hit)
46 silly packumentCache full:https://registry.npmjs.org/@react-native%2fjest-preset set size:396555 disposed:false
47 silly fetch manifest @types/react@^19.1.1
48 silly packumentCache full:https://registry.npmjs.org/@types%2freact cache-miss
49 http cache https://registry.npmjs.org/@types%2freact 65ms (cache hit)
50 silly packumentCache full:https://registry.npmjs.org/@types%2freact set size:2637439 disposed:false
51 silly fetch manifest react-native-web@*
52 silly packumentCache full:https://registry.npmjs.org/react-native-web cache-miss
53 http fetch GET 200 https://registry.npmjs.org/react-native-web 237ms (cache revalidated)
54 silly packumentCache full:https://registry.npmjs.org/react-native-web set size:1090416 disposed:false
55 silly fetch manifest react-native-webview@*
56 silly packumentCache full:https://registry.npmjs.org/react-native-webview cache-miss
57 http fetch GET 200 https://registry.npmjs.org/react-native-webview 190ms (cache revalidated)
58 silly packumentCache full:https://registry.npmjs.org/react-native-webview set size:1379763 disposed:false
59 silly fetch manifest expo-print@~57.0.1
60 silly packumentCache full:https://registry.npmjs.org/expo-print cache-miss
61 http fetch GET 200 https://registry.npmjs.org/expo-print 519ms (cache miss)
62 silly packumentCache full:https://registry.npmjs.org/expo-print set size:undefined disposed:false
63 silly fetch manifest expo-sharing@~57.0.17
64 silly packumentCache full:https://registry.npmjs.org/expo-sharing cache-miss
65 http fetch GET 200 https://registry.npmjs.org/expo-sharing 449ms (cache miss)
66 silly packumentCache full:https://registry.npmjs.org/expo-sharing set size:undefined disposed:false
67 silly fetch manifest expo-sqlite@~57.0.2
68 silly packumentCache full:https://registry.npmjs.org/expo-sqlite cache-miss
69 http fetch GET 200 https://registry.npmjs.org/expo-sqlite 269ms (cache miss)
70 silly packumentCache full:https://registry.npmjs.org/expo-sqlite set size:undefined disposed:false
71 silly fetch manifest react-native-safe-area-context@~5.7.0
72 silly packumentCache full:https://registry.npmjs.org/react-native-safe-area-context cache-miss
73 http fetch GET 200 https://registry.npmjs.org/react-native-safe-area-context 184ms (cache revalidated)
74 silly packumentCache full:https://registry.npmjs.org/react-native-safe-area-context set size:682709 disposed:false
75 silly fetch manifest react-native-screens@~4.26.0
76 silly packumentCache full:https://registry.npmjs.org/react-native-screens cache-miss
77 http fetch GET 200 https://registry.npmjs.org/react-native-screens 613ms (cache miss)
78 silly packumentCache full:https://registry.npmjs.org/react-native-screens set size:undefined disposed:false
79 silly placeDep ROOT expo-file-system@57.0.6 OK for: quickdevis@1.0.0 want: ~57.0.6
80 silly placeDep ROOT expo-print@57.0.1 OK for: quickdevis@1.0.0 want: ~57.0.1
81 silly placeDep ROOT expo-sharing@57.0.17 OK for: quickdevis@1.0.0 want: ~57.0.17
82 silly placeDep ROOT expo-sqlite@57.0.2 OK for: quickdevis@1.0.0 want: ~57.0.2
83 silly placeDep ROOT react-native-safe-area-context@5.7.0 OK for: quickdevis@1.0.0 want: ~5.7.0
84 silly placeDep ROOT react-native-screens@4.26.2 OK for: quickdevis@1.0.0 want: ~4.26.0
85 silly fetch manifest await-lock@^2.2.2
86 silly packumentCache full:https://registry.npmjs.org/await-lock cache-miss
87 silly fetch manifest warn-once@^0.1.0
88 silly packumentCache full:https://registry.npmjs.org/warn-once cache-miss
89 silly fetch manifest react-freeze@^1.0.0
90 silly packumentCache full:https://registry.npmjs.org/react-freeze cache-miss
91 http fetch GET 200 https://registry.npmjs.org/await-lock 305ms (cache miss)
92 silly packumentCache full:https://registry.npmjs.org/await-lock set size:undefined disposed:false
93 http fetch GET 200 https://registry.npmjs.org/warn-once 828ms (cache miss)
94 silly packumentCache full:https://registry.npmjs.org/warn-once set size:undefined disposed:false
95 http fetch GET 200 https://registry.npmjs.org/react-freeze 832ms (cache miss)
96 silly packumentCache full:https://registry.npmjs.org/react-freeze set size:undefined disposed:false
97 silly placeDep ROOT await-lock@2.2.2 OK for: expo-sqlite@57.0.2 want: ^2.2.2
98 silly fetch manifest react@*
99 silly packumentCache full:https://registry.npmjs.org/react cache-miss
100 http cache https://registry.npmjs.org/react 233ms (cache hit)
101 silly packumentCache full:https://registry.npmjs.org/react set size:6941508 disposed:false
102 silly placeDep ROOT react-freeze@1.0.4 OK for: react-native-screens@4.26.2 want: ^1.0.0
103 silly placeDep ROOT warn-once@0.1.1 OK for: react-native-screens@4.26.2 want: ^0.1.0
104 silly reify mark retired [
104 silly reify   'D:\\PROJECTS\\QuickDevis\\node_modules\\expo\\node_modules\\expo-file-system'
104 silly reify ]
105 silly reify moves {
105 silly reify   'D:\\PROJECTS\\QuickDevis\\node_modules\\expo\\node_modules\\expo-file-system': 'D:\\PROJECTS\\QuickDevis\\node_modules\\expo\\node_modules\\.expo-file-system-UR12OkqN'
105 silly reify }
106 silly audit bulk request {
106 silly audit   '@babel/code-frame': [ '7.29.7' ],
106 silly audit   '@babel/compat-data': [ '7.29.7' ],
106 silly audit   '@babel/core': [ '7.29.7' ],
106 silly audit   semver: [ '6.3.1', '7.8.5' ],
106 silly audit   '@babel/generator': [ '7.29.8' ],
106 silly audit   '@babel/helper-annotate-as-pure': [ '7.29.7' ],
106 silly audit   '@babel/helper-compilation-targets': [ '7.29.7' ],
106 silly audit   '@babel/helper-create-class-features-plugin': [ '7.29.7' ],
106 silly audit   '@babel/helper-create-regexp-features-plugin': [ '7.29.7' ],
106 silly audit   '@babel/helper-define-polyfill-provider': [ '0.6.8' ],
106 silly audit   '@babel/helper-globals': [ '7.29.7' ],
106 silly audit   '@babel/helper-member-expression-to-functions': [ '7.29.7' ],
106 silly audit   '@babel/helper-module-imports': [ '7.29.7' ],
106 silly audit   '@babel/helper-module-transforms': [ '7.29.7' ],
106 silly audit   '@babel/helper-optimise-call-expression': [ '7.29.7' ],
106 silly audit   '@babel/helper-plugin-utils': [ '7.29.7' ],
106 silly audit   '@babel/helper-remap-async-to-generator': [ '7.29.7' ],
106 silly audit   '@babel/helper-replace-supers': [ '7.29.7' ],
106 silly audit   '@babel/helper-skip-transparent-expression-wrappers': [ '7.29.7' ],
106 silly audit   '@babel/helper-string-parser': [ '7.29.7' ],
106 silly audit   '@babel/helper-validator-identifier': [ '7.29.7' ],
106 silly audit   '@babel/helper-validator-option': [ '7.29.7' ],
106 silly audit   '@babel/helper-wrap-function': [ '7.29.7' ],
106 silly audit   '@babel/helpers': [ '7.29.7' ],
106 silly audit   '@babel/parser': [ '7.29.8' ],
106 silly audit   '@babel/plugin-proposal-decorators': [ '7.29.7' ],
106 silly audit   '@babel/plugin-proposal-export-default-from': [ '7.29.7' ],
106 silly audit   '@babel/plugin-syntax-decorators': [ '7.29.7' ],
106 silly audit   '@babel/plugin-syntax-dynamic-import': [ '7.8.3' ],
106 silly audit   '@babel/plugin-syntax-export-default-from': [ '7.29.7' ],
106 silly audit   '@babel/plugin-syntax-flow': [ '7.29.7' ],
106 silly audit   '@babel/plugin-syntax-jsx': [ '7.29.7' ],
106 silly audit   '@babel/plugin-syntax-nullish-coalescing-operator': [ '7.8.3' ],
106 silly audit   '@babel/plugin-syntax-optional-chaining': [ '7.8.3' ],
106 silly audit   '@babel/plugin-syntax-typescript': [ '7.29.7' ],
106 silly audit   '@babel/plugin-transform-async-generator-functions': [ '7.29.7' ],
106 silly audit   '@babel/plugin-transform-async-to-generator': [ '7.29.7' ],
106 silly audit   '@babel/plugin-transform-block-scoping': [ '7.29.7' ],
106 silly audit   '@babel/plugin-transform-class-properties': [ '7.29.7' ],
106 silly audit   '@babel/plugin-transform-class-static-block': [ '7.29.7' ],
106 silly audit   '@babel/plugin-transform-classes': [ '7.29.7' ],
106 silly audit   '@babel/plugin-transform-destructuring': [ '7.29.7' ],
106 silly audit   '@babel/plugin-transform-export-namespace-from': [ '7.29.7' ],
106 silly audit   '@babel/plugin-transform-flow-strip-types': [ '7.29.7' ],
106 silly audit   '@babel/plugin-transform-for-of': [ '7.29.7' ],
106 silly audit   '@babel/plugin-transform-logical-assignment-operators': [ '7.29.7' ],
106 silly audit   '@babel/plugin-transform-modules-commonjs': [ '7.29.7' ],
106 silly audit   '@babel/plugin-transform-named-capturing-groups-regex': [ '7.29.7' ],
106 silly audit   '@babel/plugin-transform-nullish-coalescing-operator': [ '7.29.7' ],
106 silly audit   '@babel/plugin-transform-object-rest-spread': [ '7.29.7' ],
106 silly audit   '@babel/plugin-transform-optional-catch-binding': [ '7.29.7' ],
106 silly audit   '@babel/plugin-transform-optional-chaining': [ '7.29.7' ],
106 silly audit   '@babel/plugin-transform-parameters': [ '7.29.7' ],
106 silly audit   '@babel/plugin-transform-private-methods': [ '7.29.7' ],
106 silly audit   '@babel/plugin-transform-private-property-in-object': [ '7.29.7' ],
106 silly audit   '@babel/plugin-transform-react-display-name': [ '7.29.7' ],
106 silly audit   '@babel/plugin-transform-react-jsx': [ '7.29.7' ],
106 silly audit   '@babel/plugin-transform-react-jsx-development': [ '7.29.7' ],
106 silly audit   '@babel/plugin-transform-react-pure-annotations': [ '7.29.7' ],
106 silly audit   '@babel/plugin-transform-runtime': [ '7.29.7' ],
106 silly audit   '@babel/plugin-transform-typescript': [ '7.29.7' ],
106 silly audit   '@babel/plugin-transform-unicode-regex': [ '7.29.7' ],
106 silly audit   '@babel/preset-typescript': [ '7.29.7' ],
106 silly audit   '@babel/runtime': [ '7.29.7' ],
106 silly audit   '@babel/template': [ '7.29.7' ],
106 silly audit   '@babel/traverse': [ '7.29.8' ],
106 silly audit   '@babel/types': [ '7.29.8' ],
106 silly audit   '@expo/code-signing-certificates': [ '0.0.6' ],
106 silly audit   '@expo/config': [ '57.0.9' ],
106 silly audit   '@expo/config-plugins': [ '57.0.9' ],
106 silly audit   '@expo/config-types': [ '57.0.2' ],
106 silly audit   '@expo/devcert': [ '1.2.1' ],
106 silly audit   debug: [ '3.2.7', '2.6.9', '4.4.3' ],
106 silly audit   '@expo/devtools': [ '57.0.1' ],
106 silly audit   '@expo/env': [ '2.4.3' ],
106 silly audit   '@expo/expo-modules-macros-plugin': [ '0.6.1' ],
106 silly audit   '@expo/fingerprint': [ '0.20.12' ],
106 silly audit   '@expo/image-utils': [ '0.11.5' ],
106 silly audit   '@expo/inline-modules': [ '0.1.7' ],
106 silly audit   '@expo/json-file': [ '11.0.1' ],
106 silly audit   '@expo/local-build-cache-provider': [ '57.0.8' ],
106 silly audit   '@expo/metro': [ '56.0.2' ],
106 silly audit   '@expo/metro-file-map': [ '57.0.2' ],
106 silly audit   '@expo/osascript': [ '2.7.1' ],
106 silly audit   '@expo/package-manager': [ '1.13.1' ],
106 silly audit   '@expo/plist': [ '0.8.1' ],
106 silly audit   '@expo/prebuild-config': [ '57.0.15' ],
106 silly audit   '@expo/require-utils': [ '57.0.5' ],
106 silly audit   '@expo/schema-utils': [ '57.0.2' ],
106 silly audit   '@expo/sdk-runtime-versions': [ '1.0.0' ],
106 silly audit   '@expo/spawn-async': [ '1.8.0' ],
106 silly audit   '@expo/sudo-prompt': [ '9.3.2' ],
106 silly audit   '@expo/xcpretty': [ '4.4.4' ],
106 silly audit   '@isaacs/ttlcache': [ '1.4.1' ],
106 silly audit   '@jest/schemas': [ '29.6.3' ],
106 silly audit   '@jest/types': [ '29.6.3' ],
106 silly audit   '@jridgewell/gen-mapping': [ '0.3.13' ],
106 silly audit   '@jridgewell/remapping': [ '2.3.5' ],
106 silly audit   '@jridgewell/resolve-uri': [ '3.1.2' ],
106 silly audit   '@jridgewell/source-map': [ '0.3.11' ],
106 silly audit   '@jridgewell/sourcemap-codec': [ '1.6.0' ],
106 silly audit   '@jridgewell/trace-mapping': [ '0.3.31' ],
106 silly audit   '@react-native/assets-registry': [ '0.86.3' ],
106 silly audit   '@react-native/babel-plugin-codegen': [ '0.86.3' ],
106 silly audit   '@react-native/codegen': [ '0.86.3' ],
106 silly audit   'hermes-estree': [ '0.36.0', '0.36.1', '0.35.0' ],
106 silly audit   'hermes-parser': [ '0.36.0', '0.36.1', '0.35.0' ],
106 silly audit   '@react-native/community-cli-plugin': [ '0.86.3' ],
106 silly audit   '@react-native/debugger-frontend': [ '0.86.3' ],
106 silly audit   '@react-native/debugger-shell': [ '0.86.3' ],
106 silly audit   '@react-native/dev-middleware': [ '0.86.3' ],
106 silly audit   '@react-native/gradle-plugin': [ '0.86.3' ],
106 silly audit   '@react-native/js-polyfills': [ '0.86.3' ],
106 silly audit   '@react-native/normalize-colors': [ '0.86.3' ],
106 silly audit   '@react-native/virtualized-lists': [ '0.86.3' ],
106 silly audit   '@sinclair/typebox': [ '0.27.12' ],
106 silly audit   '@types/istanbul-lib-coverage': [ '2.0.6' ],
106 silly audit   '@types/istanbul-lib-report': [ '3.0.3' ],
106 silly audit   '@types/istanbul-reports': [ '3.0.4' ],
106 silly audit   '@types/node': [ '26.4.1' ],
106 silly audit   '@types/yargs': [ '17.0.35' ],
106 silly audit   '@types/yargs-parser': [ '21.0.3' ],
106 silly audit   '@ungap/structured-clone': [ '1.4.0' ],
106 silly audit   '@xmldom/xmldom': [ '0.8.15', '0.9.12' ],
106 silly audit   'abort-controller': [ '3.0.0' ],
106 silly audit   accepts: [ '2.0.0', '1.3.8' ],
106 silly audit   acorn: [ '8.18.0' ],
106 silly audit   'agent-base': [ '7.1.4' ],
106 silly audit   'agent-cli-detector': [ '0.1.7' ],
106 silly audit   anser: [ '1.4.10' ],
106 silly audit   'ansi-escapes': [ '4.3.2' ],
106 silly audit   'type-fest': [ '0.21.3', '0.7.1' ],
106 silly audit   'ansi-regex': [ '5.0.1', '4.1.1' ],
106 silly audit   'ansi-styles': [ '4.3.0', '3.2.1', '5.2.0' ],
106 silly audit   arg: [ '5.0.2' ],
106 silly audit   argparse: [ '2.0.1' ],
106 silly audit   asap: [ '2.0.6' ],
106 silly audit   'babel-plugin-polyfill-corejs2': [ '0.4.17' ],
106 silly audit   'babel-plugin-polyfill-corejs3': [ '0.13.0' ],
106 silly audit   'babel-plugin-polyfill-regenerator': [ '0.6.8' ],
106 silly audit   'babel-plugin-react-compiler': [ '1.0.0' ],
106 silly audit   'babel-plugin-react-native-web': [ '0.21.2' ],
106 silly audit   'babel-plugin-syntax-hermes-parser': [ '0.36.0' ],
106 silly audit   'babel-plugin-transform-flow-enums': [ '0.0.2' ],
106 silly audit   'balanced-match': [ '4.0.4' ],
106 silly audit   'base64-js': [ '1.5.1' ],
106 silly audit   'baseline-browser-mapping': [ '2.11.20' ],
106 silly audit   'big-integer': [ '1.6.52' ],
106 silly audit   'bplist-creator': [ '0.1.0' ],
106 silly audit   'bplist-parser': [ '0.3.1' ],
106 silly audit   'brace-expansion': [ '5.0.9' ],
106 silly audit   braces: [ '3.0.3' ],
106 silly audit   browserslist: [ '4.28.8' ],
106 silly audit   bser: [ '2.1.1' ],
106 silly audit   'buffer-from': [ '1.1.2' ],
106 silly audit   bytes: [ '3.1.2' ],
106 silly audit   camelcase: [ '6.3.0' ],
106 silly audit   'caniuse-lite': [ '1.0.30001810' ],
106 silly audit   chalk: [ '4.1.2', '2.4.2' ],
106 silly audit   'chrome-launcher': [ '0.15.2' ],
106 silly audit   'chromium-edge-launcher': [ '0.3.0' ],
106 silly audit   'ci-info': [ '2.0.0', '3.9.0' ],
106 silly audit   'cli-cursor': [ '2.1.0' ],
106 silly audit   'cli-spinners': [ '2.9.2' ],
106 silly audit   cliui: [ '8.0.1' ],
106 silly audit   clone: [ '1.0.4' ],
106 silly audit   'color-convert': [ '2.0.1', '1.9.3' ],
106 silly audit   'color-name': [ '1.1.4', '1.1.3' ],
106 silly audit   commander: [ '7.2.0', '12.1.0', '2.20.3' ],
106 silly audit   compressible: [ '2.0.18' ],
106 silly audit   compression: [ '1.8.1' ],
106 silly audit   ms: [ '2.0.0', '2.1.3' ],
106 silly audit   negotiator: [ '0.6.4', '0.6.3', '1.1.0' ],
106 silly audit   connect: [ '3.7.0' ],
106 silly audit   'content-type': [ '2.1.0' ],
106 silly audit   'convert-source-map': [ '2.0.0' ],
106 silly audit   'core-js-compat': [ '3.50.0' ],
106 silly audit   'cross-spawn': [ '7.0.6' ],
106 silly audit   deepmerge: [ '4.3.1' ],
106 silly audit   defaults: [ '1.0.4' ],
106 silly audit   depd: [ '2.0.0' ],
106 silly audit   destroy: [ '1.2.0' ],
106 silly audit   'detect-libc': [ '2.1.2' ],
106 silly audit   'dnssd-advertise': [ '1.1.6' ],
106 silly audit   'ee-first': [ '1.1.1' ],
106 silly audit   'electron-to-chromium': [ '1.5.420' ],
106 silly audit   'emoji-regex': [ '8.0.0' ],
106 silly audit   encodeurl: [ '1.0.2', '2.0.0' ],
106 silly audit   'error-stack-parser': [ '2.1.4' ],
106 silly audit   'es-errors': [ '1.3.0' ],
106 silly audit   escalade: [ '3.2.0' ],
106 silly audit   'escape-html': [ '1.0.3' ],
106 silly audit   'escape-string-regexp': [ '4.0.0', '1.0.5' ],
106 silly audit   etag: [ '1.8.1' ],
106 silly audit   'event-target-shim': [ '5.0.1' ],
106 silly audit   expo: [ '57.0.19' ],
106 silly audit   'expo-modules-autolinking': [ '57.0.12' ],
106 silly audit   'expo-modules-core': [ '57.0.15' ],
106 silly audit   'expo-modules-jsi': [ '57.0.7' ],
106 silly audit   'expo-server': [ '57.0.3' ],
106 silly audit   'expo-status-bar': [ '57.0.1' ],
106 silly audit   '@expo/cli': [ '57.0.21' ],
106 silly audit   '@expo/router-server': [ '57.0.9' ],
106 silly audit   '@expo/dom-webview': [ '57.0.1' ],
106 silly audit   '@expo/log-box': [ '57.0.4' ],
106 silly audit   '@expo/metro-config': [ '57.0.12' ],
106 silly audit   '@expo/ws-tunnel': [ '2.0.0' ],
106 silly audit   'babel-preset-expo': [ '57.0.10' ],
106 silly audit   'expo-asset': [ '57.0.16' ],
106 silly audit   'expo-constants': [ '57.0.17' ],
106 silly audit   'expo-file-system': [ '57.0.6' ],
106 silly audit   'expo-font': [ '57.0.3' ],
106 silly audit   'expo-keep-awake': [ '57.0.1' ],
106 silly audit   'mime-db': [ '1.52.0', '1.54.0' ],
106 silly audit   'mime-types': [ '2.1.35', '3.0.2' ],
106 silly audit   picomatch: [ '4.0.7', '2.3.2' ],
106 silly audit   ws: [ '8.21.3', '7.5.13' ],
106 silly audit   'exponential-backoff': [ '3.1.3' ],
106 silly audit   'fb-dotslash': [ '0.5.8' ],
106 silly audit   'fb-watchman': [ '2.0.2' ],
106 silly audit   'fetch-nodeshim': [ '0.4.10' ],
106 silly audit   'fill-range': [ '7.1.1' ],
106 silly audit   finalhandler: [ '1.1.2' ],
106 silly audit   'flow-enums-runtime': [ '0.0.6' ],
106 silly audit   fontfaceobserver: [ '2.3.0' ],
106 silly audit   fresh: [ '0.5.2' ],
106 silly audit   'function-bind': [ '1.1.2' ],
106 silly audit   gensync: [ '1.0.0-beta.2' ],
106 silly audit   'get-caller-file': [ '2.0.5' ],
106 silly audit   getenv: [ '2.0.0' ],
106 silly audit   glob: [ '13.0.6' ],
106 silly audit   'graceful-fs': [ '4.2.11' ],
106 silly audit   'has-flag': [ '4.0.0', '3.0.0' ],
106 silly audit   hasown: [ '2.0.4' ],
106 silly audit   'hermes-compiler': [ '250829098.0.17' ],
106 silly audit   'hosted-git-info': [ '7.0.2' ],
106 silly audit   'lru-cache': [ '10.4.3', '5.1.1', '11.5.2' ],
106 silly audit   'http-errors': [ '2.0.1' ],
106 silly audit   statuses: [ '2.0.2', '1.5.0' ],
106 silly audit   'https-proxy-agent': [ '7.0.6' ],
106 silly audit   ignore: [ '5.3.2' ],
106 silly audit   inherits: [ '2.0.4' ],
106 silly audit   invariant: [ '2.2.4' ],
106 silly audit   'is-core-module': [ '2.16.2' ],
106 silly audit   'is-docker': [ '2.2.1' ],
106 silly audit   'is-fullwidth-code-point': [ '3.0.0' ],
106 silly audit   'is-number': [ '7.0.0' ],
106 silly audit   'is-wsl': [ '2.2.0' ],
106 silly audit   isexe: [ '2.0.0' ],
106 silly audit   'jest-get-type': [ '29.6.3' ],
106 silly audit   'jest-util': [ '29.7.0' ],
106 silly audit   'jest-validate': [ '29.7.0' ],
106 silly audit   'jest-worker': [ '29.7.0' ],
106 silly audit   'supports-color': [ '8.1.1', '5.5.0', '7.2.0' ],
106 silly audit   'jimp-compact': [ '0.16.1' ],
106 silly audit   'js-tokens': [ '4.0.0' ],
106 silly audit   'js-yaml': [ '4.3.2' ],
106 silly audit   'jsc-safe-url': [ '0.2.4' ],
106 silly audit   jsesc: [ '3.1.0' ],
106 silly audit   json5: [ '2.2.3' ],
106 silly audit   kleur: [ '3.0.3' ],
106 silly audit   'lan-network': [ '0.2.1' ],
106 silly audit   leven: [ '3.1.0' ],
106 silly audit   'lighthouse-logger': [ '1.4.2' ],
106 silly audit   lightningcss: [ '1.33.0' ],
106 silly audit   'lightningcss-android-arm64': [ '1.33.0' ],
106 silly audit   'lightningcss-darwin-arm64': [ '1.33.0' ],
106 silly audit   'lightningcss-darwin-x64': [ '1.33.0' ],
106 silly audit   'lightningcss-freebsd-x64': [ '1.33.0' ],
106 silly audit   'lightningcss-linux-arm-gnueabihf': [ '1.33.0' ],
106 silly audit   'lightningcss-linux-arm64-gnu': [ '1.33.0' ],
106 silly audit   'lightningcss-linux-arm64-musl': [ '1.33.0' ],
106 silly audit   'lightningcss-linux-x64-gnu': [ '1.33.0' ],
106 silly audit   'lightningcss-linux-x64-musl': [ '1.33.0' ],
106 silly audit   'lightningcss-win32-arm64-msvc': [ '1.33.0' ],
106 silly audit   'lightningcss-win32-x64-msvc': [ '1.33.0' ],
106 silly audit   'lodash.debounce': [ '4.0.8' ],
106 silly audit   'lodash.throttle': [ '4.1.1' ],
106 silly audit   'log-symbols': [ '2.2.0' ],
106 silly audit   'loose-envify': [ '1.4.0' ],
106 silly audit   makeerror: [ '1.0.12' ],
106 silly audit   marky: [ '1.3.0' ],
106 silly audit   'memoize-one': [ '5.2.1' ],
106 silly audit   'merge-stream': [ '2.0.0' ],
106 silly audit   metro: [ '0.84.5' ],
106 silly audit   'metro-babel-transformer': [ '0.84.5' ],
106 silly audit   'metro-cache': [ '0.84.5' ],
106 silly audit   'metro-cache-key': [ '0.84.5' ],
106 silly audit   'metro-config': [ '0.84.5' ],
106 silly audit   'metro-core': [ '0.84.5' ],
106 silly audit   'metro-file-map': [ '0.84.5' ],
106 silly audit   'metro-minify-terser': [ '0.84.5' ],
106 silly audit   'metro-resolver': [ '0.84.5' ],
106 silly audit   'metro-runtime': [ '0.84.5' ],
106 silly audit   'metro-source-map': [ '0.84.5' ],
106 silly audit   'metro-symbolicate': [ '0.84.5' ],
106 silly audit   'metro-transform-plugins': [ '0.84.5' ],
106 silly audit   'metro-transform-worker': [ '0.84.5' ],
106 silly audit   micromatch: [ '4.0.8' ],
106 silly audit   mime: [ '1.6.0' ],
106 silly audit   'mimic-fn': [ '1.2.0' ],
106 silly audit   minimatch: [ '10.2.6' ],
106 silly audit   minipass: [ '7.1.3' ],
106 silly audit   mkdirp: [ '1.0.4' ],
106 silly audit   multitars: [ '1.0.2' ],
106 silly audit   nanoid: [ '3.3.18' ],
106 silly audit   'node-forge': [ '1.4.0' ],
106 silly audit   'node-int64': [ '0.4.0' ],
106 silly audit   'node-releases': [ '2.0.54' ],
106 silly audit   'npm-package-arg': [ '11.0.3' ],
106 silly audit   nullthrows: [ '1.1.1' ],
106 silly audit   ob1: [ '0.84.5' ],
106 silly audit   'on-finished': [ '2.3.0', '2.4.1' ],
106 silly audit   'on-headers': [ '1.1.0' ],
106 silly audit   onetime: [ '2.0.1' ],
106 silly audit   open: [ '7.4.2' ],
106 silly audit   ora: [ '3.4.0' ],
106 silly audit   'strip-ansi': [ '5.2.0', '6.0.1' ],
106 silly audit   'parse-png': [ '2.1.0' ],
106 silly audit   parseurl: [ '1.3.3' ],
106 silly audit   'path-key': [ '3.1.1' ],
106 silly audit   'path-parse': [ '1.0.7' ],
106 silly audit   'path-scurry': [ '2.0.2' ],
106 silly audit   picocolors: [ '1.1.1' ],
106 silly audit   plist: [ '3.1.1' ],
106 silly audit   pngjs: [ '3.4.0' ],
106 silly audit   postcss: [ '8.5.27' ],
106 silly audit   'pretty-format': [ '29.7.0' ],
106 silly audit   'proc-log': [ '4.2.0' ],
106 silly audit   progress: [ '2.0.3' ],
106 silly audit   promise: [ '8.3.0' ],
106 silly audit   prompts: [ '2.4.2' ],
106 silly audit   'range-parser': [ '1.2.1' ],
106 silly audit   react: [ '19.2.3' ],
106 silly audit   'react-devtools-core': [ '6.1.5' ],
106 silly audit   'react-is': [ '18.3.1' ],
106 silly audit   'react-native': [ '0.86.3' ],
106 silly audit   'react-refresh': [ '0.14.2' ],
106 silly audit   regenerate: [ '1.4.2' ],
106 silly audit   'regenerate-unicode-properties': [ '10.2.2' ],
106 silly audit   'regenerator-runtime': [ '0.13.11' ],
106 silly audit   'regexpu-core': [ '6.4.0' ],
106 silly audit   regjsgen: [ '0.8.0' ],
106 silly audit   regjsparser: [ '0.13.2' ],
106 silly audit   'require-directory': [ '2.1.1' ],
106 silly audit   resolve: [ '1.22.12' ],
106 silly audit   'resolve-from': [ '5.0.0' ],
106 silly audit   'resolve-workspace-root': [ '2.0.1' ],
106 silly audit   'restore-cursor': [ '2.0.0' ],
106 silly audit   'safe-buffer': [ '5.2.1' ],
106 silly audit   'sandbox-cli-detector': [ '0.2.0' ],
106 silly audit   sax: [ '1.6.1' ],
106 silly audit   scheduler: [ '0.27.0' ],
106 silly audit   send: [ '0.19.2' ],
106 silly audit   'serialize-error': [ '2.1.0' ],
106 silly audit   'serve-static': [ '1.16.3' ],
106 silly audit   setprototypeof: [ '1.2.0' ],
106 silly audit   'shebang-command': [ '2.0.0' ],
106 silly audit   'shebang-regex': [ '3.0.0' ],
106 silly audit   'shell-quote': [ '1.10.0' ],
106 silly audit   'signal-exit': [ '3.0.7' ],
106 silly audit   'simple-plist': [ '1.3.1' ],
106 silly audit   sisteransi: [ '1.0.5' ],
106 silly audit   slugify: [ '1.6.9' ],
106 silly audit   'source-map': [ '0.5.7', '0.6.1' ],
106 silly audit   'source-map-js': [ '1.2.1' ],
106 silly audit   'source-map-support': [ '0.5.21' ],
106 silly audit   stackframe: [ '1.3.4' ],
106 silly audit   'stacktrace-parser': [ '0.1.11' ],
106 silly audit   'stream-buffers': [ '2.2.0' ],
106 silly audit   'string-width': [ '4.2.3' ],
106 silly audit   'structured-headers': [ '0.4.1' ],
106 silly audit   'supports-hyperlinks': [ '2.3.0' ],
106 silly audit   'supports-preserve-symlinks-flag': [ '1.0.0' ],
106 silly audit   'terminal-link': [ '2.1.1' ],
106 silly audit   terser: [ '5.51.2' ],
106 silly audit   throat: [ '5.0.0' ],
106 silly audit   tinyglobby: [ '0.2.17' ],
106 silly audit   fdir: [ '6.5.0' ],
106 silly audit   tmpl: [ '1.0.5' ],
106 silly audit   'to-regex-range': [ '5.0.1' ],
106 silly audit   toidentifier: [ '1.0.1' ],
106 silly audit   toqr: [ '0.1.1' ],
106 silly audit   'undici-types': [ '8.3.0' ],
106 silly audit   'unicode-canonical-property-names-ecmascript': [ '2.0.1' ],
106 silly audit   'unicode-match-property-ecmascript': [ '2.0.0' ],
106 silly audit   'unicode-match-property-value-ecmascript': [ '2.2.1' ],
106 silly audit   'unicode-property-aliases-ecmascript': [ '2.2.0' ],
106 silly audit   unpipe: [ '1.0.0' ],
106 silly audit   'update-browserslist-db': [ '1.3.2' ],
106 silly audit   'utils-merge': [ '1.0.1' ],
106 silly audit   uuid: [ '7.0.3' ],
106 silly audit   'validate-npm-package-name': [ '5.0.1' ],
106 silly audit   vary: [ '1.1.2' ],
106 silly audit   vlq: [ '1.0.1' ],
106 silly audit   walker: [ '1.0.8' ],
106 silly audit   wcwidth: [ '1.0.1' ],
106 silly audit   'whatwg-fetch': [ '3.6.20' ],
106 silly audit   'whatwg-url-minimum': [ '0.1.2' ],
106 silly audit   which: [ '2.0.2' ],
106 silly audit   'wrap-ansi': [ '7.0.0' ],
106 silly audit   xcode: [ '3.0.1' ],
106 silly audit   xml2js: [ '0.6.0' ],
106 silly audit   xmlbuilder: [ '11.0.1', '15.1.1' ],
106 silly audit   y18n: [ '5.0.8' ],
106 silly audit   yallist: [ '3.1.1' ],
106 silly audit   yaml: [ '2.9.0' ],
106 silly audit   yargs: [ '17.7.3' ],
106 silly audit   'yargs-parser': [ '21.1.1' ],
106 silly audit   zod: [ '3.25.76' ],
106 silly audit   'expo-print': [ '57.0.1' ],
106 silly audit   'expo-sharing': [ '57.0.17' ],
106 silly audit   'expo-sqlite': [ '57.0.2' ],
106 silly audit   'react-native-safe-area-context': [ '5.7.0' ],
106 silly audit   'react-native-screens': [ '4.26.2' ],
106 silly audit   'await-lock': [ '2.2.2' ],
106 silly audit   'react-freeze': [ '1.0.4' ],
106 silly audit   'warn-once': [ '0.1.1' ]
106 silly audit }
107 http cache warn-once@https://registry.npmjs.org/warn-once/-/warn-once-0.1.1.tgz 0ms (cache hit)
108 http cache react-freeze@https://registry.npmjs.org/react-freeze/-/react-freeze-1.0.4.tgz 0ms (cache hit)
109 http cache await-lock@https://registry.npmjs.org/await-lock/-/await-lock-2.2.2.tgz 0ms (cache hit)
110 http cache react-native-screens@https://registry.npmjs.org/react-native-screens/-/react-native-screens-4.26.2.tgz 0ms (cache hit)
111 http cache react-native-safe-area-context@https://registry.npmjs.org/react-native-safe-area-context/-/react-native-safe-area-context-5.7.0.tgz 0ms (cache hit)
112 http cache expo-sqlite@https://registry.npmjs.org/expo-sqlite/-/expo-sqlite-57.0.2.tgz 0ms (cache hit)
113 http cache expo-sharing@https://registry.npmjs.org/expo-sharing/-/expo-sharing-57.0.17.tgz 2ms (cache hit)
114 http cache expo-print@https://registry.npmjs.org/expo-print/-/expo-print-57.0.1.tgz 0ms (cache hit)
115 silly tarball no local data for warn-once@https://registry.npmjs.org/warn-once/-/warn-once-0.1.1.tgz. Extracting by manifest.
116 silly tarball no local data for react-freeze@https://registry.npmjs.org/react-freeze/-/react-freeze-1.0.4.tgz. Extracting by manifest.
117 silly tarball no local data for await-lock@https://registry.npmjs.org/await-lock/-/await-lock-2.2.2.tgz. Extracting by manifest.
118 http cache expo-file-system@https://registry.npmjs.org/expo-file-system/-/expo-file-system-57.0.6.tgz 0ms (cache hit)
119 silly tarball no local data for react-native-screens@https://registry.npmjs.org/react-native-screens/-/react-native-screens-4.26.2.tgz. Extracting by manifest.
120 silly tarball no local data for react-native-safe-area-context@https://registry.npmjs.org/react-native-safe-area-context/-/react-native-safe-area-context-5.7.0.tgz. Extracting by manifest.
121 silly tarball no local data for expo-sqlite@https://registry.npmjs.org/expo-sqlite/-/expo-sqlite-57.0.2.tgz. Extracting by manifest.
122 silly tarball no local data for expo-sharing@https://registry.npmjs.org/expo-sharing/-/expo-sharing-57.0.17.tgz. Extracting by manifest.
123 silly tarball no local data for expo-print@https://registry.npmjs.org/expo-print/-/expo-print-57.0.1.tgz. Extracting by manifest.
124 http fetch POST 200 https://registry.npmjs.org/-/npm/v1/security/advisories/bulk 563ms
125 silly audit report {
125 silly audit report   uuid: [
125 silly audit report     {
125 silly audit report       id: 1119441,
125 silly audit report       url: 'https://github.com/advisories/GHSA-w5hq-g745-h8pq',
125 silly audit report       title: 'uuid: Missing buffer bounds check in v3/v5/v6 when buf is provided',
125 silly audit report       severity: 'moderate',
125 silly audit report       vulnerable_versions: '<11.1.1',
125 silly audit report       cwe: [Array],
125 silly audit report       cvss: [Object]
125 silly audit report     }
125 silly audit report   ]
125 silly audit report }
126 silly packumentCache corgi:https://registry.npmjs.org/uuid cache-miss
127 http cache https://registry.npmjs.org/uuid 450ms (cache hit)
128 silly packumentCache corgi:https://registry.npmjs.org/uuid set size:84321 disposed:false
129 silly packumentCache corgi:https://registry.npmjs.org/xcode cache-miss
130 http fetch GET 200 https://registry.npmjs.org/warn-once/-/warn-once-0.1.1.tgz 981ms (cache miss)
131 http cache https://registry.npmjs.org/xcode 127ms (cache hit)
132 silly packumentCache corgi:https://registry.npmjs.org/xcode set size:1850340 disposed:false
133 silly packumentCache corgi:https://registry.npmjs.org/@expo%2fconfig-plugins cache-miss
134 http fetch GET 200 https://registry.npmjs.org/react-freeze/-/react-freeze-1.0.4.tgz 1267ms (cache miss)
135 http cache https://registry.npmjs.org/@expo%2fconfig-plugins 128ms (cache hit)
136 silly packumentCache corgi:https://registry.npmjs.org/@expo%2fconfig-plugins set size:447189 disposed:false
137 silly packumentCache corgi:https://registry.npmjs.org/@expo%2fconfig cache-miss
138 silly packumentCache corgi:https://registry.npmjs.org/@expo%2finline-modules cache-miss
139 silly packumentCache corgi:https://registry.npmjs.org/@expo%2fprebuild-config cache-miss
140 silly packumentCache corgi:https://registry.npmjs.org/expo cache-miss
141 silly packumentCache corgi:https://registry.npmjs.org/@expo%2fcli cache-miss
142 silly packumentCache corgi:https://registry.npmjs.org/expo-sharing cache-miss
143 http cache https://registry.npmjs.org/@expo%2fconfig 182ms (cache hit)
144 silly packumentCache corgi:https://registry.npmjs.org/@expo%2fconfig set size:574374 disposed:false
145 http cache https://registry.npmjs.org/@expo%2finline-modules 194ms (cache hit)
146 silly packumentCache corgi:https://registry.npmjs.org/@expo%2finline-modules set size:39718 disposed:false
147 http cache https://registry.npmjs.org/expo 201ms (cache hit)
148 silly packumentCache corgi:https://registry.npmjs.org/expo set size:1874368 disposed:false
149 http cache https://registry.npmjs.org/@expo%2fprebuild-config 248ms (cache hit)
150 silly packumentCache corgi:https://registry.npmjs.org/@expo%2fprebuild-config set size:426850 disposed:false
151 http cache https://registry.npmjs.org/@expo%2fcli 295ms (cache hit)
152 silly packumentCache corgi:https://registry.npmjs.org/@expo%2fcli set size:1812468 disposed:false
153 http fetch GET 200 https://registry.npmjs.org/await-lock/-/await-lock-2.2.2.tgz 1669ms (cache miss)
154 http fetch GET 200 https://registry.npmjs.org/expo-sharing 778ms (cache miss)
155 silly packumentCache corgi:https://registry.npmjs.org/expo-sharing set size:undefined disposed:false
156 silly packumentCache corgi:https://registry.npmjs.org/@expo%2flocal-build-cache-provider cache-miss
157 silly packumentCache corgi:https://registry.npmjs.org/@expo%2fmetro-config cache-miss
158 http cache https://registry.npmjs.org/@expo%2fmetro-config 111ms (cache hit)
159 silly packumentCache corgi:https://registry.npmjs.org/@expo%2fmetro-config set size:637251 disposed:false
160 http cache https://registry.npmjs.org/@expo%2flocal-build-cache-provider 146ms (cache hit)
161 silly packumentCache corgi:https://registry.npmjs.org/@expo%2flocal-build-cache-provider set size:72803 disposed:false
162 silly packumentCache corgi:https://registry.npmjs.org/expo-status-bar cache-miss
163 silly packumentCache corgi:https://registry.npmjs.org/@expo%2frouter-server cache-miss
164 silly packumentCache corgi:https://registry.npmjs.org/@expo%2fdom-webview cache-miss
165 silly packumentCache corgi:https://registry.npmjs.org/@expo%2flog-box cache-miss
166 silly packumentCache corgi:https://registry.npmjs.org/babel-preset-expo cache-miss
167 silly packumentCache corgi:https://registry.npmjs.org/expo-asset cache-miss
168 silly packumentCache corgi:https://registry.npmjs.org/expo-constants cache-miss
169 silly packumentCache corgi:https://registry.npmjs.org/expo-font cache-miss
170 silly packumentCache corgi:https://registry.npmjs.org/expo-keep-awake cache-miss
171 silly packumentCache corgi:https://registry.npmjs.org/expo-file-system cache-miss
172 silly packumentCache corgi:https://registry.npmjs.org/expo-print cache-miss
173 silly packumentCache corgi:https://registry.npmjs.org/expo-sqlite cache-miss
174 http fetch GET 200 https://registry.npmjs.org/expo-status-bar 1498ms (cache revalidated)
175 silly packumentCache corgi:https://registry.npmjs.org/expo-status-bar set size:209910 disposed:false
176 http fetch GET 200 https://registry.npmjs.org/expo-asset 1531ms (cache revalidated)
177 silly packumentCache corgi:https://registry.npmjs.org/expo-asset set size:343738 disposed:false
178 http fetch GET 200 https://registry.npmjs.org/@expo%2fdom-webview 1558ms (cache revalidated)
179 silly packumentCache corgi:https://registry.npmjs.org/@expo%2fdom-webview set size:108154 disposed:false
180 http fetch GET 200 https://registry.npmjs.org/babel-preset-expo 1560ms (cache revalidated)
181 silly packumentCache corgi:https://registry.npmjs.org/babel-preset-expo set size:644633 disposed:false
182 http fetch GET 200 https://registry.npmjs.org/@expo%2frouter-server 1580ms (cache revalidated)
183 silly packumentCache corgi:https://registry.npmjs.org/@expo%2frouter-server set size:141171 disposed:false
184 http fetch GET 200 https://registry.npmjs.org/@expo%2flog-box 1583ms (cache revalidated)
185 silly packumentCache corgi:https://registry.npmjs.org/@expo%2flog-box set size:108902 disposed:false
186 http fetch GET 200 https://registry.npmjs.org/expo-file-system 1686ms (cache revalidated)
187 silly packumentCache corgi:https://registry.npmjs.org/expo-file-system set size:317257 disposed:false
188 http fetch GET 200 https://registry.npmjs.org/expo-constants 1756ms (cache revalidated)
189 silly packumentCache corgi:https://registry.npmjs.org/expo-constants set size:325641 disposed:false
190 http fetch GET 200 https://registry.npmjs.org/expo-print 1776ms (cache miss)
191 silly packumentCache corgi:https://registry.npmjs.org/expo-print set size:undefined disposed:false
192 http fetch GET 200 https://registry.npmjs.org/expo-font 1947ms (cache revalidated)
193 silly packumentCache corgi:https://registry.npmjs.org/expo-font set size:260741 disposed:false
194 http fetch GET 200 https://registry.npmjs.org/expo-keep-awake 2028ms (cache revalidated)
195 silly packumentCache corgi:https://registry.npmjs.org/expo-keep-awake set size:203955 disposed:false
196 http fetch GET 200 https://registry.npmjs.org/expo-sqlite 2591ms (cache miss)
197 silly packumentCache corgi:https://registry.npmjs.org/expo-sqlite set size:undefined disposed:false
198 http fetch GET 200 https://registry.npmjs.org/expo-print/-/expo-print-57.0.1.tgz 11016ms (cache miss)
199 http fetch GET 200 https://registry.npmjs.org/expo-sharing/-/expo-sharing-57.0.17.tgz 15035ms (cache miss)
200 http fetch GET 200 https://registry.npmjs.org/react-native-safe-area-context/-/react-native-safe-area-context-5.7.0.tgz 15359ms (cache miss)
201 http fetch GET 200 https://registry.npmjs.org/expo-sqlite/-/expo-sqlite-57.0.2.tgz 23947ms (cache miss)
202 http fetch GET 200 https://registry.npmjs.org/react-native-screens/-/react-native-screens-4.26.2.tgz 45324ms (cache miss)
203 silly ADD node_modules/warn-once
204 silly ADD node_modules/react-freeze
205 silly ADD node_modules/await-lock
206 silly ADD node_modules/react-native-screens
207 silly ADD node_modules/react-native-safe-area-context
208 silly ADD node_modules/expo-sqlite
209 silly ADD node_modules/expo-sharing
210 silly ADD node_modules/expo-print
211 silly ADD node_modules/expo-file-system
212 silly REMOVE node_modules/expo/node_modules/expo-file-system
213 verbose cwd D:\PROJECTS\QuickDevis
214 verbose os Windows_NT 10.0.26200
215 verbose node v24.13.0
216 verbose npm  v11.6.2
217 verbose exit 0
218 info ok
