0 verbose cli D:\nodeJs\node.exe D:\nodeJs\node_modules\npm\bin\npm-cli.js
1 info using npm@11.6.2
2 info using node@v24.13.0
3 silly config load:file:D:\nodeJs\node_modules\npm\npmrc
4 silly config load:file:D:\PROJECTS\QuickDevis\.npmrc
5 silly config load:file:C:\Users\yanni\.npmrc
6 silly config load:file:C:\Users\yanni\AppData\Roaming\npm\etc\npmrc
7 verbose title npm pkg set private
8 verbose argv "pkg" "set" "private" "--json" "true"
9 verbose logfile logs-max:10 dir:D:\PROJECTS\QuickDevis\.cache\npm\_logs\2026-09-03T12_05_17_077Z-
10 verbose logfile D:\PROJECTS\QuickDevis\.cache\npm\_logs\2026-09-03T12_05_17_077Z-debug-0.log
11 silly logfile start cleaning logs, removing 1 files
12 silly logfile done cleaning log files
13 verbose stack Error: 
13 verbose stack npm pkg set expects a key=value pair of args.
13 verbose stack
13 verbose stack Manages your package.json
13 verbose stack
13 verbose stack Usage:
13 verbose stack npm pkg set <key>=<value> [<key>=<value> ...]
13 verbose stack npm pkg get [<key> [<key> ...]]
13 verbose stack npm pkg delete <key> [<key> ...]
13 verbose stack npm pkg set [<array>[<index>].<key>=<value> ...]
13 verbose stack npm pkg set [<array>[].<key>=<value> ...]
13 verbose stack npm pkg fix
13 verbose stack
13 verbose stack Options:
13 verbose stack [-f|--force] [--json]
13 verbose stack [-w|--workspace <workspace-name> [-w|--workspace <workspace-name> ...]]
13 verbose stack [--workspaces]
13 verbose stack
13 verbose stack Run "npm help pkg" for more info
13 verbose stack     at Pkg.usageError (D:\nodeJs\node_modules\npm\lib\base-cmd.js:111:26)
13 verbose stack     at setError (D:\nodeJs\node_modules\npm\lib\commands\pkg.js:84:12)
13 verbose stack     at Pkg.set (D:\nodeJs\node_modules\npm\lib\commands\pkg.js:98:15)
13 verbose stack     at async Npm.exec (D:\nodeJs\node_modules\npm\lib\npm.js:208:9)
13 verbose stack     at async module.exports (D:\nodeJs\node_modules\npm\lib\cli\entry.js:67:5)
14 error code EUSAGE
15 error
15 error npm pkg set expects a key=value pair of args.
15 error
15 error Manages your package.json
15 error
15 error Usage:
15 error npm pkg set <key>=<value> [<key>=<value> ...]
15 error npm pkg get [<key> [<key> ...]]
15 error npm pkg delete <key> [<key> ...]
15 error npm pkg set [<array>[<index>].<key>=<value> ...]
15 error npm pkg set [<array>[].<key>=<value> ...]
15 error npm pkg fix
15 error
15 error Options:
15 error [-f|--force] [--json]
15 error [-w|--workspace <workspace-name> [-w|--workspace <workspace-name> ...]]
15 error [--workspaces]
15 error
15 error Run "npm help pkg" for more info
16 verbose cwd D:\PROJECTS\QuickDevis
17 verbose os Windows_NT 10.0.26200
18 verbose node v24.13.0
19 verbose npm  v11.6.2
20 verbose exit 1
21 verbose code 1
22 error A complete log of this run can be found in: D:\PROJECTS\QuickDevis\.cache\npm\_logs\2026-09-03T12_05_17_077Z-debug-0.log
